******************************************************************************
            TI ARM Clang Linker PC v4.0.1                      
******************************************************************************
>> Linked Mon Mar 24 11:12:47 2025

OUTPUT FILE NAME:   <Scratch.out>
ENTRY POINT SYMBOL: "_c_int00_noargs"  address: 00000215


MEMORY CONFIGURATION

         name            origin    length      used     unused   attr    fill
----------------------  --------  ---------  --------  --------  ----  --------
  FLASH                 00000000   00020000  00000308  0001fcf8  R  X
  SRAM                  20200000   00008000  0000021a  00007de6  RW X
  BCR_CONFIG            41c00000   00000080  00000000  00000080  R   
  BSL_CONFIG            41c00100   00000080  00000000  00000080  R   


SEGMENT ALLOCATION MAP

run origin  load origin   length   init length attrs members
----------  ----------- ---------- ----------- ----- -------
00000000    00000000    00000308   00000308    r-x
  00000000    00000000    000000c0   000000c0    r-- .intvecs
  000000c0    000000c0    00000210   00000210    r-x .text
  000002d0    000002d0    00000038   00000038    r-- .cinit
20200000    20200000    0000001a   00000000    rw-
  20200000    20200000    0000001a   00000000    rw- .data
20207e00    20207e00    00000200   00000000    rw-
  20207e00    20207e00    00000200   00000000    rw- .stack


SECTION ALLOCATION MAP

 output                                  attributes/
section   page    origin      length       input sections
--------  ----  ----------  ----------   ----------------
.intvecs   0    00000000    000000c0     
                  00000000    000000c0     startup_mspm0g3507_ticlang.o (.intvecs)

.text      0    000000c0    00000210     
                  000000c0    0000007c     libc.a : copy_decompress_lzss.c.obj (.text:decompress:lzss)
                  0000013c    00000056     libclang_rt.builtins.a : aeabi_idivmod.S.obj (.text.__aeabi_idivmod)
                  00000192    00000002                            : aeabi_div0.c.obj (.text.__aeabi_idiv0)
                  00000194    00000044     main copy.o (.text.Integration)
                  000001d8    0000003c     libc.a : autoinit.c.obj (.text:__TI_auto_init_nobinit_nopinit)
                  00000214    00000028            : boot_cortex_m.c.obj (.text:_c_int00_noargs)
                  0000023c    00000024     main copy.o (.text.main)
                  00000260    0000001c     startup_mspm0g3507_ticlang.o (.text.Default_Handler)
                  0000027c    0000001c     startup_mspm0g3507_ticlang.o (.text.HardFault_Handler)
                  00000298    00000012     libc.a : memcpy16.S.obj (.text:TI_memcpy_small)
                  000002aa    00000012            : copy_decompress_none.c.obj (.text:decompress:none)
                  000002bc    00000008     libclang_rt.builtins.a : aeabi_memcpy.S.obj (.text.__aeabi_memcpy)
                  000002c4    00000004     startup_mspm0g3507_ticlang.o (.text.Reset_Handler)
                  000002c8    00000004     libc.a : pre_init.c.obj (.text._system_pre_init)
                  000002cc    00000004            : exit.c.obj (.text:abort)

.cinit     0    000002d0    00000038     
                  000002d0    00000021     (.cinit..data.load) [load image, compression = lzss]
                  000002f1    00000003     --HOLE-- [fill = 0]
                  000002f4    00000008     (__TI_handler_table)
                  000002fc    00000008     (__TI_cinit_table)
                  00000304    00000004     --HOLE-- [fill = 0]

.init_array 
*          0    00000000    00000000     UNINITIALIZED

.binit     0    00000000    00000000     

.data      0    20200000    0000001a     UNINITIALIZED
                  20200000    00000010     main copy.o (.data.Arr2)
                  20200010    0000000a     main copy.o (.data.Arr1)

.stack     0    20207e00    00000200     UNINITIALIZED
                  20207e00    00000004     libc.a : boot_cortex_m.c.obj (.stack)
                  20207e04    000001fc     --HOLE--

__llvm_prf_cnts 
*          0    20200000    00000000     UNINITIALIZED

__llvm_prf_bits 
*          0    20200000    00000000     UNINITIALIZED

MODULE SUMMARY

       Module                         code   ro data   rw data
       ------                         ----   -------   -------
    .\
       main copy.o                    104    0         26     
    +--+------------------------------+------+---------+---------+
       Total:                         104    0         26     
                                                              
    .\ticlang\
       startup_mspm0g3507_ticlang.o   60     192       0      
    +--+------------------------------+------+---------+---------+
       Total:                         60     192       0      
                                                              
    C:\ti\ccs2000\ccs\tools\compiler\ti-cgt-armllvm_4.0.1.LTS\lib\armv6m-ti-none-eabi/c/libc.a
       copy_decompress_lzss.c.obj     124    0         0      
       autoinit.c.obj                 60     0         0      
       boot_cortex_m.c.obj            40     0         0      
       copy_decompress_none.c.obj     18     0         0      
       memcpy16.S.obj                 18     0         0      
       exit.c.obj                     4      0         0      
       pre_init.c.obj                 4      0         0      
    +--+------------------------------+------+---------+---------+
       Total:                         268    0         0      
                                                              
    C:\ti\ccs2000\ccs\tools\compiler\ti-cgt-armllvm_4.0.1.LTS\lib\armv6m-ti-none-eabi/libclang_rt.builtins.a
       aeabi_idivmod.S.obj            86     0         0      
       aeabi_memcpy.S.obj             8      0         0      
       aeabi_div0.c.obj               2      0         0      
    +--+------------------------------+------+---------+---------+
       Total:                         96     0         0      
                                                              
       Stack:                         0      0         512    
       Linker Generated:              0      49        0      
    +--+------------------------------+------+---------+---------+
       Grand Total:                   528    241       538    


LINKER GENERATED COPY TABLES

__TI_cinit_table @ 000002fc records: 1, size/record: 8, table size: 8
	.data: load addr=000002d0, load size=00000021 bytes, run addr=20200000, run size=0000001a bytes, compression=lzss


LINKER GENERATED HANDLER TABLE

__TI_handler_table @ 000002f4 records: 2, size/record: 4, table size: 8
	index: 0, handler: __TI_decompress_lzss
	index: 1, handler: __TI_decompress_none


GLOBAL SYMBOLS: SORTED ALPHABETICALLY BY Name 

address   name                          
-------   ----                          
00000261  ADC0_IRQHandler               
00000261  ADC1_IRQHandler               
00000261  AES_IRQHandler                
20200010  Arr1                          
20200000  Arr2                          
000002cc  C$$EXIT                       
00000261  CANFD0_IRQHandler             
00000261  DAC0_IRQHandler               
00000261  DMA_IRQHandler                
00000261  Default_Handler               
00000261  GROUP0_IRQHandler             
00000261  GROUP1_IRQHandler             
0000027d  HardFault_Handler             
00000261  I2C0_IRQHandler               
00000261  I2C1_IRQHandler               
00000195  Integration                   
00000261  NMI_Handler                   
00000261  PendSV_Handler                
00000261  RTC_IRQHandler                
000002c5  Reset_Handler                 
00000261  SPI0_IRQHandler               
00000261  SPI1_IRQHandler               
00000261  SVC_Handler                   
00000261  SysTick_Handler               
00000261  TIMA0_IRQHandler              
00000261  TIMA1_IRQHandler              
00000261  TIMG0_IRQHandler              
00000261  TIMG12_IRQHandler             
00000261  TIMG6_IRQHandler              
00000261  TIMG7_IRQHandler              
00000261  TIMG8_IRQHandler              
00000299  TI_memcpy_small               
00000261  UART0_IRQHandler              
00000261  UART1_IRQHandler              
00000261  UART2_IRQHandler              
00000261  UART3_IRQHandler              
20208000  __STACK_END                   
00000200  __STACK_SIZE                  
00000000  __TI_ATRegion0_region_sz      
00000000  __TI_ATRegion0_src_addr       
00000000  __TI_ATRegion0_trg_addr       
00000000  __TI_ATRegion1_region_sz      
00000000  __TI_ATRegion1_src_addr       
00000000  __TI_ATRegion1_trg_addr       
00000000  __TI_ATRegion2_region_sz      
00000000  __TI_ATRegion2_src_addr       
00000000  __TI_ATRegion2_trg_addr       
000002fc  __TI_CINIT_Base               
00000304  __TI_CINIT_Limit              
00000304  __TI_CINIT_Warm               
000002f4  __TI_Handler_Table_Base       
000002fc  __TI_Handler_Table_Limit      
000001d9  __TI_auto_init_nobinit_nopinit
000000c1  __TI_decompress_lzss          
000002ab  __TI_decompress_none          
ffffffff  __TI_pprof_out_hndl           
ffffffff  __TI_prof_data_size           
ffffffff  __TI_prof_data_start          
00000000  __TI_static_base__            
0000013d  __aeabi_idiv                  
00000193  __aeabi_idiv0                 
0000013d  __aeabi_idivmod               
000002bd  __aeabi_memcpy                
000002bd  __aeabi_memcpy4               
000002bd  __aeabi_memcpy8               
ffffffff  __binit__                     
UNDEFED   __mpu_init                    
20207e00  __stack                       
20200000  __start___llvm_prf_bits       
20200000  __start___llvm_prf_cnts       
20200000  __stop___llvm_prf_bits        
20200000  __stop___llvm_prf_cnts        
00000215  _c_int00_noargs               
UNDEFED   _system_post_cinit            
000002c9  _system_pre_init              
000002cd  abort                         
ffffffff  binit                         
00000000  interruptVectors              
0000023d  main                          


GLOBAL SYMBOLS: SORTED BY Symbol Address 

address   name                          
-------   ----                          
00000000  __TI_ATRegion0_region_sz      
00000000  __TI_ATRegion0_src_addr       
00000000  __TI_ATRegion0_trg_addr       
00000000  __TI_ATRegion1_region_sz      
00000000  __TI_ATRegion1_src_addr       
00000000  __TI_ATRegion1_trg_addr       
00000000  __TI_ATRegion2_region_sz      
00000000  __TI_ATRegion2_src_addr       
00000000  __TI_ATRegion2_trg_addr       
00000000  __TI_static_base__            
00000000  interruptVectors              
000000c1  __TI_decompress_lzss          
0000013d  __aeabi_idiv                  
0000013d  __aeabi_idivmod               
00000193  __aeabi_idiv0                 
00000195  Integration                   
000001d9  __TI_auto_init_nobinit_nopinit
00000200  __STACK_SIZE                  
00000215  _c_int00_noargs               
0000023d  main                          
00000261  ADC0_IRQHandler               
00000261  ADC1_IRQHandler               
00000261  AES_IRQHandler                
00000261  CANFD0_IRQHandler             
00000261  DAC0_IRQHandler               
00000261  DMA_IRQHandler                
00000261  Default_Handler               
00000261  GROUP0_IRQHandler             
00000261  GROUP1_IRQHandler             
00000261  I2C0_IRQHandler               
00000261  I2C1_IRQHandler               
00000261  NMI_Handler                   
00000261  PendSV_Handler                
00000261  RTC_IRQHandler                
00000261  SPI0_IRQHandler               
00000261  SPI1_IRQHandler               
00000261  SVC_Handler                   
00000261  SysTick_Handler               
00000261  TIMA0_IRQHandler              
00000261  TIMA1_IRQHandler              
00000261  TIMG0_IRQHandler              
00000261  TIMG12_IRQHandler             
00000261  TIMG6_IRQHandler              
00000261  TIMG7_IRQHandler              
00000261  TIMG8_IRQHandler              
00000261  UART0_IRQHandler              
00000261  UART1_IRQHandler              
00000261  UART2_IRQHandler              
00000261  UART3_IRQHandler              
0000027d  HardFault_Handler             
00000299  TI_memcpy_small               
000002ab  __TI_decompress_none          
000002bd  __aeabi_memcpy                
000002bd  __aeabi_memcpy4               
000002bd  __aeabi_memcpy8               
000002c5  Reset_Handler                 
000002c9  _system_pre_init              
000002cc  C$$EXIT                       
000002cd  abort                         
000002f4  __TI_Handler_Table_Base       
000002fc  __TI_CINIT_Base               
000002fc  __TI_Handler_Table_Limit      
00000304  __TI_CINIT_Limit              
00000304  __TI_CINIT_Warm               
20200000  Arr2                          
20200000  __start___llvm_prf_bits       
20200000  __start___llvm_prf_cnts       
20200000  __stop___llvm_prf_bits        
20200000  __stop___llvm_prf_cnts        
20200010  Arr1                          
20207e00  __stack                       
20208000  __STACK_END                   
ffffffff  __TI_pprof_out_hndl           
ffffffff  __TI_prof_data_size           
ffffffff  __TI_prof_data_start          
ffffffff  __binit__                     
ffffffff  binit                         
UNDEFED   __mpu_init                    
UNDEFED   _system_post_cinit            

[79 symbols]
