******************************************************************************
            TI ARM Clang Linker PC v4.0.1                      
******************************************************************************
>> Linked Wed Mar 26 10:33:25 2025

OUTPUT FILE NAME:   <Spring2022.out>
ENTRY POINT SYMBOL: "_c_int00_noargs"  address: 00002741


MEMORY CONFIGURATION

         name            origin    length      used     unused   attr    fill
----------------------  --------  ---------  --------  --------  ----  --------
  FLASH                 00000000   00020000  00003158  0001cea8  R  X
  SRAM                  20200000   00008000  00000a86  0000757a  RW X
  BCR_CONFIG            41c00000   00000080  00000000  00000080  R   
  BSL_CONFIG            41c00100   00000080  00000000  00000080  R   


SEGMENT ALLOCATION MAP

run origin  load origin   length   init length attrs members
----------  ----------- ---------- ----------- ----- -------
00000000    00000000    00003158   00003158    r-x
  00000000    00000000    000000c0   000000c0    r-- .intvecs
  000000c0    000000c0    000028d0   000028d0    r-x .text
  00002990    00002990    00000738   00000738    r-- .rodata
  000030c8    000030c8    00000090   00000090    r-- .cinit
20200000    20200000    0000088d   00000000    rw-
  20200000    20200000    000004a1   00000000    rw- .bss
  202004a8    202004a8    00000200   00000000    rw- .sysmem
  202006a8    202006a8    000001e5   00000000    rw- .data
20207e00    20207e00    00000200   00000000    rw-
  20207e00    20207e00    00000200   00000000    rw- .stack


SECTION ALLOCATION MAP

 output                                  attributes/
section   page    origin      length       input sections
--------  ----  ----------  ----------   ----------------
.intvecs   0    00000000    000000c0     
                  00000000    000000c0     startup_mspm0g3507_ticlang.o (.intvecs)

.text      0    000000c0    000028d0     
                  000000c0    000001e8     main.o (.text.main)
                  000002a8    000001e0     main.o (.text.Q1_Test)
                  00000488    000001c8     main.o (.text.Q3_Test)
                  00000650    000001b4     Clock.o (.text.Clock_Init80MHz)
                  00000804    00000190     main.o (.text.Q2_Test)
                  00000994    00000160     main.o (.text.Q3_ShowResults)
                  00000af4    00000154     libc.a : fopen.c.obj (.text._openfile)
                  00000c48    00000140     main.o (.text.Q1_SetInput)
                  00000d88    00000130     main.o (.text.Q2_ShowResults)
                  00000eb8    00000118     main.o (.text.SetGrade)
                  00000fd0    00000114     main.o (.text.Count_Points_Correct)
                  000010e4    00000114     libc.a : memory.c.obj (.text.aligned_alloc)
                  000011f8    000000ec     libsysbm.a : add_device.c.obj (.text.add_device)
                  000012e4    000000ea     Exam2CPart.o (.text.Count_Points)
                  000013ce    00000002     libclang_rt.builtins.a : aeabi_div0.c.obj (.text.__aeabi_idiv0)
                  000013d0    000000e8     UARTbusywait.o (.text.UART_Init)
                  000014b8    000000e8     libc.a : memory.c.obj (.text.free)
                  000015a0    000000e0            : setvbuf.c.obj (.text.setvbuf)
                  00001680    000000c0     main.o (.text.Q1_ShowResults)
                  00001740    000000bc     main.o (.text.Q3_SetInput)
                  000017fc    000000a4     main.o (.text.Encrypt)
                  000018a0    000000a0     libsysbm.a : open.c.obj (.text.open)
                  00001940    0000009c     main.o (.text.FindFactorsCorrect)
                  000019dc    0000009c     main.o (.text.Q1_DisplayProblem)
                  00001a78    00000094     main.o (.text.Compute_Correct)
                  00001b0c    00000094     UART.o (.text.UART_InitPrintf)
                  00001ba0    00000088     libc.a : strcmp-armv6m.S.obj (.text:strcmp)
                  00001c28    00000084     LaunchPad.o (.text.LaunchPad_Init)
                  00001cac    0000007c     libc.a : fclose.c.obj (.text.__TI_closefile)
                  00001d28    0000007c            : copy_decompress_lzss.c.obj (.text:decompress:lzss)
                  00001da4    00000078     Func.o (.text)
                  00001e1c    0000006c     libsysbm.a : hostlseek.c.obj (.text.HOSTlseek)
                  00001e88    0000006c                : hostrename.c.obj (.text.HOSTrename)
                  00001ef4    0000006c     libc.a : getdevice.c.obj (.text.getdevice)
                  00001f60    00000064            : memory.c.obj (.text.split)
                  00001fc4    00000060     libsysbm.a : hostopen.c.obj (.text.HOSTopen)
                  00002024    0000005c     main.o (.text.Q2_DisplayProblem)
                  00002080    00000058     libsysbm.a : hostread.c.obj (.text.HOSTread)
                  000020d8    00000058                : hostwrite.c.obj (.text.HOSTwrite)
                  00002130    00000052     libc.a : fflush.c.obj (.text.__TI_doflush)
                  00002182    00000002            : _lock.c.obj (.text._nop)
                  00002184    00000050     main.o (.text.Q2_SetInput)
                  000021d4    00000050     main.o (.text.Q3_SetFirstInput)
                  00002224    00000050     libsysbm.a : close.c.obj (.text.close)
                  00002274    0000004e     Exam2CPart.o (.text.FindFactors)
                  000022c2    00000002     --HOLE-- [fill = 0]
                  000022c4    00000048     libsysbm.a : hostclose.c.obj (.text.HOSTclose)
                  0000230c    00000048                : hostunlink.c.obj (.text.HOSTunlink)
                  00002354    00000048     main.o (.text.Q3_DisplayProblem)
                  0000239c    00000040     libclang_rt.builtins.a : aeabi_uidivmod.S.obj (.text.__aeabi_uidivmod)
                  000023dc    00000040     libc.a : fopen.c.obj (.text._search_fp)
                  0000241c    0000003c            : autoinit.c.obj (.text:__TI_auto_init_nobinit_nopinit)
                  00002458    00000038     LaunchPad.o (.text.ActivatePortA_B)
                  00002490    00000036     UART.o (.text.UART_OutUDec)
                  000024c6    00000002     --HOLE-- [fill = 0]
                  000024c8    00000034     libc.a : fopen.c.obj (.text.__TI_cleanup)
                  000024fc    00000034     libsysbm.a : trgmsg.c.obj (.text.__TI_readmsg)
                  00002530    00000034                : trgmsg.c.obj (.text.__TI_writemsg)
                  00002564    00000034     libc.a : exit.c.obj (.text.exit)
                  00002598    00000034            : getdevice.c.obj (.text.finddevice)
                  000025cc    00000034            : fopen.c.obj (.text.freopen)
                  00002600    00000034     main.o (.text.setUpper)
                  00002634    00000034     UART.o (.text.uart_write)
                  00002668    00000030     libc.a : fopen.c.obj (.text.fopen)
                  00002698    0000002c     UARTbusywait.o (.text.UART_OutChar)
                  000026c4    0000002c     libsysbm.a : unlink.c.obj (.text.unlink)
                  000026f0    00000028     libc.a : memory.c.obj (.text.free_list_insert)
                  00002718    00000028     libsysbm.a : write.c.obj (.text.write)
                  00002740    00000028     libc.a : boot_cortex_m.c.obj (.text:_c_int00_noargs)
                  00002768    00000026     UART.o (.text.UART_OutSDec)
                  0000278e    00000026     UART.o (.text.UART_OutString)
                  000027b4    00000026     UART.o (.text.uart_read)
                  000027da    00000002     --HOLE-- [fill = 0]
                  000027dc    00000026     Exam2ASMPart.o (.text)
                  00002802    00000002     --HOLE-- [fill = 0]
                  00002804    00000020     main.o (.text.Random32)
                  00002824    00000020     UARTbusywait.o (.text.UART_InChar)
                  00002844    0000001c     libc.a : memory.c.obj (.text.free_list_remove)
                  00002860    00000018     main.o (.text.Random)
                  00002878    00000014     UART.o (.text.uart_open)
                  0000288c    00000012     libc.a : memcpy16.S.obj (.text:TI_memcpy_small)
                  0000289e    00000012            : copy_decompress_none.c.obj (.text:decompress:none)
                  000028b0    00000010     Clock.o (.text.Clock_Delay)
                  000028c0    00000010     main.o (.text.UART_OutCRLF)
                  000028d0    00000010     libc.a : copy_zero_init.c.obj (.text:decompress:ZI)
                  000028e0    0000000e            : memory.c.obj (.text.OUTLINED_FUNCTION_0)
                  000028ee    0000000e     libsysbm.a : hostrename.c.obj (.text.strcpy)
                  000028fc    0000000e                : hostrename.c.obj (.text.strlen)
                  0000290a    0000000e     UART.o (.text.uart_lseek)
                  00002918    0000000e     libc.a : memset16.S.obj (.text:TI_memset_small)
                  00002926    00000002     --HOLE-- [fill = 0]
                  00002928    0000000c     Clock.o (.text.Clock_Freq)
                  00002934    0000000c     libclang_rt.builtins.a : aeabi_memset.S.obj (.text.__aeabi_memclr)
                  00002940    0000000c     libc.a : memory.c.obj (.text.malloc)
                  0000294c    0000000c     UART.o (.text.uart_rename)
                  00002958    0000000a     UART.o (.text.uart_close)
                  00002962    0000000a     UART.o (.text.uart_unlink)
                  0000296c    00000008     libclang_rt.builtins.a : aeabi_memcpy.S.obj (.text.__aeabi_memcpy)
                  00002974    00000008     libsysbm.a : remove.c.obj (.text.remove)
                  0000297c    00000004     startup_mspm0g3507_ticlang.o (.text.Default_Handler)
                  00002980    00000004     startup_mspm0g3507_ticlang.o (.text.Reset_Handler)
                  00002984    00000004     libc.a : pre_init.c.obj (.text._system_pre_init)
                  00002988    00000004            : exit.c.obj (.text:abort)
                  0000298c    00000004     --HOLE-- [fill = 0]

.cinit     0    000030c8    00000090     
                  000030c8    00000067     (.cinit..data.load) [load image, compression = lzss]
                  0000312f    00000001     --HOLE-- [fill = 0]
                  00003130    0000000c     (__TI_handler_table)
                  0000313c    00000008     (.cinit..bss.load) [load image, compression = zero_init]
                  00003144    00000010     (__TI_cinit_table)
                  00003154    00000004     --HOLE-- [fill = 0]

.rodata    0    00002990    00000738     
                  00002990    000006a5     main.o (.rodata.str1.1)
                  00003035    00000003     --HOLE-- [fill = 0]
                  00003038    00000058     main.o (.rodata.Scramble)
                  00003090    00000016     main.o (.rodata.Key)
                  000030a6    00000010     Exam2CPart.o (.rodata.EID)
                  000030b6    0000000d     UART.o (.rodata.str1.1)
                  000030c3    00000005     --HOLE-- [fill = 0]

.init_array 
*          0    00000000    00000000     UNINITIALIZED

.binit     0    00000000    00000000     

.bss       0    20200000    000004a1     UNINITIALIZED
                  20200000    00000120     libsysbm.a : trgmsg.c.obj (.bss:_CIOBUF_)
                  20200120    000000a0     libc.a : defs.c.obj (.bss.__TI_tmpnams)
                  202001c0    00000080     (.common:Q2_Factors)
                  20200240    00000080     (.common:Q2_FactorsCorrect)
                  202002c0    00000050     (.common:Q2answers)
                  20200310    00000040     (.common:Q1FuncInputs)
                  20200350    00000040     (.common:Q1Inputs)
                  20200390    00000028     (.common:Q1answers)
                  202003b8    00000020     (.common:Q1Rfinal)
                  202003d8    00000020     (.common:Q1Rinit)
                  202003f8    00000020     (.common:Q3_Points)
                  20200418    00000018     main.o (.bss.EncriptedMagicCode)
                  20200430    00000018     main.o (.bss.MagicCode)
                  20200448    0000000a     (.common:Q3_Answers)
                  20200452    00000008     libsysbm.a : hostopen.c.obj (.bss.parmbuf)
                  2020045a    00000001     (.common:Q3_NumPoints)
                  2020045b    00000001     (.common:Q3_NumPointsCorrect)
                  2020045c    00000004     main.o (.bss.score2)
                  20200460    00000004     main.o (.bss.score3)
                  20200464    00000004     main.o (.bss.score)
                  20200468    00000004     libc.a : memory.c.obj (.bss.sys_free)
                  2020046c    00000004     (.common:M)
                  20200470    00000004     (.common:Q1Answer)
                  20200474    00000004     (.common:Q1Correct)
                  20200478    00000004     (.common:Q1Count)
                  2020047c    00000004     (.common:Q1CountCorrect)
                  20200480    00000004     (.common:Q1InputErr)
                  20200484    00000004     (.common:Q1SPfinal)
                  20200488    00000004     (.common:Q1SPinit)
                  2020048c    00000004     (.common:Q2_Input)
                  20200490    00000004     (.common:Q2_NumFactors)
                  20200494    00000004     (.common:Q2_NumFactorsCorrect)
                  20200498    00000004     (.common:Q3_Shape)
                  2020049c    00000004     (.common:TheK)
                  202004a0    00000001     (.common:Q3_n)

.sysmem    0    202004a8    00000200     UNINITIALIZED
                  202004a8    00000010     libc.a : memory.c.obj (.sysmem)
                  202004b8    000001f0     --HOLE--

.data      0    202006a8    000001e5     UNINITIALIZED
                  202006a8    000000f0     libc.a : defs.c.obj (.data._ftable)
                  20200798    00000078     libsysbm.a : host_device.c.obj (.data._device)
                  20200810    00000050                : host_device.c.obj (.data._stream)
                  20200860    00000008     libc.a : exit.c.obj (.data..L_MergedGlobals)
                  20200868    00000004     Clock.o (.data.BusFreq)
                  2020086c    00000004     main.o (.data.Q1Mode)
                  20200870    00000004     main.o (.data.Q2Mode)
                  20200874    00000004     main.o (.data.Q3Mode)
                  20200878    00000004     libc.a : defs.c.obj (.data.__TI_ft_end)
                  2020087c    00000004            : _lock.c.obj (.data._lock)
                  20200880    00000004            : _lock.c.obj (.data._unlock)
                  20200884    00000001     libsysbm.a : add_device.c.obj (.data.add_device.device_init)
                  20200885    00000003     --HOLE--
                  20200888    00000001     libc.a : memory.c.obj (.data.memory_is_initialized)
                  20200889    00000003     --HOLE--
                  2020088c    00000001     libsysbm.a : open.c.obj (.data.open.stream_init)

.stack     0    20207e00    00000200     UNINITIALIZED
                  20207e00    00000004     libc.a : boot_cortex_m.c.obj (.stack)
                  20207e04    000001fc     --HOLE--

__llvm_prf_cnts 
*          0    20200000    00000000     UNINITIALIZED

__llvm_prf_bits 
*          0    20200000    00000000     UNINITIALIZED

MODULE SUMMARY

       Module                         code    ro data   rw data
       ------                         ----    -------   -------
    ..\
       main.o                         4808    1811      737    
       Clock.o                        464     0         4      
       UART.o                         434     13        0      
       UARTbusywait.o                 308     0         0      
       LaunchPad.o                    188     0         0      
       Func.o                         120     0         0      
    +--+------------------------------+-------+---------+---------+
       Total:                         6322    1824      741    
                                                               
    .\
       Exam2CPart.o                   312     16        0      
       Exam2ASMPart.o                 38      0         0      
    +--+------------------------------+-------+---------+---------+
       Total:                         350     16        0      
                                                               
    .\ticlang\
       startup_mspm0g3507_ticlang.o   8       192       0      
    +--+------------------------------+-------+---------+---------+
       Total:                         8       192       0      
                                                               
    C:\ti\ccs2000\ccs\tools\compiler\ti-cgt-armllvm_4.0.1.LTS\lib\armv6m-ti-none-eabi/c/libc.a
       memory.c.obj                   702     0         5      
       fopen.c.obj                    556     0         0      
       defs.c.obj                     0       0         404    
       setvbuf.c.obj                  224     0         0      
       getdevice.c.obj                160     0         0      
       strcmp-armv6m.S.obj            136     0         0      
       copy_decompress_lzss.c.obj     124     0         0      
       fclose.c.obj                   124     0         0      
       fflush.c.obj                   82      0         0      
       exit.c.obj                     56      0         8      
       autoinit.c.obj                 60      0         0      
       boot_cortex_m.c.obj            40      0         0      
       copy_decompress_none.c.obj     18      0         0      
       memcpy16.S.obj                 18      0         0      
       copy_zero_init.c.obj           16      0         0      
       memset16.S.obj                 14      0         0      
       _lock.c.obj                    2       0         8      
       pre_init.c.obj                 4       0         0      
    +--+------------------------------+-------+---------+---------+
       Total:                         2336    0         425    
                                                               
    C:\ti\ccs2000\ccs\tools\compiler\ti-cgt-armllvm_4.0.1.LTS\lib\armv6m-ti-none-eabi/c/libsysbm.a
       trgmsg.c.obj                   104     0         288    
       add_device.c.obj               236     0         1      
       host_device.c.obj              0       0         200    
       open.c.obj                     160     0         1      
       hostrename.c.obj               136     0         0      
       hostlseek.c.obj                108     0         0      
       hostopen.c.obj                 96      0         8      
       hostread.c.obj                 88      0         0      
       hostwrite.c.obj                88      0         0      
       close.c.obj                    80      0         0      
       hostclose.c.obj                72      0         0      
       hostunlink.c.obj               72      0         0      
       unlink.c.obj                   44      0         0      
       write.c.obj                    40      0         0      
       remove.c.obj                   8       0         0      
    +--+------------------------------+-------+---------+---------+
       Total:                         1332    0         498    
                                                               
    C:\ti\ccs2000\ccs\tools\compiler\ti-cgt-armllvm_4.0.1.LTS\lib\armv6m-ti-none-eabi/libclang_rt.builtins.a
       aeabi_uidivmod.S.obj           64      0         0      
       aeabi_memset.S.obj             12      0         0      
       aeabi_memcpy.S.obj             8       0         0      
       aeabi_div0.c.obj               2       0         0      
    +--+------------------------------+-------+---------+---------+
       Total:                         86      0         0      
                                                               
       Heap:                          0       0         512    
       Stack:                         0       0         512    
       Linker Generated:              0       139       0      
    +--+------------------------------+-------+---------+---------+
       Grand Total:                   10434   2171      2688   


LINKER GENERATED COPY TABLES

__TI_cinit_table @ 00003144 records: 2, size/record: 8, table size: 16
	.data: load addr=000030c8, load size=00000067 bytes, run addr=202006a8, run size=000001e5 bytes, compression=lzss
	.bss: load addr=0000313c, load size=00000008 bytes, run addr=20200000, run size=000004a1 bytes, compression=zero_init


LINKER GENERATED HANDLER TABLE

__TI_handler_table @ 00003130 records: 3, size/record: 4, table size: 12
	index: 0, handler: __TI_decompress_lzss
	index: 1, handler: __TI_decompress_none
	index: 2, handler: __TI_zero_init


GLOBAL SYMBOLS: SORTED ALPHABETICALLY BY Name 

address   name                          
-------   ----                          
0000297d  ADC0_IRQHandler               
0000297d  ADC1_IRQHandler               
0000297d  AES_IRQHandler                
00002459  ActivatePortA_B               
20200868  BusFreq                       
00002988  C$$EXIT                       
0000255d  C$$IO$$                       
0000297d  CANFD0_IRQHandler             
000028b1  Clock_Delay                   
00002929  Clock_Freq                    
00000651  Clock_Init80MHz               
000027dc  Compute                       
00001dcc  ComputeWrap                   
00001a79  Compute_Correct               
000012e5  Count_Points                  
00000fd1  Count_Points_Correct          
0000297d  DAC0_IRQHandler               
0000297d  DMA_IRQHandler                
0000297d  Default_Handler               
000030a6  EID                           
00002275  FindFactors                   
00001941  FindFactorsCorrect            
00001da4  Func                          
0000297d  GROUP0_IRQHandler             
0000297d  GROUP1_IRQHandler             
000022c5  HOSTclose                     
00001e1d  HOSTlseek                     
00001fc5  HOSTopen                      
00002081  HOSTread                      
00001e89  HOSTrename                    
0000230d  HOSTunlink                    
000020d9  HOSTwrite                     
0000297d  HardFault_Handler             
0000297d  I2C0_IRQHandler               
0000297d  I2C1_IRQHandler               
00001c29  LaunchPad_Init                
2020046c  M                             
0000297d  NMI_Handler                   
0000297d  PendSV_Handler                
20200470  Q1Answer                      
20200474  Q1Correct                     
20200478  Q1Count                       
2020047c  Q1CountCorrect                
20200310  Q1FuncInputs                  
20200480  Q1InputErr                    
20200350  Q1Inputs                      
2020086c  Q1Mode                        
202003b8  Q1Rfinal                      
202003d8  Q1Rinit                       
20200484  Q1SPfinal                     
20200488  Q1SPinit                      
000019dd  Q1_DisplayProblem             
00000c49  Q1_SetInput                   
00001681  Q1_ShowResults                
000002a9  Q1_Test                       
20200390  Q1answers                     
20200870  Q2Mode                        
00002025  Q2_DisplayProblem             
202001c0  Q2_Factors                    
20200240  Q2_FactorsCorrect             
2020048c  Q2_Input                      
20200490  Q2_NumFactors                 
20200494  Q2_NumFactorsCorrect          
00002185  Q2_SetInput                   
00000d89  Q2_ShowResults                
00000805  Q2_Test                       
202002c0  Q2answers                     
20200874  Q3Mode                        
20200448  Q3_Answers                    
00002355  Q3_DisplayProblem             
2020045a  Q3_NumPoints                  
2020045b  Q3_NumPointsCorrect           
202003f8  Q3_Points                     
000021d5  Q3_SetFirstInput              
00001741  Q3_SetInput                   
20200498  Q3_Shape                      
00000995  Q3_ShowResults                
00000489  Q3_Test                       
202004a0  Q3_n                          
0000297d  RTC_IRQHandler                
00002861  Random                        
00002805  Random32                      
00002981  Reset_Handler                 
0000297d  SPI0_IRQHandler               
0000297d  SPI1_IRQHandler               
0000297d  SVC_Handler                   
0000297d  SysTick_Handler               
0000297d  TIMA0_IRQHandler              
0000297d  TIMA1_IRQHandler              
0000297d  TIMG0_IRQHandler              
0000297d  TIMG12_IRQHandler             
0000297d  TIMG6_IRQHandler              
0000297d  TIMG7_IRQHandler              
0000297d  TIMG8_IRQHandler              
0000288d  TI_memcpy_small               
00002919  TI_memset_small               
2020049c  TheK                          
0000297d  UART0_IRQHandler              
0000297d  UART1_IRQHandler              
0000297d  UART2_IRQHandler              
0000297d  UART3_IRQHandler              
00002825  UART_InChar                   
000013d1  UART_Init                     
00001b0d  UART_InitPrintf               
000028c1  UART_OutCRLF                  
00002699  UART_OutChar                  
00002769  UART_OutSDec                  
0000278f  UART_OutString                
00002491  UART_OutUDec                  
20200000  _CIOBUF_                      
20200000  __CIOBUF_                     
20208000  __STACK_END                   
00000200  __STACK_SIZE                  
00000200  __SYSMEM_SIZE                 
00000000  __TI_ATRegion0_region_sz      
00000000  __TI_ATRegion0_src_addr       
00000000  __TI_ATRegion0_trg_addr       
00000000  __TI_ATRegion1_region_sz      
00000000  __TI_ATRegion1_src_addr       
00000000  __TI_ATRegion1_trg_addr       
00000000  __TI_ATRegion2_region_sz      
00000000  __TI_ATRegion2_src_addr       
00000000  __TI_ATRegion2_trg_addr       
00003144  __TI_CINIT_Base               
00003154  __TI_CINIT_Limit              
00003154  __TI_CINIT_Warm               
00003130  __TI_Handler_Table_Base       
0000313c  __TI_Handler_Table_Limit      
0000241d  __TI_auto_init_nobinit_nopinit
000024c9  __TI_cleanup                  
20200860  __TI_cleanup_ptr              
00001cad  __TI_closefile                
00001d29  __TI_decompress_lzss          
0000289f  __TI_decompress_none          
00002131  __TI_doflush                  
20200864  __TI_dtors_ptr                
20200878  __TI_ft_end                   
ffffffff  __TI_pprof_out_hndl           
ffffffff  __TI_prof_data_size           
ffffffff  __TI_prof_data_start          
000024fd  __TI_readmsg                  
00000000  __TI_static_base__            
20200120  __TI_tmpnams                  
00002531  __TI_writemsg                 
000028d1  __TI_zero_init                
000013cf  __aeabi_idiv0                 
00002935  __aeabi_memclr                
00002935  __aeabi_memclr4               
00002935  __aeabi_memclr8               
0000296d  __aeabi_memcpy                
0000296d  __aeabi_memcpy4               
0000296d  __aeabi_memcpy8               
0000239d  __aeabi_uidiv                 
0000239d  __aeabi_uidivmod              
ffffffff  __binit__                     
UNDEFED   __mpu_init                    
20207e00  __stack                       
20200000  __start___llvm_prf_bits       
20200000  __start___llvm_prf_cnts       
20200000  __stop___llvm_prf_bits        
20200000  __stop___llvm_prf_cnts        
00002741  _c_int00_noargs               
20200798  _device                       
202006a8  _ftable                       
2020087c  _lock                         
00002183  _nop                          
20200810  _stream                       
202004a8  _sys_memory                   
UNDEFED   _system_post_cinit            
00002985  _system_pre_init              
20200880  _unlock                       
00002989  abort                         
000011f9  add_device                    
000010e5  aligned_alloc                 
ffffffff  binit                         
00002225  close                         
00002565  exit                          
00002599  finddevice                    
00002669  fopen                         
000014b9  free                          
000025cd  freopen                       
00001ef5  getdevice                     
00000000  interruptVectors              
000000c1  main                          
00002941  malloc                        
000010e5  memalign                      
000018a1  open                          
20200452  parmbuf                       
00002975  remove                        
00002601  setUpper                      
000015a1  setvbuf                       
00001ba1  strcmp                        
00002959  uart_close                    
0000290b  uart_lseek                    
00002879  uart_open                     
000027b5  uart_read                     
0000294d  uart_rename                   
00002963  uart_unlink                   
00002635  uart_write                    
000026c5  unlink                        
00002719  write                         


GLOBAL SYMBOLS: SORTED BY Symbol Address 

address   name                          
-------   ----                          
00000000  __TI_ATRegion0_region_sz      
00000000  __TI_ATRegion0_src_addr       
00000000  __TI_ATRegion0_trg_addr       
00000000  __TI_ATRegion1_region_sz      
00000000  __TI_ATRegion1_src_addr       
00000000  __TI_ATRegion1_trg_addr       
00000000  __TI_ATRegion2_region_sz      
00000000  __TI_ATRegion2_src_addr       
00000000  __TI_ATRegion2_trg_addr       
00000000  __TI_static_base__            
00000000  interruptVectors              
000000c1  main                          
00000200  __STACK_SIZE                  
00000200  __SYSMEM_SIZE                 
000002a9  Q1_Test                       
00000489  Q3_Test                       
00000651  Clock_Init80MHz               
00000805  Q2_Test                       
00000995  Q3_ShowResults                
00000c49  Q1_SetInput                   
00000d89  Q2_ShowResults                
00000fd1  Count_Points_Correct          
000010e5  aligned_alloc                 
000010e5  memalign                      
000011f9  add_device                    
000012e5  Count_Points                  
000013cf  __aeabi_idiv0                 
000013d1  UART_Init                     
000014b9  free                          
000015a1  setvbuf                       
00001681  Q1_ShowResults                
00001741  Q3_SetInput                   
000018a1  open                          
00001941  FindFactorsCorrect            
000019dd  Q1_DisplayProblem             
00001a79  Compute_Correct               
00001b0d  UART_InitPrintf               
00001ba1  strcmp                        
00001c29  LaunchPad_Init                
00001cad  __TI_closefile                
00001d29  __TI_decompress_lzss          
00001da4  Func                          
00001dcc  ComputeWrap                   
00001e1d  HOSTlseek                     
00001e89  HOSTrename                    
00001ef5  getdevice                     
00001fc5  HOSTopen                      
00002025  Q2_DisplayProblem             
00002081  HOSTread                      
000020d9  HOSTwrite                     
00002131  __TI_doflush                  
00002183  _nop                          
00002185  Q2_SetInput                   
000021d5  Q3_SetFirstInput              
00002225  close                         
00002275  FindFactors                   
000022c5  HOSTclose                     
0000230d  HOSTunlink                    
00002355  Q3_DisplayProblem             
0000239d  __aeabi_uidiv                 
0000239d  __aeabi_uidivmod              
0000241d  __TI_auto_init_nobinit_nopinit
00002459  ActivatePortA_B               
00002491  UART_OutUDec                  
000024c9  __TI_cleanup                  
000024fd  __TI_readmsg                  
00002531  __TI_writemsg                 
0000255d  C$$IO$$                       
00002565  exit                          
00002599  finddevice                    
000025cd  freopen                       
00002601  setUpper                      
00002635  uart_write                    
00002669  fopen                         
00002699  UART_OutChar                  
000026c5  unlink                        
00002719  write                         
00002741  _c_int00_noargs               
00002769  UART_OutSDec                  
0000278f  UART_OutString                
000027b5  uart_read                     
000027dc  Compute                       
00002805  Random32                      
00002825  UART_InChar                   
00002861  Random                        
00002879  uart_open                     
0000288d  TI_memcpy_small               
0000289f  __TI_decompress_none          
000028b1  Clock_Delay                   
000028c1  UART_OutCRLF                  
000028d1  __TI_zero_init                
0000290b  uart_lseek                    
00002919  TI_memset_small               
00002929  Clock_Freq                    
00002935  __aeabi_memclr                
00002935  __aeabi_memclr4               
00002935  __aeabi_memclr8               
00002941  malloc                        
0000294d  uart_rename                   
00002959  uart_close                    
00002963  uart_unlink                   
0000296d  __aeabi_memcpy                
0000296d  __aeabi_memcpy4               
0000296d  __aeabi_memcpy8               
00002975  remove                        
0000297d  ADC0_IRQHandler               
0000297d  ADC1_IRQHandler               
0000297d  AES_IRQHandler                
0000297d  CANFD0_IRQHandler             
0000297d  DAC0_IRQHandler               
0000297d  DMA_IRQHandler                
0000297d  Default_Handler               
0000297d  GROUP0_IRQHandler             
0000297d  GROUP1_IRQHandler             
0000297d  HardFault_Handler             
0000297d  I2C0_IRQHandler               
0000297d  I2C1_IRQHandler               
0000297d  NMI_Handler                   
0000297d  PendSV_Handler                
0000297d  RTC_IRQHandler                
0000297d  SPI0_IRQHandler               
0000297d  SPI1_IRQHandler               
0000297d  SVC_Handler                   
0000297d  SysTick_Handler               
0000297d  TIMA0_IRQHandler              
0000297d  TIMA1_IRQHandler              
0000297d  TIMG0_IRQHandler              
0000297d  TIMG12_IRQHandler             
0000297d  TIMG6_IRQHandler              
0000297d  TIMG7_IRQHandler              
0000297d  TIMG8_IRQHandler              
0000297d  UART0_IRQHandler              
0000297d  UART1_IRQHandler              
0000297d  UART2_IRQHandler              
0000297d  UART3_IRQHandler              
00002981  Reset_Handler                 
00002985  _system_pre_init              
00002988  C$$EXIT                       
00002989  abort                         
000030a6  EID                           
00003130  __TI_Handler_Table_Base       
0000313c  __TI_Handler_Table_Limit      
00003144  __TI_CINIT_Base               
00003154  __TI_CINIT_Limit              
00003154  __TI_CINIT_Warm               
20200000  _CIOBUF_                      
20200000  __CIOBUF_                     
20200000  __start___llvm_prf_bits       
20200000  __start___llvm_prf_cnts       
20200000  __stop___llvm_prf_bits        
20200000  __stop___llvm_prf_cnts        
20200120  __TI_tmpnams                  
202001c0  Q2_Factors                    
20200240  Q2_FactorsCorrect             
202002c0  Q2answers                     
20200310  Q1FuncInputs                  
20200350  Q1Inputs                      
20200390  Q1answers                     
202003b8  Q1Rfinal                      
202003d8  Q1Rinit                       
202003f8  Q3_Points                     
20200448  Q3_Answers                    
20200452  parmbuf                       
2020045a  Q3_NumPoints                  
2020045b  Q3_NumPointsCorrect           
2020046c  M                             
20200470  Q1Answer                      
20200474  Q1Correct                     
20200478  Q1Count                       
2020047c  Q1CountCorrect                
20200480  Q1InputErr                    
20200484  Q1SPfinal                     
20200488  Q1SPinit                      
2020048c  Q2_Input                      
20200490  Q2_NumFactors                 
20200494  Q2_NumFactorsCorrect          
20200498  Q3_Shape                      
2020049c  TheK                          
202004a0  Q3_n                          
202004a8  _sys_memory                   
202006a8  _ftable                       
20200798  _device                       
20200810  _stream                       
20200860  __TI_cleanup_ptr              
20200864  __TI_dtors_ptr                
20200868  BusFreq                       
2020086c  Q1Mode                        
20200870  Q2Mode                        
20200874  Q3Mode                        
20200878  __TI_ft_end                   
2020087c  _lock                         
20200880  _unlock                       
20207e00  __stack                       
20208000  __STACK_END                   
ffffffff  __TI_pprof_out_hndl           
ffffffff  __TI_prof_data_size           
ffffffff  __TI_prof_data_start          
ffffffff  __binit__                     
ffffffff  binit                         
UNDEFED   __mpu_init                    
UNDEFED   _system_post_cinit            

[201 symbols]
