******************************************************************************
            TI ARM Clang Linker PC v4.0.1                      
******************************************************************************
>> Linked Tue Feb 11 16:26:31 2025

OUTPUT FILE NAME:   <ECE319K_Lab2.out>
ENTRY POINT SYMBOL: "_c_int00_noargs"  address: 0000133d


MEMORY CONFIGURATION

         name            origin    length      used     unused   attr    fill
----------------------  --------  ---------  --------  --------  ----  --------
  FLASH                 00000000   00020000  000018d8  0001e728  R  X
  SRAM                  20200000   00008000  000005e4  00007a1c  RW X
  BCR_CONFIG            41c00000   00000080  00000000  00000080  R   
  BSL_CONFIG            41c00100   00000080  00000000  00000080  R   


SEGMENT ALLOCATION MAP

run origin  load origin   length   init length attrs members
----------  ----------- ---------- ----------- ----- -------
00000000    00000000    000018d8   000018d8    r-x
  00000000    00000000    000000c0   000000c0    r-- .intvecs
  000000c0    000000c0    000013d0   000013d0    r-x .text
  00001490    00001490    00000418   00000418    r-- .rodata
  000018a8    000018a8    00000030   00000030    r-- .cinit
20200000    20200000    000003e4   00000000    rw-
  20200000    20200000    00000200   00000000    rw- .sysmem
  20200200    20200200    000001cc   00000000    rw- .bss
  202003cc    202003cc    00000018   00000000    rw- .data
20207e00    20207e00    00000200   00000000    rw-
  20207e00    20207e00    00000200   00000000    rw- .stack


SECTION ALLOCATION MAP

 output                                  attributes/
section   page    origin      length       input sections
--------  ----  ----------  ----------   ----------------
.intvecs   0    00000000    000000c0     
                  00000000    000000c0     startup_mspm0g3507_ticlang.o (.intvecs)

.text      0    000000c0    000013d0     
                  000000c0    000001b4     Clock.o (.text.Clock_Init80MHz)
                  00000274    00000190     Dump.o (.text.Debug_Period)
                  00000404    00000188     ECE319K_Lab2main.o (.text.TIMG0_IRQHandler)
                  0000058c    00000168     ECE319K_Lab2main.o (.text.Lab2Grader)
                  000006f4    0000014c     ECE319K_Lab2.o (.text)
                  00000840    00000134     ECE319K_Lab2main.o (.text.ADC_Init)
                  00000974    000000e8     UARTbusywait.o (.text.UART_Init)
                  00000a5c    000000ac     ECE319K_Lab2main.o (.text.ShowProblem)
                  00000b08    000000a8     Timer.o (.text.TimerG7_IntArm)
                  00000bb0    000000a4     ECE319K_Lab2main.o (.text.CheckInit)
                  00000c54    000000a4     Timer.o (.text.TimerG0_IntArm)
                  00000cf8    00000094     ECE319K_Lab2main.o (.text.main)
                  00000d8c    00000004     startup_mspm0g3507_ticlang.o (.text.Reset_Handler)
                  00000d90    00000088     libc.a : strcmp-armv6m.S.obj (.text:strcmp)
                  00000e18    0000007c     LaunchPad.o (.text.LaunchPad_Init)
                  00000e94    0000007c     libc.a : copy_decompress_lzss.c.obj (.text:decompress:lzss)
                  00000f10    00000060     Timer.o (.text.TimerG12_Init)
                  00000f70    0000005c     ECE319K_Lab2main.o (.text.AddPoints)
                  00000fcc    0000005c     ECE319K_Lab2main.o (.text.TIMG7_IRQHandler)
                  00001028    00000056     libclang_rt.builtins.a : aeabi_idivmod.S.obj (.text.__aeabi_idivmod)
                  0000107e    00000002                            : aeabi_div0.c.obj (.text.__aeabi_idiv0)
                  00001080    00000054     Dump.o (.text.Dump)
                  000010d4    00000050     Dump.o (.text.Debug_Dump)
                  00001124    00000042     libclang_rt.builtins.a : fixunsdfsi.S.obj (.text.__fixunsdfsi)
                  00001166    00000002     --HOLE-- [fill = 0]
                  00001168    00000040                            : aeabi_uidivmod.S.obj (.text.__aeabi_uidivmod)
                  000011a8    0000003c     libc.a : autoinit.c.obj (.text:__TI_auto_init_nobinit_nopinit)
                  000011e4    00000038     LaunchPad.o (.text.ActivatePortA_B)
                  0000121c    00000036     UART.o (.text.UART_OutUDec)
                  00001252    00000002     --HOLE-- [fill = 0]
                  00001254    00000034     ECE319K_Lab2main.o (.text.EndLab2)
                  00001288    00000034     ECE319K_Lab2main.o (.text.setUpper)
                  000012bc    0000002c     UARTbusywait.o (.text.UART_OutChar)
                  000012e8    0000002c     libclang_rt.builtins.a : floatsidf.S.obj (.text.__floatsidf)
                  00001314    00000028     ECE319K_Lab2main.o (.text.ADC_Start)
                  0000133c    00000028     libc.a : boot_cortex_m.c.obj (.text:_c_int00_noargs)
                  00001364    00000026     UART.o (.text.UART_OutString)
                  0000138a    00000002     --HOLE-- [fill = 0]
                  0000138c    00000020     ECE319K_Lab2main.o (.text.Random32)
                  000013ac    0000001c     startup_mspm0g3507_ticlang.o (.text.Default_Handler)
                  000013c8    0000001c     startup_mspm0g3507_ticlang.o (.text.HardFault_Handler)
                  000013e4    00000018     ECE319K_Lab2main.o (.text.Random)
                  000013fc    00000016     libc.a : copy_zero_init.c.obj (.text:decompress:ZI:__TI_zero_init_nomemset)
                  00001412    00000002     --HOLE-- [fill = 0]
                  00001414    00000014     Dump.o (.text.Debug_Init)
                  00001428    00000012     libc.a : memcpy16.S.obj (.text:TI_memcpy_small)
                  0000143a    00000012            : copy_decompress_none.c.obj (.text:decompress:none)
                  0000144c    00000010     Clock.o (.text.Clock_Delay)
                  0000145c    00000010     LaunchPad.o (.text.Delay)
                  0000146c    0000000c     Clock.o (.text.Clock_Freq)
                  00001478    00000008     libclang_rt.builtins.a : aeabi_memcpy.S.obj (.text.__aeabi_memcpy)
                  00001480    00000004     libc.a : pre_init.c.obj (.text._system_pre_init)
                  00001484    00000004            : exit.c.obj (.text:abort)
                  00001488    00000008     --HOLE-- [fill = 0]

.cinit     0    000018a8    00000030     
                  000018a8    0000000c     (.cinit..data.load) [load image, compression = lzss]
                  000018b4    0000000c     (__TI_handler_table)
                  000018c0    00000008     (.cinit..bss.load) [load image, compression = zero_init]
                  000018c8    00000010     (__TI_cinit_table)

.rodata    0    00001490    00000418     
                  00001490    00000140     ECE319K_Lab2main.o (.rodata.ChangeProblem)
                  000015d0    000000f0     ECE319K_Lab2main.o (.rodata.LEDProblem)
                  000016c0    00000080     ECE319K_Lab2main.o (.rodata.Duties)
                  00001740    0000002c     ECE319K_Lab2main.o (.rodata.str1.72387407528414735151)
                  0000176c    00000023     ECE319K_Lab2main.o (.rodata.str1.119244376489615108221)
                  0000178f    00000023     ECE319K_Lab2main.o (.rodata.str1.135301900289581272511)
                  000017b2    00000022     ECE319K_Lab2main.o (.rodata.str1.128144458046839886001)
                  000017d4    0000001e     ECE319K_Lab2main.o (.rodata.str1.44660700354681502381)
                  000017f2    0000001c     ECE319K_Lab2main.o (.rodata.str1.148095700443330669951)
                  0000180e    00000019     ECE319K_Lab2main.o (.rodata.str1.103003801458660166821)
                  00001827    00000017     ECE319K_Lab2main.o (.rodata.str1.73042674459103176111)
                  0000183e    00000002     --HOLE-- [fill = 0]
                  00001840    00000010     ECE319K_Lab2main.o (.rodata.ChangeMask)
                  00001850    00000010     ECE319K_Lab2main.o (.rodata.InMux)
                  00001860    0000000e     ECE319K_Lab2main.o (.rodata.str1.31021446546990648301)
                  0000186e    00000002     --HOLE-- [fill = 0]
                  00001870    0000000c     ECE319K_Lab2main.o (.rodata.LEDMask)
                  0000187c    0000000c     ECE319K_Lab2main.o (.rodata.OutMux)
                  00001888    0000000b     ECE319K_Lab2main.o (.rodata.str1.171022728720343290241)
                  00001893    00000008     ECE319K_Lab2main.o (.rodata.str1.141530679939114444391)
                  0000189b    00000007     ECE319K_Lab2main.o (.rodata.str1.102385045963333170191)
                  000018a2    00000003     ECE319K_Lab2main.o (.rodata.str1.77521282747640933751)
                  000018a5    00000003     --HOLE-- [fill = 0]

.init_array 
*          0    00000000    00000000     UNINITIALIZED

.binit     0    00000000    00000000     

.sysmem    0    20200000    00000200     UNINITIALIZED
                  20200000    00000010     libc.a : memory.c.obj (.sysmem)
                  20200010    000001f0     --HOLE--

.bss       0    20200200    000001cc     UNINITIALIZED
                  20200200    000000c8     (.common:DataBuffer)
                  202002c8    000000c8     (.common:TimeBuffer)
                  20200390    00000010     (.common:Inflag)
                  202003a0    00000004     (.common:DebugCnt)
                  202003a4    00000004     (.common:Duty)
                  202003a8    00000004     (.common:FirstCount)
                  202003ac    00000004     (.common:LastLED)
                  202003b0    00000004     (.common:M)
                  202003b4    00000004     (.common:Period)
                  202003b8    00000004     (.common:Phase)
                  202003bc    00000004     (.common:SecondCount)
                  202003c0    00000004     (.common:SizeofEID)
                  202003c4    00000004     (.common:TExaSadc)
                  202003c8    00000004     (.common:Theperiod)

.data      0    202003cc    00000018     UNINITIALIZED
                  202003cc    00000004     Clock.o (.data.BusFreq)
                  202003d0    00000004     ECE319K_Lab2main.o (.data.Mode0)
                  202003d4    00000004     ECE319K_Lab2main.o (.data.Mode1)
                  202003d8    00000004     ECE319K_Lab2main.o (.data.Mode2)
                  202003dc    00000004     ECE319K_Lab2main.o (.data.Score)
                  202003e0    00000004     ECE319K_Lab2main.o (.data.Time)

.stack     0    20207e00    00000200     UNINITIALIZED
                  20207e00    00000004     libc.a : boot_cortex_m.c.obj (.stack)
                  20207e04    000001fc     --HOLE--

__llvm_prf_cnts 
*          0    20200000    00000000     UNINITIALIZED

__llvm_prf_bits 
*          0    20200000    00000000     UNINITIALIZED

MODULE SUMMARY

       Module                         code   ro data   rw data
       ------                         ----   -------   -------
    .\
       ECE319K_Lab2main.o             1928   1041      72     
       Dump.o                         584    0         408    
       Clock.o                        464    0         4      
       Timer.o                        428    0         0      
       ECE319K_Lab2.o                 332    0         0      
       UARTbusywait.o                 276    0         0      
       LaunchPad.o                    196    0         0      
       UART.o                         92     0         0      
    +--+------------------------------+------+---------+---------+
       Total:                         4300   1041      484    
                                                              
    .\ticlang\
       startup_mspm0g3507_ticlang.o   60     192       0      
    +--+------------------------------+------+---------+---------+
       Total:                         60     192       0      
                                                              
    C:\ti\ccs2000\ccs\tools\compiler\ti-cgt-armllvm_4.0.1.LTS\lib\armv6m-ti-none-eabi/c/libc.a
       strcmp-armv6m.S.obj            136    0         0      
       copy_decompress_lzss.c.obj     124    0         0      
       autoinit.c.obj                 60     0         0      
       boot_cortex_m.c.obj            40     0         0      
       copy_zero_init.c.obj           22     0         0      
       copy_decompress_none.c.obj     18     0         0      
       memcpy16.S.obj                 18     0         0      
       exit.c.obj                     4      0         0      
       pre_init.c.obj                 4      0         0      
    +--+------------------------------+------+---------+---------+
       Total:                         426    0         0      
                                                              
    C:\ti\ccs2000\ccs\tools\compiler\ti-cgt-armllvm_4.0.1.LTS\lib\armv6m-ti-none-eabi/libclang_rt.builtins.a
       aeabi_idivmod.S.obj            86     0         0      
       fixunsdfsi.S.obj               66     0         0      
       aeabi_uidivmod.S.obj           64     0         0      
       floatsidf.S.obj                44     0         0      
       aeabi_memcpy.S.obj             8      0         0      
       aeabi_div0.c.obj               2      0         0      
    +--+------------------------------+------+---------+---------+
       Total:                         270    0         0      
                                                              
       Heap:                          0      0         512    
       Stack:                         0      0         512    
       Linker Generated:              0      48        0      
    +--+------------------------------+------+---------+---------+
       Grand Total:                   5056   1281      1508   


LINKER GENERATED COPY TABLES

__TI_cinit_table @ 000018c8 records: 2, size/record: 8, table size: 16
	.data: load addr=000018a8, load size=0000000c bytes, run addr=202003cc, run size=00000018 bytes, compression=lzss
	.bss: load addr=000018c0, load size=00000008 bytes, run addr=20200200, run size=000001cc bytes, compression=zero_init


LINKER GENERATED HANDLER TABLE

__TI_handler_table @ 000018b4 records: 3, size/record: 4, table size: 12
	index: 0, handler: __TI_decompress_lzss
	index: 1, handler: __TI_decompress_none
	index: 2, handler: __TI_zero_init


GLOBAL SYMBOLS: SORTED ALPHABETICALLY BY Name 

address   name                          
-------   ----                          
000013ad  ADC0_IRQHandler               
000013ad  ADC1_IRQHandler               
00000841  ADC_Init                      
00001315  ADC_Start                     
000013ad  AES_IRQHandler                
000011e5  ActivatePortA_B               
00000f71  AddPoints                     
202003cc  BusFreq                       
00001484  C$$EXIT                       
000013ad  CANFD0_IRQHandler             
00001840  ChangeMask                    
00001490  ChangeProblem                 
00000bb1  CheckInit                     
0000144d  Clock_Delay                   
0000146d  Clock_Freq                    
000000c1  Clock_Init80MHz               
000013ad  DAC0_IRQHandler               
000013ad  DMA_IRQHandler                
20200200  DataBuffer                    
202003a0  DebugCnt                      
000010d5  Debug_Dump                    
00001415  Debug_Init                    
00000275  Debug_Period                  
000013ad  Default_Handler               
0000145d  Delay                         
00001081  Dump                          
000016c0  Duties                        
202003a4  Duty                          
000006f4  EID                           
00001255  EndLab2                       
202003a8  FirstCount                    
000013ad  GROUP0_IRQHandler             
000013ad  GROUP1_IRQHandler             
000013c9  HardFault_Handler             
000013ad  I2C0_IRQHandler               
000013ad  I2C1_IRQHandler               
00001850  InMux                         
20200390  Inflag                        
00001870  LEDMask                       
000015d0  LEDProblem                    
000006fc  Lab2                          
0000058d  Lab2Grader                    
202003ac  LastLED                       
00000e19  LaunchPad_Init                
202003b0  M                             
202003d0  Mode0                         
202003d4  Mode1                         
202003d8  Mode2                         
000013ad  NMI_Handler                   
0000187c  OutMux                        
000013ad  PendSV_Handler                
202003b4  Period                        
202003b8  Phase                         
000013ad  RTC_IRQHandler                
000013e5  Random                        
0000138d  Random32                      
00000d8d  Reset_Handler                 
000013ad  SPI0_IRQHandler               
000013ad  SPI1_IRQHandler               
000013ad  SVC_Handler                   
202003dc  Score                         
202003bc  SecondCount                   
00000a5d  ShowProblem                   
202003c0  SizeofEID                     
000013ad  SysTick_Handler               
202003c4  TExaSadc                      
000013ad  TIMA0_IRQHandler              
000013ad  TIMA1_IRQHandler              
00000405  TIMG0_IRQHandler              
000013ad  TIMG12_IRQHandler             
000013ad  TIMG6_IRQHandler              
00000fcd  TIMG7_IRQHandler              
000013ad  TIMG8_IRQHandler              
00001429  TI_memcpy_small               
202003c8  Theperiod                     
202003e0  Time                          
202002c8  TimeBuffer                    
00000c55  TimerG0_IntArm                
00000f11  TimerG12_Init                 
00000b09  TimerG7_IntArm                
000013ad  UART0_IRQHandler              
000013ad  UART1_IRQHandler              
000013ad  UART2_IRQHandler              
000013ad  UART3_IRQHandler              
00000975  UART_Init                     
000012bd  UART_OutChar                  
00001365  UART_OutString                
0000121d  UART_OutUDec                  
20208000  __STACK_END                   
00000200  __STACK_SIZE                  
00000200  __SYSMEM_SIZE                 
00000000  __TI_ATRegion0_region_sz      
00000000  __TI_ATRegion0_src_addr       
00000000  __TI_ATRegion0_trg_addr       
00000000  __TI_ATRegion1_region_sz      
00000000  __TI_ATRegion1_src_addr       
00000000  __TI_ATRegion1_trg_addr       
00000000  __TI_ATRegion2_region_sz      
00000000  __TI_ATRegion2_src_addr       
00000000  __TI_ATRegion2_trg_addr       
000018c8  __TI_CINIT_Base               
000018d8  __TI_CINIT_Limit              
000018d8  __TI_CINIT_Warm               
000018b4  __TI_Handler_Table_Base       
000018c0  __TI_Handler_Table_Limit      
000011a9  __TI_auto_init_nobinit_nopinit
00000e95  __TI_decompress_lzss          
0000143b  __TI_decompress_none          
ffffffff  __TI_pprof_out_hndl           
ffffffff  __TI_prof_data_size           
ffffffff  __TI_prof_data_start          
00000000  __TI_static_base__            
000013fd  __TI_zero_init_nomemset       
00001125  __aeabi_d2uiz                 
000012e9  __aeabi_i2d                   
00001029  __aeabi_idiv                  
0000107f  __aeabi_idiv0                 
00001029  __aeabi_idivmod               
00001479  __aeabi_memcpy                
00001479  __aeabi_memcpy4               
00001479  __aeabi_memcpy8               
00001169  __aeabi_uidiv                 
00001169  __aeabi_uidivmod              
ffffffff  __binit__                     
00001125  __fixunsdfsi                  
000012e9  __floatsidf                   
UNDEFED   __mpu_init                    
20207e00  __stack                       
20200000  __start___llvm_prf_bits       
20200000  __start___llvm_prf_cnts       
20200000  __stop___llvm_prf_bits        
20200000  __stop___llvm_prf_cnts        
0000133d  _c_int00_noargs               
20200000  _sys_memory                   
UNDEFED   _system_post_cinit            
00001481  _system_pre_init              
00001485  abort                         
ffffffff  binit                         
00000000  interruptVectors              
00000cf9  main                          
00001289  setUpper                      
00000d91  strcmp                        


GLOBAL SYMBOLS: SORTED BY Symbol Address 

address   name                          
-------   ----                          
00000000  __TI_ATRegion0_region_sz      
00000000  __TI_ATRegion0_src_addr       
00000000  __TI_ATRegion0_trg_addr       
00000000  __TI_ATRegion1_region_sz      
00000000  __TI_ATRegion1_src_addr       
00000000  __TI_ATRegion1_trg_addr       
00000000  __TI_ATRegion2_region_sz      
00000000  __TI_ATRegion2_src_addr       
00000000  __TI_ATRegion2_trg_addr       
00000000  __TI_static_base__            
00000000  interruptVectors              
000000c1  Clock_Init80MHz               
00000200  __STACK_SIZE                  
00000200  __SYSMEM_SIZE                 
00000275  Debug_Period                  
00000405  TIMG0_IRQHandler              
0000058d  Lab2Grader                    
000006f4  EID                           
000006fc  Lab2                          
00000841  ADC_Init                      
00000975  UART_Init                     
00000a5d  ShowProblem                   
00000b09  TimerG7_IntArm                
00000bb1  CheckInit                     
00000c55  TimerG0_IntArm                
00000cf9  main                          
00000d8d  Reset_Handler                 
00000d91  strcmp                        
00000e19  LaunchPad_Init                
00000e95  __TI_decompress_lzss          
00000f11  TimerG12_Init                 
00000f71  AddPoints                     
00000fcd  TIMG7_IRQHandler              
00001029  __aeabi_idiv                  
00001029  __aeabi_idivmod               
0000107f  __aeabi_idiv0                 
00001081  Dump                          
000010d5  Debug_Dump                    
00001125  __aeabi_d2uiz                 
00001125  __fixunsdfsi                  
00001169  __aeabi_uidiv                 
00001169  __aeabi_uidivmod              
000011a9  __TI_auto_init_nobinit_nopinit
000011e5  ActivatePortA_B               
0000121d  UART_OutUDec                  
00001255  EndLab2                       
00001289  setUpper                      
000012bd  UART_OutChar                  
000012e9  __aeabi_i2d                   
000012e9  __floatsidf                   
00001315  ADC_Start                     
0000133d  _c_int00_noargs               
00001365  UART_OutString                
0000138d  Random32                      
000013ad  ADC0_IRQHandler               
000013ad  ADC1_IRQHandler               
000013ad  AES_IRQHandler                
000013ad  CANFD0_IRQHandler             
000013ad  DAC0_IRQHandler               
000013ad  DMA_IRQHandler                
000013ad  Default_Handler               
000013ad  GROUP0_IRQHandler             
000013ad  GROUP1_IRQHandler             
000013ad  I2C0_IRQHandler               
000013ad  I2C1_IRQHandler               
000013ad  NMI_Handler                   
000013ad  PendSV_Handler                
000013ad  RTC_IRQHandler                
000013ad  SPI0_IRQHandler               
000013ad  SPI1_IRQHandler               
000013ad  SVC_Handler                   
000013ad  SysTick_Handler               
000013ad  TIMA0_IRQHandler              
000013ad  TIMA1_IRQHandler              
000013ad  TIMG12_IRQHandler             
000013ad  TIMG6_IRQHandler              
000013ad  TIMG8_IRQHandler              
000013ad  UART0_IRQHandler              
000013ad  UART1_IRQHandler              
000013ad  UART2_IRQHandler              
000013ad  UART3_IRQHandler              
000013c9  HardFault_Handler             
000013e5  Random                        
000013fd  __TI_zero_init_nomemset       
00001415  Debug_Init                    
00001429  TI_memcpy_small               
0000143b  __TI_decompress_none          
0000144d  Clock_Delay                   
0000145d  Delay                         
0000146d  Clock_Freq                    
00001479  __aeabi_memcpy                
00001479  __aeabi_memcpy4               
00001479  __aeabi_memcpy8               
00001481  _system_pre_init              
00001484  C$$EXIT                       
00001485  abort                         
00001490  ChangeProblem                 
000015d0  LEDProblem                    
000016c0  Duties                        
00001840  ChangeMask                    
00001850  InMux                         
00001870  LEDMask                       
0000187c  OutMux                        
000018b4  __TI_Handler_Table_Base       
000018c0  __TI_Handler_Table_Limit      
000018c8  __TI_CINIT_Base               
000018d8  __TI_CINIT_Limit              
000018d8  __TI_CINIT_Warm               
20200000  __start___llvm_prf_bits       
20200000  __start___llvm_prf_cnts       
20200000  __stop___llvm_prf_bits        
20200000  __stop___llvm_prf_cnts        
20200000  _sys_memory                   
20200200  DataBuffer                    
202002c8  TimeBuffer                    
20200390  Inflag                        
202003a0  DebugCnt                      
202003a4  Duty                          
202003a8  FirstCount                    
202003ac  LastLED                       
202003b0  M                             
202003b4  Period                        
202003b8  Phase                         
202003bc  SecondCount                   
202003c0  SizeofEID                     
202003c4  TExaSadc                      
202003c8  Theperiod                     
202003cc  BusFreq                       
202003d0  Mode0                         
202003d4  Mode1                         
202003d8  Mode2                         
202003dc  Score                         
202003e0  Time                          
20207e00  __stack                       
20208000  __STACK_END                   
ffffffff  __TI_pprof_out_hndl           
ffffffff  __TI_prof_data_size           
ffffffff  __TI_prof_data_start          
ffffffff  __binit__                     
ffffffff  binit                         
UNDEFED   __mpu_init                    
UNDEFED   _system_post_cinit            

[142 symbols]
