<?xml version="1.0" encoding="ISO-8859-1" ?>
<link_info>
   <banner>TI ARM Clang Linker PC v4.0.1.LTS</banner>
   <copyright>Copyright (c) 1996-2018 Texas Instruments Incorporated</copyright>
   <command_line>C:\ti\ccs2000\ccs\tools\compiler\ti-cgt-armllvm_4.0.1.LTS\bin\tiarmlnk -IC:\ti\ccs2000\ccs\tools\compiler\ti-cgt-armllvm_4.0.1.LTS\lib -o ECE319K_Lab9.out -mECE319K_Lab9.map --heap_size=512 --stack_size=512 -iC:/Users/4trav/OneDrive/Documents/University of Texas at Austin/ECE 319K/MSPM0_ValvanoWare/ECE319K_Lab9/Debug/syscfg -iC:/ti/ccs2000/ccs/tools/compiler/ti-cgt-armllvm_4.0.1.LTS/lib --diag_wrap=off --display_error_number --warn_sections --xml_link_info=ECE319K_Lab9_linkInfo.xml --rom_model ./ADC.o ./ADC1.o ./Arabic.o ./Clock.o ./DAC5.o ./EdgeTriggered.o ./LED.o ./Lab9Main.o ./LaunchPad.o ./SPI.o ./ST7735.o ./SmallFont.o ./Sound.o ./Switch.o ./TExaS.o ./Timer.o ./images/pipedreams/PipeSound.o ./ticlang/startup_mspm0g3507_ticlang.o ../mspm0g3507.cmd -lC:/ti/mspm0_sdk_2_03_00_07/source/ti/driverlib/lib/ticlang/m0p/mspm0g1x0x_g3x0x/driverlib.a -llibc.a --start-group -llibc++.a -llibc++abi.a -llibc.a -llibsys.a -llibsysbm.a -llibclang_rt.builtins.a -llibclang_rt.profile.a --end-group --cg_opt_level=0</command_line>
   <link_time>0x6807bea4</link_time>
   <link_errors>0x0</link_errors>
   <output_file>C:\Users\4trav\OneDrive\Documents\University of Texas at Austin\ECE 319K\MSPM0_ValvanoWare\ECE319K_Lab9\Debug\ECE319K_Lab9.out</output_file>
   <entry_point>
      <name>_c_int00_noargs</name>
      <address>0xa4b9</address>
   </entry_point>
   <input_file_list>
      <input_file id="fl-1">
         <path>C:\Users\4trav\OneDrive\Documents\University of Texas at Austin\ECE 319K\MSPM0_ValvanoWare\ECE319K_Lab9\Debug\.\</path>
         <kind>object</kind>
         <file>ADC.o</file>
         <name>ADC.o</name>
      </input_file>
      <input_file id="fl-2">
         <path>C:\Users\4trav\OneDrive\Documents\University of Texas at Austin\ECE 319K\MSPM0_ValvanoWare\ECE319K_Lab9\Debug\.\</path>
         <kind>object</kind>
         <file>ADC1.o</file>
         <name>ADC1.o</name>
      </input_file>
      <input_file id="fl-3">
         <path>C:\Users\4trav\OneDrive\Documents\University of Texas at Austin\ECE 319K\MSPM0_ValvanoWare\ECE319K_Lab9\Debug\.\</path>
         <kind>object</kind>
         <file>Arabic.o</file>
         <name>Arabic.o</name>
      </input_file>
      <input_file id="fl-4">
         <path>C:\Users\4trav\OneDrive\Documents\University of Texas at Austin\ECE 319K\MSPM0_ValvanoWare\ECE319K_Lab9\Debug\.\</path>
         <kind>object</kind>
         <file>Clock.o</file>
         <name>Clock.o</name>
      </input_file>
      <input_file id="fl-5">
         <path>C:\Users\4trav\OneDrive\Documents\University of Texas at Austin\ECE 319K\MSPM0_ValvanoWare\ECE319K_Lab9\Debug\.\</path>
         <kind>object</kind>
         <file>DAC5.o</file>
         <name>DAC5.o</name>
      </input_file>
      <input_file id="fl-6">
         <path>C:\Users\4trav\OneDrive\Documents\University of Texas at Austin\ECE 319K\MSPM0_ValvanoWare\ECE319K_Lab9\Debug\.\</path>
         <kind>object</kind>
         <file>EdgeTriggered.o</file>
         <name>EdgeTriggered.o</name>
      </input_file>
      <input_file id="fl-7">
         <path>C:\Users\4trav\OneDrive\Documents\University of Texas at Austin\ECE 319K\MSPM0_ValvanoWare\ECE319K_Lab9\Debug\.\</path>
         <kind>object</kind>
         <file>LED.o</file>
         <name>LED.o</name>
      </input_file>
      <input_file id="fl-8">
         <path>C:\Users\4trav\OneDrive\Documents\University of Texas at Austin\ECE 319K\MSPM0_ValvanoWare\ECE319K_Lab9\Debug\.\</path>
         <kind>object</kind>
         <file>Lab9Main.o</file>
         <name>Lab9Main.o</name>
      </input_file>
      <input_file id="fl-9">
         <path>C:\Users\4trav\OneDrive\Documents\University of Texas at Austin\ECE 319K\MSPM0_ValvanoWare\ECE319K_Lab9\Debug\.\</path>
         <kind>object</kind>
         <file>LaunchPad.o</file>
         <name>LaunchPad.o</name>
      </input_file>
      <input_file id="fl-a">
         <path>C:\Users\4trav\OneDrive\Documents\University of Texas at Austin\ECE 319K\MSPM0_ValvanoWare\ECE319K_Lab9\Debug\.\</path>
         <kind>object</kind>
         <file>SPI.o</file>
         <name>SPI.o</name>
      </input_file>
      <input_file id="fl-b">
         <path>C:\Users\4trav\OneDrive\Documents\University of Texas at Austin\ECE 319K\MSPM0_ValvanoWare\ECE319K_Lab9\Debug\.\</path>
         <kind>object</kind>
         <file>ST7735.o</file>
         <name>ST7735.o</name>
      </input_file>
      <input_file id="fl-c">
         <path>C:\Users\4trav\OneDrive\Documents\University of Texas at Austin\ECE 319K\MSPM0_ValvanoWare\ECE319K_Lab9\Debug\.\</path>
         <kind>object</kind>
         <file>SmallFont.o</file>
         <name>SmallFont.o</name>
      </input_file>
      <input_file id="fl-d">
         <path>C:\Users\4trav\OneDrive\Documents\University of Texas at Austin\ECE 319K\MSPM0_ValvanoWare\ECE319K_Lab9\Debug\.\</path>
         <kind>object</kind>
         <file>Sound.o</file>
         <name>Sound.o</name>
      </input_file>
      <input_file id="fl-e">
         <path>C:\Users\4trav\OneDrive\Documents\University of Texas at Austin\ECE 319K\MSPM0_ValvanoWare\ECE319K_Lab9\Debug\.\</path>
         <kind>object</kind>
         <file>Switch.o</file>
         <name>Switch.o</name>
      </input_file>
      <input_file id="fl-f">
         <path>C:\Users\4trav\OneDrive\Documents\University of Texas at Austin\ECE 319K\MSPM0_ValvanoWare\ECE319K_Lab9\Debug\.\</path>
         <kind>object</kind>
         <file>TExaS.o</file>
         <name>TExaS.o</name>
      </input_file>
      <input_file id="fl-10">
         <path>C:\Users\4trav\OneDrive\Documents\University of Texas at Austin\ECE 319K\MSPM0_ValvanoWare\ECE319K_Lab9\Debug\.\</path>
         <kind>object</kind>
         <file>Timer.o</file>
         <name>Timer.o</name>
      </input_file>
      <input_file id="fl-11">
         <path>C:\Users\4trav\OneDrive\Documents\University of Texas at Austin\ECE 319K\MSPM0_ValvanoWare\ECE319K_Lab9\Debug\.\images\pipedreams\</path>
         <kind>object</kind>
         <file>PipeSound.o</file>
         <name>PipeSound.o</name>
      </input_file>
      <input_file id="fl-12">
         <path>C:\Users\4trav\OneDrive\Documents\University of Texas at Austin\ECE 319K\MSPM0_ValvanoWare\ECE319K_Lab9\Debug\.\ticlang\</path>
         <kind>object</kind>
         <file>startup_mspm0g3507_ticlang.o</file>
         <name>startup_mspm0g3507_ticlang.o</name>
      </input_file>
      <input_file id="fl-1e">
         <path>C:\Users\4trav\OneDrive\Documents\University of Texas at Austin\ECE 319K\MSPM0_ValvanoWare\ECE319K_Lab9\Debug\</path>
         <kind>object</kind>
         <file>&lt;internal&gt;</file>
         <name>&lt;internal&gt;</name>
      </input_file>
      <input_file id="fl-33">
         <path>C:\ti\ccs2000\ccs\tools\compiler\ti-cgt-armllvm_4.0.1.LTS\lib\armv6m-ti-none-eabi\c\</path>
         <kind>archive</kind>
         <file>libc.a</file>
         <name>printf.c.obj</name>
      </input_file>
      <input_file id="fl-34">
         <path>C:\ti\ccs2000\ccs\tools\compiler\ti-cgt-armllvm_4.0.1.LTS\lib\armv6m-ti-none-eabi\c\</path>
         <kind>archive</kind>
         <file>libc.a</file>
         <name>_printfi.c.obj</name>
      </input_file>
      <input_file id="fl-35">
         <path>C:\ti\ccs2000\ccs\tools\compiler\ti-cgt-armllvm_4.0.1.LTS\lib\armv6m-ti-none-eabi\c\</path>
         <kind>archive</kind>
         <file>libc.a</file>
         <name>fopen.c.obj</name>
      </input_file>
      <input_file id="fl-36">
         <path>C:\ti\ccs2000\ccs\tools\compiler\ti-cgt-armllvm_4.0.1.LTS\lib\armv6m-ti-none-eabi\c\</path>
         <kind>archive</kind>
         <file>libc.a</file>
         <name>fputc.c.obj</name>
      </input_file>
      <input_file id="fl-37">
         <path>C:\ti\ccs2000\ccs\tools\compiler\ti-cgt-armllvm_4.0.1.LTS\lib\armv6m-ti-none-eabi\c\</path>
         <kind>archive</kind>
         <file>libc.a</file>
         <name>fputs.c.obj</name>
      </input_file>
      <input_file id="fl-38">
         <path>C:\ti\ccs2000\ccs\tools\compiler\ti-cgt-armllvm_4.0.1.LTS\lib\armv6m-ti-none-eabi\c\</path>
         <kind>archive</kind>
         <file>libc.a</file>
         <name>_io_perm.c.obj</name>
      </input_file>
      <input_file id="fl-39">
         <path>C:\ti\ccs2000\ccs\tools\compiler\ti-cgt-armllvm_4.0.1.LTS\lib\armv6m-ti-none-eabi\c\</path>
         <kind>archive</kind>
         <file>libc.a</file>
         <name>setvbuf.c.obj</name>
      </input_file>
      <input_file id="fl-3a">
         <path>C:\ti\ccs2000\ccs\tools\compiler\ti-cgt-armllvm_4.0.1.LTS\lib\armv6m-ti-none-eabi\c\</path>
         <kind>archive</kind>
         <file>libc.a</file>
         <name>wcslen.c.obj</name>
      </input_file>
      <input_file id="fl-3b">
         <path>C:\ti\ccs2000\ccs\tools\compiler\ti-cgt-armllvm_4.0.1.LTS\lib\armv6m-ti-none-eabi\c\</path>
         <kind>archive</kind>
         <file>libc.a</file>
         <name>aeabi_portable.c.obj</name>
      </input_file>
      <input_file id="fl-3c">
         <path>C:\ti\ccs2000\ccs\tools\compiler\ti-cgt-armllvm_4.0.1.LTS\lib\armv6m-ti-none-eabi\c\</path>
         <kind>archive</kind>
         <file>libc.a</file>
         <name>exit.c.obj</name>
      </input_file>
      <input_file id="fl-3d">
         <path>C:\ti\ccs2000\ccs\tools\compiler\ti-cgt-armllvm_4.0.1.LTS\lib\armv6m-ti-none-eabi\c\</path>
         <kind>archive</kind>
         <file>libc.a</file>
         <name>_lock.c.obj</name>
      </input_file>
      <input_file id="fl-3e">
         <path>C:\ti\ccs2000\ccs\tools\compiler\ti-cgt-armllvm_4.0.1.LTS\lib\armv6m-ti-none-eabi\c\</path>
         <kind>archive</kind>
         <file>libc.a</file>
         <name>_ltoa.c.obj</name>
      </input_file>
      <input_file id="fl-3f">
         <path>C:\ti\ccs2000\ccs\tools\compiler\ti-cgt-armllvm_4.0.1.LTS\lib\armv6m-ti-none-eabi\c\</path>
         <kind>archive</kind>
         <file>libc.a</file>
         <name>assert.c.obj</name>
      </input_file>
      <input_file id="fl-40">
         <path>C:\ti\ccs2000\ccs\tools\compiler\ti-cgt-armllvm_4.0.1.LTS\lib\armv6m-ti-none-eabi\c\</path>
         <kind>archive</kind>
         <file>libc.a</file>
         <name>atoi.c.obj</name>
      </input_file>
      <input_file id="fl-41">
         <path>C:\ti\ccs2000\ccs\tools\compiler\ti-cgt-armllvm_4.0.1.LTS\lib\armv6m-ti-none-eabi\c\</path>
         <kind>archive</kind>
         <file>libc.a</file>
         <name>defs.c.obj</name>
      </input_file>
      <input_file id="fl-42">
         <path>C:\ti\ccs2000\ccs\tools\compiler\ti-cgt-armllvm_4.0.1.LTS\lib\armv6m-ti-none-eabi\c\</path>
         <kind>archive</kind>
         <file>libc.a</file>
         <name>memccpy.c.obj</name>
      </input_file>
      <input_file id="fl-43">
         <path>C:\ti\ccs2000\ccs\tools\compiler\ti-cgt-armllvm_4.0.1.LTS\lib\armv6m-ti-none-eabi\c\</path>
         <kind>archive</kind>
         <file>libc.a</file>
         <name>memory.c.obj</name>
      </input_file>
      <input_file id="fl-44">
         <path>C:\ti\ccs2000\ccs\tools\compiler\ti-cgt-armllvm_4.0.1.LTS\lib\armv6m-ti-none-eabi\c\</path>
         <kind>archive</kind>
         <file>libc.a</file>
         <name>copy_zero_init.c.obj</name>
      </input_file>
      <input_file id="fl-45">
         <path>C:\ti\ccs2000\ccs\tools\compiler\ti-cgt-armllvm_4.0.1.LTS\lib\armv6m-ti-none-eabi\c\</path>
         <kind>archive</kind>
         <file>libc.a</file>
         <name>copy_decompress_none.c.obj</name>
      </input_file>
      <input_file id="fl-46">
         <path>C:\ti\ccs2000\ccs\tools\compiler\ti-cgt-armllvm_4.0.1.LTS\lib\armv6m-ti-none-eabi\c\</path>
         <kind>archive</kind>
         <file>libc.a</file>
         <name>copy_decompress_lzss.c.obj</name>
      </input_file>
      <input_file id="fl-47">
         <path>C:\ti\ccs2000\ccs\tools\compiler\ti-cgt-armllvm_4.0.1.LTS\lib\armv6m-ti-none-eabi\c\</path>
         <kind>archive</kind>
         <file>libc.a</file>
         <name>boot_cortex_m.c.obj</name>
      </input_file>
      <input_file id="fl-48">
         <path>C:\ti\ccs2000\ccs\tools\compiler\ti-cgt-armllvm_4.0.1.LTS\lib\armv6m-ti-none-eabi\c\</path>
         <kind>archive</kind>
         <file>libc.a</file>
         <name>mathacl_init.c.obj</name>
      </input_file>
      <input_file id="fl-49">
         <path>C:\ti\ccs2000\ccs\tools\compiler\ti-cgt-armllvm_4.0.1.LTS\lib\armv6m-ti-none-eabi\c\</path>
         <kind>archive</kind>
         <file>libc.a</file>
         <name>s_frexp.c.obj</name>
      </input_file>
      <input_file id="fl-4a">
         <path>C:\ti\ccs2000\ccs\tools\compiler\ti-cgt-armllvm_4.0.1.LTS\lib\armv6m-ti-none-eabi\c\</path>
         <kind>archive</kind>
         <file>libc.a</file>
         <name>s_scalbn.c.obj</name>
      </input_file>
      <input_file id="fl-4b">
         <path>C:\ti\ccs2000\ccs\tools\compiler\ti-cgt-armllvm_4.0.1.LTS\lib\armv6m-ti-none-eabi\c\</path>
         <kind>archive</kind>
         <file>libc.a</file>
         <name>sprintf.c.obj</name>
      </input_file>
      <input_file id="fl-4c">
         <path>C:\ti\ccs2000\ccs\tools\compiler\ti-cgt-armllvm_4.0.1.LTS\lib\armv6m-ti-none-eabi\c\</path>
         <kind>archive</kind>
         <file>libc.a</file>
         <name>fclose.c.obj</name>
      </input_file>
      <input_file id="fl-4d">
         <path>C:\ti\ccs2000\ccs\tools\compiler\ti-cgt-armllvm_4.0.1.LTS\lib\armv6m-ti-none-eabi\c\</path>
         <kind>archive</kind>
         <file>libc.a</file>
         <name>fflush.c.obj</name>
      </input_file>
      <input_file id="fl-4e">
         <path>C:\ti\ccs2000\ccs\tools\compiler\ti-cgt-armllvm_4.0.1.LTS\lib\armv6m-ti-none-eabi\c\</path>
         <kind>archive</kind>
         <file>libc.a</file>
         <name>fseek.c.obj</name>
      </input_file>
      <input_file id="fl-4f">
         <path>C:\ti\ccs2000\ccs\tools\compiler\ti-cgt-armllvm_4.0.1.LTS\lib\armv6m-ti-none-eabi\c\</path>
         <kind>archive</kind>
         <file>libc.a</file>
         <name>aeabi_ctype.S.obj</name>
      </input_file>
      <input_file id="fl-50">
         <path>C:\ti\ccs2000\ccs\tools\compiler\ti-cgt-armllvm_4.0.1.LTS\lib\armv6m-ti-none-eabi\c\</path>
         <kind>archive</kind>
         <file>libc.a</file>
         <name>args_main.c.obj</name>
      </input_file>
      <input_file id="fl-51">
         <path>C:\ti\ccs2000\ccs\tools\compiler\ti-cgt-armllvm_4.0.1.LTS\lib\armv6m-ti-none-eabi\c\</path>
         <kind>archive</kind>
         <file>libc.a</file>
         <name>autoinit.c.obj</name>
      </input_file>
      <input_file id="fl-52">
         <path>C:\ti\ccs2000\ccs\tools\compiler\ti-cgt-armllvm_4.0.1.LTS\lib\armv6m-ti-none-eabi\c\</path>
         <kind>archive</kind>
         <file>libc.a</file>
         <name>pre_init.c.obj</name>
      </input_file>
      <input_file id="fl-53">
         <path>C:\ti\ccs2000\ccs\tools\compiler\ti-cgt-armllvm_4.0.1.LTS\lib\armv6m-ti-none-eabi\c\</path>
         <kind>archive</kind>
         <file>libc.a</file>
         <name>cpy_tbl.c.obj</name>
      </input_file>
      <input_file id="fl-e9">
         <path>C:\ti\ccs2000\ccs\tools\compiler\ti-cgt-armllvm_4.0.1.LTS\lib\armv6m-ti-none-eabi\c\</path>
         <kind>archive</kind>
         <file>libsysbm.a</file>
         <name>write.c.obj</name>
      </input_file>
      <input_file id="fl-ea">
         <path>C:\ti\ccs2000\ccs\tools\compiler\ti-cgt-armllvm_4.0.1.LTS\lib\armv6m-ti-none-eabi\c\</path>
         <kind>archive</kind>
         <file>libsysbm.a</file>
         <name>host_device.c.obj</name>
      </input_file>
      <input_file id="fl-eb">
         <path>C:\ti\ccs2000\ccs\tools\compiler\ti-cgt-armllvm_4.0.1.LTS\lib\armv6m-ti-none-eabi\c\</path>
         <kind>archive</kind>
         <file>libsysbm.a</file>
         <name>remove.c.obj</name>
      </input_file>
      <input_file id="fl-ec">
         <path>C:\ti\ccs2000\ccs\tools\compiler\ti-cgt-armllvm_4.0.1.LTS\lib\armv6m-ti-none-eabi\c\</path>
         <kind>archive</kind>
         <file>libsysbm.a</file>
         <name>open.c.obj</name>
      </input_file>
      <input_file id="fl-ed">
         <path>C:\ti\ccs2000\ccs\tools\compiler\ti-cgt-armllvm_4.0.1.LTS\lib\armv6m-ti-none-eabi\c\</path>
         <kind>archive</kind>
         <file>libsysbm.a</file>
         <name>lseek.c.obj</name>
      </input_file>
      <input_file id="fl-ee">
         <path>C:\ti\ccs2000\ccs\tools\compiler\ti-cgt-armllvm_4.0.1.LTS\lib\armv6m-ti-none-eabi\c\</path>
         <kind>archive</kind>
         <file>libsysbm.a</file>
         <name>close.c.obj</name>
      </input_file>
      <input_file id="fl-ef">
         <path>C:\ti\ccs2000\ccs\tools\compiler\ti-cgt-armllvm_4.0.1.LTS\lib\armv6m-ti-none-eabi\c\</path>
         <kind>archive</kind>
         <file>libsysbm.a</file>
         <name>add_device.c.obj</name>
      </input_file>
      <input_file id="fl-f0">
         <path>C:\ti\ccs2000\ccs\tools\compiler\ti-cgt-armllvm_4.0.1.LTS\lib\armv6m-ti-none-eabi\c\</path>
         <kind>archive</kind>
         <file>libsysbm.a</file>
         <name>unlink.c.obj</name>
      </input_file>
      <input_file id="fl-f1">
         <path>C:\ti\ccs2000\ccs\tools\compiler\ti-cgt-armllvm_4.0.1.LTS\lib\armv6m-ti-none-eabi\c\</path>
         <kind>archive</kind>
         <file>libsysbm.a</file>
         <name>hostclose.c.obj</name>
      </input_file>
      <input_file id="fl-f2">
         <path>C:\ti\ccs2000\ccs\tools\compiler\ti-cgt-armllvm_4.0.1.LTS\lib\armv6m-ti-none-eabi\c\</path>
         <kind>archive</kind>
         <file>libsysbm.a</file>
         <name>hostlseek.c.obj</name>
      </input_file>
      <input_file id="fl-f3">
         <path>C:\ti\ccs2000\ccs\tools\compiler\ti-cgt-armllvm_4.0.1.LTS\lib\armv6m-ti-none-eabi\c\</path>
         <kind>archive</kind>
         <file>libsysbm.a</file>
         <name>hostopen.c.obj</name>
      </input_file>
      <input_file id="fl-f4">
         <path>C:\ti\ccs2000\ccs\tools\compiler\ti-cgt-armllvm_4.0.1.LTS\lib\armv6m-ti-none-eabi\c\</path>
         <kind>archive</kind>
         <file>libsysbm.a</file>
         <name>hostread.c.obj</name>
      </input_file>
      <input_file id="fl-f5">
         <path>C:\ti\ccs2000\ccs\tools\compiler\ti-cgt-armllvm_4.0.1.LTS\lib\armv6m-ti-none-eabi\c\</path>
         <kind>archive</kind>
         <file>libsysbm.a</file>
         <name>hostrename.c.obj</name>
      </input_file>
      <input_file id="fl-f6">
         <path>C:\ti\ccs2000\ccs\tools\compiler\ti-cgt-armllvm_4.0.1.LTS\lib\armv6m-ti-none-eabi\c\</path>
         <kind>archive</kind>
         <file>libsysbm.a</file>
         <name>hostunlink.c.obj</name>
      </input_file>
      <input_file id="fl-f7">
         <path>C:\ti\ccs2000\ccs\tools\compiler\ti-cgt-armllvm_4.0.1.LTS\lib\armv6m-ti-none-eabi\c\</path>
         <kind>archive</kind>
         <file>libsysbm.a</file>
         <name>hostwrite.c.obj</name>
      </input_file>
      <input_file id="fl-f8">
         <path>C:\ti\ccs2000\ccs\tools\compiler\ti-cgt-armllvm_4.0.1.LTS\lib\armv6m-ti-none-eabi\c\</path>
         <kind>archive</kind>
         <file>libsysbm.a</file>
         <name>trgmsg.c.obj</name>
      </input_file>
      <input_file id="fl-f9">
         <path>C:\ti\ccs2000\ccs\tools\compiler\ti-cgt-armllvm_4.0.1.LTS\lib\armv6m-ti-none-eabi\</path>
         <kind>archive</kind>
         <file>libclang_rt.builtins.a</file>
         <name>adddf3.S.obj</name>
      </input_file>
      <input_file id="fl-fa">
         <path>C:\ti\ccs2000\ccs\tools\compiler\ti-cgt-armllvm_4.0.1.LTS\lib\armv6m-ti-none-eabi\</path>
         <kind>archive</kind>
         <file>libclang_rt.builtins.a</file>
         <name>muldf3.S.obj</name>
      </input_file>
      <input_file id="fl-fb">
         <path>C:\ti\ccs2000\ccs\tools\compiler\ti-cgt-armllvm_4.0.1.LTS\lib\armv6m-ti-none-eabi\</path>
         <kind>archive</kind>
         <file>libclang_rt.builtins.a</file>
         <name>muldsi3.S.obj</name>
      </input_file>
      <input_file id="fl-fc">
         <path>C:\ti\ccs2000\ccs\tools\compiler\ti-cgt-armllvm_4.0.1.LTS\lib\armv6m-ti-none-eabi\</path>
         <kind>archive</kind>
         <file>libclang_rt.builtins.a</file>
         <name>divdf3.S.obj</name>
      </input_file>
      <input_file id="fl-fd">
         <path>C:\ti\ccs2000\ccs\tools\compiler\ti-cgt-armllvm_4.0.1.LTS\lib\armv6m-ti-none-eabi\</path>
         <kind>archive</kind>
         <file>libclang_rt.builtins.a</file>
         <name>fixdfsi.S.obj</name>
      </input_file>
      <input_file id="fl-fe">
         <path>C:\ti\ccs2000\ccs\tools\compiler\ti-cgt-armllvm_4.0.1.LTS\lib\armv6m-ti-none-eabi\</path>
         <kind>archive</kind>
         <file>libclang_rt.builtins.a</file>
         <name>floatsidf.S.obj</name>
      </input_file>
      <input_file id="fl-ff">
         <path>C:\ti\ccs2000\ccs\tools\compiler\ti-cgt-armllvm_4.0.1.LTS\lib\armv6m-ti-none-eabi\</path>
         <kind>archive</kind>
         <file>libclang_rt.builtins.a</file>
         <name>floatunsidf.S.obj</name>
      </input_file>
      <input_file id="fl-100">
         <path>C:\ti\ccs2000\ccs\tools\compiler\ti-cgt-armllvm_4.0.1.LTS\lib\armv6m-ti-none-eabi\</path>
         <kind>archive</kind>
         <file>libclang_rt.builtins.a</file>
         <name>muldi3.S.obj</name>
      </input_file>
      <input_file id="fl-101">
         <path>C:\ti\ccs2000\ccs\tools\compiler\ti-cgt-armllvm_4.0.1.LTS\lib\armv6m-ti-none-eabi\</path>
         <kind>archive</kind>
         <file>libclang_rt.builtins.a</file>
         <name>truncdfsf2.S.obj</name>
      </input_file>
      <input_file id="fl-102">
         <path>C:\ti\ccs2000\ccs\tools\compiler\ti-cgt-armllvm_4.0.1.LTS\lib\armv6m-ti-none-eabi\</path>
         <kind>archive</kind>
         <file>libclang_rt.builtins.a</file>
         <name>aeabi_dcmp.S.obj</name>
      </input_file>
      <input_file id="fl-103">
         <path>C:\ti\ccs2000\ccs\tools\compiler\ti-cgt-armllvm_4.0.1.LTS\lib\armv6m-ti-none-eabi\</path>
         <kind>archive</kind>
         <file>libclang_rt.builtins.a</file>
         <name>aeabi_idivmod.S.obj</name>
      </input_file>
      <input_file id="fl-104">
         <path>C:\ti\ccs2000\ccs\tools\compiler\ti-cgt-armllvm_4.0.1.LTS\lib\armv6m-ti-none-eabi\</path>
         <kind>archive</kind>
         <file>libclang_rt.builtins.a</file>
         <name>aeabi_memcpy.S.obj</name>
      </input_file>
      <input_file id="fl-105">
         <path>C:\ti\ccs2000\ccs\tools\compiler\ti-cgt-armllvm_4.0.1.LTS\lib\armv6m-ti-none-eabi\</path>
         <kind>archive</kind>
         <file>libclang_rt.builtins.a</file>
         <name>aeabi_memset.S.obj</name>
      </input_file>
      <input_file id="fl-106">
         <path>C:\ti\ccs2000\ccs\tools\compiler\ti-cgt-armllvm_4.0.1.LTS\lib\armv6m-ti-none-eabi\</path>
         <kind>archive</kind>
         <file>libclang_rt.builtins.a</file>
         <name>aeabi_uidivmod.S.obj</name>
      </input_file>
      <input_file id="fl-107">
         <path>C:\ti\ccs2000\ccs\tools\compiler\ti-cgt-armllvm_4.0.1.LTS\lib\armv6m-ti-none-eabi\</path>
         <kind>archive</kind>
         <file>libclang_rt.builtins.a</file>
         <name>aeabi_uldivmod.S.obj</name>
      </input_file>
      <input_file id="fl-108">
         <path>C:\ti\ccs2000\ccs\tools\compiler\ti-cgt-armllvm_4.0.1.LTS\lib\armv6m-ti-none-eabi\</path>
         <kind>archive</kind>
         <file>libclang_rt.builtins.a</file>
         <name>udivmoddi4.S.obj</name>
      </input_file>
      <input_file id="fl-109">
         <path>C:\ti\ccs2000\ccs\tools\compiler\ti-cgt-armllvm_4.0.1.LTS\lib\armv6m-ti-none-eabi\</path>
         <kind>archive</kind>
         <file>libclang_rt.builtins.a</file>
         <name>ashldi3.S.obj</name>
      </input_file>
      <input_file id="fl-10a">
         <path>C:\ti\ccs2000\ccs\tools\compiler\ti-cgt-armllvm_4.0.1.LTS\lib\armv6m-ti-none-eabi\</path>
         <kind>archive</kind>
         <file>libclang_rt.builtins.a</file>
         <name>comparedf2.c.obj</name>
      </input_file>
      <input_file id="fl-10b">
         <path>C:\ti\ccs2000\ccs\tools\compiler\ti-cgt-armllvm_4.0.1.LTS\lib\armv6m-ti-none-eabi\</path>
         <kind>archive</kind>
         <file>libclang_rt.builtins.a</file>
         <name>aeabi_div0.c.obj</name>
      </input_file>
      <input_file id="fl-10c">
         <path>C:\ti\ccs2000\ccs\tools\compiler\ti-cgt-armllvm_4.0.1.LTS\lib\armv6m-ti-none-eabi\c\</path>
         <kind>archive</kind>
         <file>libc.a</file>
         <name>getdevice.c.obj</name>
      </input_file>
      <input_file id="fl-10d">
         <path>C:\ti\ccs2000\ccs\tools\compiler\ti-cgt-armllvm_4.0.1.LTS\lib\armv6m-ti-none-eabi\c\</path>
         <kind>archive</kind>
         <file>libc.a</file>
         <name>memcpy16.S.obj</name>
      </input_file>
      <input_file id="fl-10e">
         <path>C:\ti\ccs2000\ccs\tools\compiler\ti-cgt-armllvm_4.0.1.LTS\lib\armv6m-ti-none-eabi\c\</path>
         <kind>archive</kind>
         <file>libc.a</file>
         <name>memset16.S.obj</name>
      </input_file>
      <input_file id="fl-10f">
         <path>C:\ti\ccs2000\ccs\tools\compiler\ti-cgt-armllvm_4.0.1.LTS\lib\armv6m-ti-none-eabi\c\</path>
         <kind>archive</kind>
         <file>libc.a</file>
         <name>strcmp-armv6m.S.obj</name>
      </input_file>
   </input_file_list>
   <object_component_list>
      <object_component id="oc-18">
         <name>.intvecs</name>
         <load_address>0x0</load_address>
         <readonly>true</readonly>
         <run_address>0x0</run_address>
         <size>0xc0</size>
         <alignment>0x4</alignment>
         <input_file_ref idref="fl-12"/>
      </object_component>
      <object_component id="oc-8f">
         <name>.text.updateBallPositions</name>
         <load_address>0x7580</load_address>
         <readonly>true</readonly>
         <executable>true</executable>
         <run_address>0x7580</run_address>
         <size>0x384</size>
         <alignment>0x4</alignment>
         <input_file_ref idref="fl-8"/>
      </object_component>
      <object_component id="oc-1ba">
         <name>.text:__TI_printfi_minimal</name>
         <load_address>0x7904</load_address>
         <readonly>true</readonly>
         <executable>true</executable>
         <run_address>0x7904</run_address>
         <size>0x284</size>
         <alignment>0x4</alignment>
         <input_file_ref idref="fl-34"/>
      </object_component>
      <object_component id="oc-13a">
         <name>.text.Clock_Init80MHz</name>
         <load_address>0x7b88</load_address>
         <readonly>true</readonly>
         <executable>true</executable>
         <run_address>0x7b88</run_address>
         <size>0x1b4</size>
         <alignment>0x4</alignment>
         <input_file_ref idref="fl-4"/>
      </object_component>
      <object_component id="oc-21c">
         <name>.text.ST7735_DrawChar</name>
         <load_address>0x7d3c</load_address>
         <readonly>true</readonly>
         <executable>true</executable>
         <run_address>0x7d3c</run_address>
         <size>0x1a8</size>
         <alignment>0x4</alignment>
         <input_file_ref idref="fl-b"/>
      </object_component>
      <object_component id="oc-1a5">
         <name>.text._openfile</name>
         <load_address>0x7ee4</load_address>
         <readonly>true</readonly>
         <executable>true</executable>
         <run_address>0x7ee4</run_address>
         <size>0x154</size>
         <alignment>0x4</alignment>
         <input_file_ref idref="fl-35"/>
      </object_component>
      <object_component id="oc-a2">
         <name>.text.main</name>
         <load_address>0x8038</load_address>
         <readonly>true</readonly>
         <executable>true</executable>
         <run_address>0x8038</run_address>
         <size>0x13c</size>
         <alignment>0x4</alignment>
         <input_file_ref idref="fl-8"/>
      </object_component>
      <object_component id="oc-164">
         <name>.text.ADC_Init</name>
         <load_address>0x8174</load_address>
         <readonly>true</readonly>
         <executable>true</executable>
         <run_address>0x8174</run_address>
         <size>0x128</size>
         <alignment>0x4</alignment>
         <input_file_ref idref="fl-f"/>
      </object_component>
      <object_component id="oc-f5">
         <name>.text.ADC_InitDual</name>
         <load_address>0x829c</load_address>
         <readonly>true</readonly>
         <executable>true</executable>
         <run_address>0x829c</run_address>
         <size>0x124</size>
         <alignment>0x4</alignment>
         <input_file_ref idref="fl-1"/>
      </object_component>
      <object_component id="oc-15d">
         <name>.text.ST7735_FillRect</name>
         <load_address>0x83c0</load_address>
         <readonly>true</readonly>
         <executable>true</executable>
         <run_address>0x83c0</run_address>
         <size>0x118</size>
         <alignment>0x4</alignment>
         <input_file_ref idref="fl-b"/>
      </object_component>
      <object_component id="oc-21a">
         <name>.text.aligned_alloc</name>
         <load_address>0x84d8</load_address>
         <readonly>true</readonly>
         <executable>true</executable>
         <run_address>0x84d8</run_address>
         <size>0x114</size>
         <alignment>0x4</alignment>
         <input_file_ref idref="fl-43"/>
      </object_component>
      <object_component id="oc-1d7">
         <name>.text.SPI_Init</name>
         <load_address>0x85ec</load_address>
         <readonly>true</readonly>
         <executable>true</executable>
         <run_address>0x85ec</run_address>
         <size>0xf8</size>
         <alignment>0x4</alignment>
         <input_file_ref idref="fl-a"/>
      </object_component>
      <object_component id="oc-1c8">
         <name>.text.fputs</name>
         <load_address>0x86e4</load_address>
         <readonly>true</readonly>
         <executable>true</executable>
         <run_address>0x86e4</run_address>
         <size>0xf8</size>
         <alignment>0x4</alignment>
         <input_file_ref idref="fl-37"/>
      </object_component>
      <object_component id="oc-13f">
         <name>.text.add_device</name>
         <load_address>0x87dc</load_address>
         <readonly>true</readonly>
         <executable>true</executable>
         <run_address>0x87dc</run_address>
         <size>0xec</size>
         <alignment>0x4</alignment>
         <input_file_ref idref="fl-ef"/>
      </object_component>
      <object_component id="oc-166">
         <name>.text.UART_Init</name>
         <load_address>0x88c8</load_address>
         <readonly>true</readonly>
         <executable>true</executable>
         <run_address>0x88c8</run_address>
         <size>0xe8</size>
         <alignment>0x4</alignment>
         <input_file_ref idref="fl-f"/>
      </object_component>
      <object_component id="oc-1ae">
         <name>.text.free</name>
         <load_address>0x89b0</load_address>
         <readonly>true</readonly>
         <executable>true</executable>
         <run_address>0x89b0</run_address>
         <size>0xe8</size>
         <alignment>0x4</alignment>
         <input_file_ref idref="fl-43"/>
      </object_component>
      <object_component id="oc-14a">
         <name>.text.setvbuf</name>
         <load_address>0x8a98</load_address>
         <readonly>true</readonly>
         <executable>true</executable>
         <run_address>0x8a98</run_address>
         <size>0xe0</size>
         <alignment>0x4</alignment>
         <input_file_ref idref="fl-39"/>
      </object_component>
      <object_component id="oc-1b5">
         <name>.text.ST7735_OutChar</name>
         <load_address>0x8b78</load_address>
         <readonly>true</readonly>
         <executable>true</executable>
         <run_address>0x8b78</run_address>
         <size>0xd0</size>
         <alignment>0x4</alignment>
         <input_file_ref idref="fl-b"/>
      </object_component>
      <object_component id="oc-168">
         <name>.text.TimerG7_IntArm</name>
         <load_address>0x8c48</load_address>
         <readonly>true</readonly>
         <executable>true</executable>
         <run_address>0x8c48</run_address>
         <size>0xa8</size>
         <alignment>0x4</alignment>
         <input_file_ref idref="fl-10"/>
      </object_component>
      <object_component id="oc-189">
         <name>.text.commandList</name>
         <load_address>0x8cf0</load_address>
         <readonly>true</readonly>
         <executable>true</executable>
         <run_address>0x8cf0</run_address>
         <size>0xa2</size>
         <alignment>0x2</alignment>
         <input_file_ref idref="fl-b"/>
      </object_component>
      <object_component id="oc-125">
         <name>.text.__aeabi_idiv0</name>
         <load_address>0x8d92</load_address>
         <readonly>true</readonly>
         <executable>true</executable>
         <run_address>0x8d92</run_address>
         <size>0x2</size>
         <alignment>0x2</alignment>
         <input_file_ref idref="fl-10b"/>
      </object_component>
      <object_component id="oc-202">
         <name>.text.open</name>
         <load_address>0x8d94</load_address>
         <readonly>true</readonly>
         <executable>true</executable>
         <run_address>0x8d94</run_address>
         <size>0xa0</size>
         <alignment>0x4</alignment>
         <input_file_ref idref="fl-ec"/>
      </object_component>
      <object_component id="oc-e7">
         <name>.text.ST7735_InitPrintf</name>
         <load_address>0x8e34</load_address>
         <readonly>true</readonly>
         <executable>true</executable>
         <run_address>0x8e34</run_address>
         <size>0x9c</size>
         <alignment>0x4</alignment>
         <input_file_ref idref="fl-b"/>
      </object_component>
      <object_component id="oc-1ce">
         <name>.text.fputc</name>
         <load_address>0x8ed0</load_address>
         <readonly>true</readonly>
         <executable>true</executable>
         <run_address>0x8ed0</run_address>
         <size>0x9c</size>
         <alignment>0x4</alignment>
         <input_file_ref idref="fl-36"/>
      </object_component>
      <object_component id="oc-13e">
         <name>.text.ST7735_InitR</name>
         <load_address>0x8f6c</load_address>
         <readonly>true</readonly>
         <executable>true</executable>
         <run_address>0x8f6c</run_address>
         <size>0x98</size>
         <alignment>0x4</alignment>
         <input_file_ref idref="fl-b"/>
      </object_component>
      <object_component id="oc-90">
         <name>.text.updatePaddlesPositions</name>
         <load_address>0x9004</load_address>
         <readonly>true</readonly>
         <executable>true</executable>
         <run_address>0x9004</run_address>
         <size>0x98</size>
         <alignment>0x4</alignment>
         <input_file_ref idref="fl-8"/>
      </object_component>
      <object_component id="oc-46">
         <name>.text.TIMG12_IRQHandler</name>
         <load_address>0x909c</load_address>
         <readonly>true</readonly>
         <executable>true</executable>
         <run_address>0x909c</run_address>
         <size>0x94</size>
         <alignment>0x4</alignment>
         <input_file_ref idref="fl-8"/>
      </object_component>
      <object_component id="oc-7d">
         <name>.text.TimerG12_IntArm</name>
         <load_address>0x9130</load_address>
         <readonly>true</readonly>
         <executable>true</executable>
         <run_address>0x9130</run_address>
         <size>0x94</size>
         <alignment>0x4</alignment>
         <input_file_ref idref="fl-10"/>
      </object_component>
      <object_component id="oc-1b9">
         <name>.text.setAddrWindow</name>
         <load_address>0x91c4</load_address>
         <readonly>true</readonly>
         <executable>true</executable>
         <run_address>0x91c4</run_address>
         <size>0x88</size>
         <alignment>0x4</alignment>
         <input_file_ref idref="fl-b"/>
      </object_component>
      <object_component id="oc-9e">
         <name>.text._system_pre_init</name>
         <load_address>0x924c</load_address>
         <readonly>true</readonly>
         <executable>true</executable>
         <run_address>0x924c</run_address>
         <size>0x4</size>
         <alignment>0x2</alignment>
         <input_file_ref idref="fl-52"/>
      </object_component>
      <object_component id="oc-1da">
         <name>.text:strcmp</name>
         <load_address>0x9250</load_address>
         <readonly>true</readonly>
         <executable>true</executable>
         <run_address>0x9250</run_address>
         <size>0x88</size>
         <alignment>0x10</alignment>
         <input_file_ref idref="fl-10f"/>
      </object_component>
      <object_component id="oc-21b">
         <name>.text.ST7735_DrawString</name>
         <load_address>0x92d8</load_address>
         <readonly>true</readonly>
         <executable>true</executable>
         <run_address>0x92d8</run_address>
         <size>0x84</size>
         <alignment>0x2</alignment>
         <input_file_ref idref="fl-b"/>
      </object_component>
      <object_component id="oc-e2">
         <name>.text.LaunchPad_Init</name>
         <load_address>0x935c</load_address>
         <readonly>true</readonly>
         <executable>true</executable>
         <run_address>0x935c</run_address>
         <size>0x7c</size>
         <alignment>0x4</alignment>
         <input_file_ref idref="fl-9"/>
      </object_component>
      <object_component id="oc-1a8">
         <name>.text.__TI_closefile</name>
         <load_address>0x93d8</load_address>
         <readonly>true</readonly>
         <executable>true</executable>
         <run_address>0x93d8</run_address>
         <size>0x7c</size>
         <alignment>0x4</alignment>
         <input_file_ref idref="fl-4c"/>
      </object_component>
      <object_component id="oc-1c">
         <name>.text:decompress:lzss</name>
         <load_address>0x9454</load_address>
         <readonly>true</readonly>
         <executable>true</executable>
         <run_address>0x9454</run_address>
         <size>0x7c</size>
         <alignment>0x4</alignment>
         <input_file_ref idref="fl-46"/>
      </object_component>
      <object_component id="oc-3c">
         <name>.text.GROUP1_IRQHandler</name>
         <load_address>0x94d0</load_address>
         <readonly>true</readonly>
         <executable>true</executable>
         <run_address>0x94d0</run_address>
         <size>0x70</size>
         <alignment>0x4</alignment>
         <input_file_ref idref="fl-8"/>
      </object_component>
      <object_component id="oc-1f0">
         <name>.text.HOSTlseek</name>
         <load_address>0x9540</load_address>
         <readonly>true</readonly>
         <executable>true</executable>
         <run_address>0x9540</run_address>
         <size>0x6c</size>
         <alignment>0x4</alignment>
         <input_file_ref idref="fl-f2"/>
      </object_component>
      <object_component id="oc-1f8">
         <name>.text.HOSTrename</name>
         <load_address>0x95ac</load_address>
         <readonly>true</readonly>
         <executable>true</executable>
         <run_address>0x95ac</run_address>
         <size>0x6c</size>
         <alignment>0x4</alignment>
         <input_file_ref idref="fl-f5"/>
      </object_component>
      <object_component id="oc-fe">
         <name>.text.drawNewSprites</name>
         <load_address>0x9618</load_address>
         <readonly>true</readonly>
         <executable>true</executable>
         <run_address>0x9618</run_address>
         <size>0x6c</size>
         <alignment>0x4</alignment>
         <input_file_ref idref="fl-8"/>
      </object_component>
      <object_component id="oc-2f9">
         <name>.text.fseeko</name>
         <load_address>0x9684</load_address>
         <readonly>true</readonly>
         <executable>true</executable>
         <run_address>0x9684</run_address>
         <size>0x6c</size>
         <alignment>0x4</alignment>
         <input_file_ref idref="fl-4e"/>
      </object_component>
      <object_component id="oc-273">
         <name>.text.getdevice</name>
         <load_address>0x96f0</load_address>
         <readonly>true</readonly>
         <executable>true</executable>
         <run_address>0x96f0</run_address>
         <size>0x6c</size>
         <alignment>0x4</alignment>
         <input_file_ref idref="fl-10c"/>
      </object_component>
      <object_component id="oc-ed">
         <name>.text.Switch_Init</name>
         <load_address>0x975c</load_address>
         <readonly>true</readonly>
         <executable>true</executable>
         <run_address>0x975c</run_address>
         <size>0x68</size>
         <alignment>0x4</alignment>
         <input_file_ref idref="fl-e"/>
      </object_component>
      <object_component id="oc-c9">
         <name>.text.ADC_InDual</name>
         <load_address>0x97c4</load_address>
         <readonly>true</readonly>
         <executable>true</executable>
         <run_address>0x97c4</run_address>
         <size>0x64</size>
         <alignment>0x4</alignment>
         <input_file_ref idref="fl-1"/>
      </object_component>
      <object_component id="oc-78">
         <name>.text.LED_Toggle</name>
         <load_address>0x9828</load_address>
         <readonly>true</readonly>
         <executable>true</executable>
         <run_address>0x9828</run_address>
         <size>0x64</size>
         <alignment>0x4</alignment>
         <input_file_ref idref="fl-7"/>
      </object_component>
      <object_component id="oc-245">
         <name>.text.__TI_wrt_ok</name>
         <load_address>0x988c</load_address>
         <readonly>true</readonly>
         <executable>true</executable>
         <run_address>0x988c</run_address>
         <size>0x64</size>
         <alignment>0x2</alignment>
         <input_file_ref idref="fl-38"/>
      </object_component>
      <object_component id="oc-286">
         <name>.text.split</name>
         <load_address>0x98f0</load_address>
         <readonly>true</readonly>
         <executable>true</executable>
         <run_address>0x98f0</run_address>
         <size>0x64</size>
         <alignment>0x4</alignment>
         <input_file_ref idref="fl-43"/>
      </object_component>
      <object_component id="oc-1e0">
         <name>.text.HOSTopen</name>
         <load_address>0x9954</load_address>
         <readonly>true</readonly>
         <executable>true</executable>
         <run_address>0x9954</run_address>
         <size>0x60</size>
         <alignment>0x4</alignment>
         <input_file_ref idref="fl-f3"/>
      </object_component>
      <object_component id="oc-fd">
         <name>.text.clearOldSprites</name>
         <load_address>0x99b4</load_address>
         <readonly>true</readonly>
         <executable>true</executable>
         <run_address>0x99b4</run_address>
         <size>0x60</size>
         <alignment>0x4</alignment>
         <input_file_ref idref="fl-8"/>
      </object_component>
      <object_component id="oc-fc">
         <name>.text.outputInstructions</name>
         <load_address>0x9a14</load_address>
         <readonly>true</readonly>
         <executable>true</executable>
         <run_address>0x9a14</run_address>
         <size>0x60</size>
         <alignment>0x4</alignment>
         <input_file_ref idref="fl-8"/>
      </object_component>
      <object_component id="oc-fb">
         <name>.text.languageSelect</name>
         <load_address>0x9a74</load_address>
         <readonly>true</readonly>
         <executable>true</executable>
         <run_address>0x9a74</run_address>
         <size>0x5c</size>
         <alignment>0x4</alignment>
         <input_file_ref idref="fl-8"/>
      </object_component>
      <object_component id="oc-101">
         <name>.text.printf</name>
         <load_address>0x9ad0</load_address>
         <readonly>true</readonly>
         <executable>true</executable>
         <run_address>0x9ad0</run_address>
         <size>0x5c</size>
         <alignment>0x4</alignment>
         <input_file_ref idref="fl-33"/>
      </object_component>
      <object_component id="oc-1e8">
         <name>.text.HOSTread</name>
         <load_address>0x9b2c</load_address>
         <readonly>true</readonly>
         <executable>true</executable>
         <run_address>0x9b2c</run_address>
         <size>0x58</size>
         <alignment>0x4</alignment>
         <input_file_ref idref="fl-f4"/>
      </object_component>
      <object_component id="oc-1ec">
         <name>.text.HOSTwrite</name>
         <load_address>0x9b84</load_address>
         <readonly>true</readonly>
         <executable>true</executable>
         <run_address>0x9b84</run_address>
         <size>0x58</size>
         <alignment>0x4</alignment>
         <input_file_ref idref="fl-f7"/>
      </object_component>
      <object_component id="oc-f4">
         <name>.text.TExaS_Init</name>
         <load_address>0x9bdc</load_address>
         <readonly>true</readonly>
         <executable>true</executable>
         <run_address>0x9bdc</run_address>
         <size>0x58</size>
         <alignment>0x4</alignment>
         <input_file_ref idref="fl-f"/>
      </object_component>
      <object_component id="oc-bc">
         <name>.text.__aeabi_idivmod</name>
         <load_address>0x9c34</load_address>
         <readonly>true</readonly>
         <executable>true</executable>
         <run_address>0x9c34</run_address>
         <size>0x56</size>
         <alignment>0x4</alignment>
         <input_file_ref idref="fl-103"/>
      </object_component>
      <object_component id="oc-206">
         <name>.text.__TI_doflush</name>
         <load_address>0x9c8a</load_address>
         <readonly>true</readonly>
         <executable>true</executable>
         <run_address>0x9c8a</run_address>
         <size>0x52</size>
         <alignment>0x2</alignment>
         <input_file_ref idref="fl-4d"/>
      </object_component>
      <object_component id="oc-162">
         <name>.text.DAC5_Init</name>
         <load_address>0x9cdc</load_address>
         <readonly>true</readonly>
         <executable>true</executable>
         <run_address>0x9cdc</run_address>
         <size>0x50</size>
         <alignment>0x4</alignment>
         <input_file_ref idref="fl-5"/>
      </object_component>
      <object_component id="oc-16c">
         <name>.text.Switch_In</name>
         <load_address>0x9d2c</load_address>
         <readonly>true</readonly>
         <executable>true</executable>
         <run_address>0x9d2c</run_address>
         <size>0x50</size>
         <alignment>0x4</alignment>
         <input_file_ref idref="fl-e"/>
      </object_component>
      <object_component id="oc-20c">
         <name>.text.close</name>
         <load_address>0x9d7c</load_address>
         <readonly>true</readonly>
         <executable>true</executable>
         <run_address>0x9d7c</run_address>
         <size>0x50</size>
         <alignment>0x4</alignment>
         <input_file_ref idref="fl-ee"/>
      </object_component>
      <object_component id="oc-1e4">
         <name>.text.HOSTclose</name>
         <load_address>0x9dcc</load_address>
         <readonly>true</readonly>
         <executable>true</executable>
         <run_address>0x9dcc</run_address>
         <size>0x48</size>
         <alignment>0x4</alignment>
         <input_file_ref idref="fl-f1"/>
      </object_component>
      <object_component id="oc-1f4">
         <name>.text.HOSTunlink</name>
         <load_address>0x9e14</load_address>
         <readonly>true</readonly>
         <executable>true</executable>
         <run_address>0x9e14</run_address>
         <size>0x48</size>
         <alignment>0x4</alignment>
         <input_file_ref idref="fl-f6"/>
      </object_component>
      <object_component id="oc-18a">
         <name>.text.SPI_OutCommand</name>
         <load_address>0x9e5c</load_address>
         <readonly>true</readonly>
         <executable>true</executable>
         <run_address>0x9e5c</run_address>
         <size>0x48</size>
         <alignment>0x4</alignment>
         <input_file_ref idref="fl-a"/>
      </object_component>
      <object_component id="oc-f2">
         <name>.text.LED_Init</name>
         <load_address>0x9ea4</load_address>
         <readonly>true</readonly>
         <executable>true</executable>
         <run_address>0x9ea4</run_address>
         <size>0x44</size>
         <alignment>0x4</alignment>
         <input_file_ref idref="fl-7"/>
      </object_component>
      <object_component id="oc-163">
         <name>.text.SysTick_IntArm</name>
         <load_address>0x9ee8</load_address>
         <readonly>true</readonly>
         <executable>true</executable>
         <run_address>0x9ee8</run_address>
         <size>0x44</size>
         <alignment>0x4</alignment>
         <input_file_ref idref="fl-d"/>
      </object_component>
      <object_component id="oc-f6">
         <name>.text.EdgeTriggered_Init</name>
         <load_address>0x9f2c</load_address>
         <readonly>true</readonly>
         <executable>true</executable>
         <run_address>0x9f2c</run_address>
         <size>0x40</size>
         <alignment>0x4</alignment>
         <input_file_ref idref="fl-6"/>
      </object_component>
      <object_component id="oc-253">
         <name>.text.SPI_Reset</name>
         <load_address>0x9f6c</load_address>
         <readonly>true</readonly>
         <executable>true</executable>
         <run_address>0x9f6c</run_address>
         <size>0x40</size>
         <alignment>0x4</alignment>
         <input_file_ref idref="fl-a"/>
      </object_component>
      <object_component id="oc-41">
         <name>.text.TIMG7_IRQHandler</name>
         <load_address>0x9fac</load_address>
         <readonly>true</readonly>
         <executable>true</executable>
         <run_address>0x9fac</run_address>
         <size>0x40</size>
         <alignment>0x4</alignment>
         <input_file_ref idref="fl-f"/>
      </object_component>
      <object_component id="oc-b4">
         <name>.text.__aeabi_uidivmod</name>
         <load_address>0x9fec</load_address>
         <readonly>true</readonly>
         <executable>true</executable>
         <run_address>0x9fec</run_address>
         <size>0x40</size>
         <alignment>0x4</alignment>
         <input_file_ref idref="fl-106"/>
      </object_component>
      <object_component id="oc-1a4">
         <name>.text._search_fp</name>
         <load_address>0xa02c</load_address>
         <readonly>true</readonly>
         <executable>true</executable>
         <run_address>0xa02c</run_address>
         <size>0x40</size>
         <alignment>0x4</alignment>
         <input_file_ref idref="fl-35"/>
      </object_component>
      <object_component id="oc-37">
         <name>.text.SysTick_Handler</name>
         <load_address>0xa06c</load_address>
         <readonly>true</readonly>
         <executable>true</executable>
         <run_address>0xa06c</run_address>
         <size>0x3c</size>
         <alignment>0x4</alignment>
         <input_file_ref idref="fl-d"/>
      </object_component>
      <object_component id="oc-113">
         <name>.text:__TI_auto_init_nobinit_nopinit</name>
         <load_address>0xa0a8</load_address>
         <readonly>true</readonly>
         <executable>true</executable>
         <run_address>0xa0a8</run_address>
         <size>0x3c</size>
         <alignment>0x4</alignment>
         <input_file_ref idref="fl-51"/>
      </object_component>
      <object_component id="oc-13b">
         <name>.text.ActivatePortA_B</name>
         <load_address>0xa0e4</load_address>
         <readonly>true</readonly>
         <executable>true</executable>
         <run_address>0xa0e4</run_address>
         <size>0x38</size>
         <alignment>0x4</alignment>
         <input_file_ref idref="fl-9"/>
      </object_component>
      <object_component id="oc-18f">
         <name>.text.SPI_OutData</name>
         <load_address>0xa11c</load_address>
         <readonly>true</readonly>
         <executable>true</executable>
         <run_address>0xa11c</run_address>
         <size>0x38</size>
         <alignment>0x4</alignment>
         <input_file_ref idref="fl-a"/>
      </object_component>
      <object_component id="oc-12b">
         <name>.text.Sound_Start</name>
         <load_address>0xa154</load_address>
         <readonly>true</readonly>
         <executable>true</executable>
         <run_address>0xa154</run_address>
         <size>0x38</size>
         <alignment>0x4</alignment>
         <input_file_ref idref="fl-d"/>
      </object_component>
      <object_component id="oc-82">
         <name>.text.Clock_Delay1ms</name>
         <load_address>0xa18c</load_address>
         <readonly>true</readonly>
         <executable>true</executable>
         <run_address>0xa18c</run_address>
         <size>0x34</size>
         <alignment>0x4</alignment>
         <input_file_ref idref="fl-4"/>
      </object_component>
      <object_component id="oc-100">
         <name>.text.ST7735_SetCursor</name>
         <load_address>0xa1c0</load_address>
         <readonly>true</readonly>
         <executable>true</executable>
         <run_address>0xa1c0</run_address>
         <size>0x34</size>
         <alignment>0x4</alignment>
         <input_file_ref idref="fl-b"/>
      </object_component>
      <object_component id="oc-151">
         <name>.text.ST7735_write</name>
         <load_address>0xa1f4</load_address>
         <readonly>true</readonly>
         <executable>true</executable>
         <run_address>0xa1f4</run_address>
         <size>0x34</size>
         <alignment>0x2</alignment>
         <input_file_ref idref="fl-b"/>
      </object_component>
      <object_component id="oc-1b1">
         <name>.text.__TI_cleanup</name>
         <load_address>0xa228</load_address>
         <readonly>true</readonly>
         <executable>true</executable>
         <run_address>0xa228</run_address>
         <size>0x34</size>
         <alignment>0x4</alignment>
         <input_file_ref idref="fl-35"/>
      </object_component>
      <object_component id="oc-25b">
         <name>.text.__TI_readmsg</name>
         <load_address>0xa25c</load_address>
         <readonly>true</readonly>
         <executable>true</executable>
         <run_address>0xa25c</run_address>
         <size>0x34</size>
         <alignment>0x4</alignment>
         <input_file_ref idref="fl-f8"/>
      </object_component>
      <object_component id="oc-255">
         <name>.text.__TI_writemsg</name>
         <load_address>0xa290</load_address>
         <readonly>true</readonly>
         <executable>true</executable>
         <run_address>0xa290</run_address>
         <size>0x34</size>
         <alignment>0x4</alignment>
         <input_file_ref idref="fl-f8"/>
      </object_component>
      <object_component id="oc-111">
         <name>.text.exit</name>
         <load_address>0xa2c4</load_address>
         <readonly>true</readonly>
         <executable>true</executable>
         <run_address>0xa2c4</run_address>
         <size>0x34</size>
         <alignment>0x4</alignment>
         <input_file_ref idref="fl-3c"/>
      </object_component>
      <object_component id="oc-198">
         <name>.text.finddevice</name>
         <load_address>0xa2f8</load_address>
         <readonly>true</readonly>
         <executable>true</executable>
         <run_address>0xa2f8</run_address>
         <size>0x34</size>
         <alignment>0x4</alignment>
         <input_file_ref idref="fl-10c"/>
      </object_component>
      <object_component id="oc-149">
         <name>.text.freopen</name>
         <load_address>0xa32c</load_address>
         <readonly>true</readonly>
         <executable>true</executable>
         <run_address>0xa32c</run_address>
         <size>0x34</size>
         <alignment>0x4</alignment>
         <input_file_ref idref="fl-35"/>
      </object_component>
      <object_component id="oc-188">
         <name>.text.commonInit</name>
         <load_address>0xa360</load_address>
         <readonly>true</readonly>
         <executable>true</executable>
         <run_address>0xa360</run_address>
         <size>0x30</size>
         <alignment>0x4</alignment>
         <input_file_ref idref="fl-b"/>
      </object_component>
      <object_component id="oc-143">
         <name>.text.fopen</name>
         <load_address>0xa390</load_address>
         <readonly>true</readonly>
         <executable>true</executable>
         <run_address>0xa390</run_address>
         <size>0x30</size>
         <alignment>0x4</alignment>
         <input_file_ref idref="fl-35"/>
      </object_component>
      <object_component id="oc-ec">
         <name>.text.ST7735_FillScreen</name>
         <load_address>0xa3c0</load_address>
         <readonly>true</readonly>
         <executable>true</executable>
         <run_address>0xa3c0</run_address>
         <size>0x2c</size>
         <alignment>0x4</alignment>
         <input_file_ref idref="fl-b"/>
      </object_component>
      <object_component id="oc-27e">
         <name>.text.unlink</name>
         <load_address>0xa3ec</load_address>
         <readonly>true</readonly>
         <executable>true</executable>
         <run_address>0xa3ec</run_address>
         <size>0x2c</size>
         <alignment>0x4</alignment>
         <input_file_ref idref="fl-f0"/>
      </object_component>
      <object_component id="oc-165">
         <name>.text.ADC_Start</name>
         <load_address>0xa418</load_address>
         <readonly>true</readonly>
         <executable>true</executable>
         <run_address>0xa418</run_address>
         <size>0x28</size>
         <alignment>0x4</alignment>
         <input_file_ref idref="fl-f"/>
      </object_component>
      <object_component id="oc-219">
         <name>.text.free_list_insert</name>
         <load_address>0xa440</load_address>
         <readonly>true</readonly>
         <executable>true</executable>
         <run_address>0xa440</run_address>
         <size>0x28</size>
         <alignment>0x4</alignment>
         <input_file_ref idref="fl-43"/>
      </object_component>
      <object_component id="oc-2fd">
         <name>.text.lseek</name>
         <load_address>0xa468</load_address>
         <readonly>true</readonly>
         <executable>true</executable>
         <run_address>0xa468</run_address>
         <size>0x28</size>
         <alignment>0x4</alignment>
         <input_file_ref idref="fl-ed"/>
      </object_component>
      <object_component id="oc-24b">
         <name>.text.write</name>
         <load_address>0xa490</load_address>
         <readonly>true</readonly>
         <executable>true</executable>
         <run_address>0xa490</run_address>
         <size>0x28</size>
         <alignment>0x4</alignment>
         <input_file_ref idref="fl-e9"/>
      </object_component>
      <object_component id="oc-62">
         <name>.text:_c_int00_noargs</name>
         <load_address>0xa4b8</load_address>
         <readonly>true</readonly>
         <executable>true</executable>
         <run_address>0xa4b8</run_address>
         <size>0x28</size>
         <alignment>0x4</alignment>
         <input_file_ref idref="fl-47"/>
      </object_component>
      <object_component id="oc-220">
         <name>.text.memccpy</name>
         <load_address>0xa4e0</load_address>
         <readonly>true</readonly>
         <executable>true</executable>
         <run_address>0xa4e0</run_address>
         <size>0x22</size>
         <alignment>0x2</alignment>
         <input_file_ref idref="fl-42"/>
      </object_component>
      <object_component id="oc-288">
         <name>.text.pushColor</name>
         <load_address>0xa502</load_address>
         <readonly>true</readonly>
         <executable>true</executable>
         <run_address>0xa502</run_address>
         <size>0x1e</size>
         <alignment>0x2</alignment>
         <input_file_ref idref="fl-b"/>
      </object_component>
      <object_component id="oc-6e">
         <name>.text.DAC5_Out</name>
         <load_address>0xa520</load_address>
         <readonly>true</readonly>
         <executable>true</executable>
         <run_address>0xa520</run_address>
         <size>0x1c</size>
         <alignment>0x4</alignment>
         <input_file_ref idref="fl-5"/>
      </object_component>
      <object_component id="oc-35">
         <name>.text.Default_Handler</name>
         <load_address>0xa53c</load_address>
         <readonly>true</readonly>
         <executable>true</executable>
         <run_address>0xa53c</run_address>
         <size>0x1c</size>
         <alignment>0x4</alignment>
         <input_file_ref idref="fl-12"/>
      </object_component>
      <object_component id="oc-36">
         <name>.text.HardFault_Handler</name>
         <load_address>0xa558</load_address>
         <readonly>true</readonly>
         <executable>true</executable>
         <run_address>0xa558</run_address>
         <size>0x1c</size>
         <alignment>0x4</alignment>
         <input_file_ref idref="fl-12"/>
      </object_component>
      <object_component id="oc-217">
         <name>.text.free_list_remove</name>
         <load_address>0xa574</load_address>
         <readonly>true</readonly>
         <executable>true</executable>
         <run_address>0xa574</run_address>
         <size>0x1c</size>
         <alignment>0x4</alignment>
         <input_file_ref idref="fl-43"/>
      </object_component>
      <object_component id="oc-fa">
         <name>.text.outputStartingScreen</name>
         <load_address>0xa590</load_address>
         <readonly>true</readonly>
         <executable>true</executable>
         <run_address>0xa590</run_address>
         <size>0x18</size>
         <alignment>0x4</alignment>
         <input_file_ref idref="fl-8"/>
      </object_component>
      <object_component id="oc-154">
         <name>.text.ST7735_open</name>
         <load_address>0xa5a8</load_address>
         <readonly>true</readonly>
         <executable>true</executable>
         <run_address>0xa5a8</run_address>
         <size>0x16</size>
         <alignment>0x2</alignment>
         <input_file_ref idref="fl-b"/>
      </object_component>
      <object_component id="oc-152">
         <name>.text.ST7735_read</name>
         <load_address>0xa5be</load_address>
         <readonly>true</readonly>
         <executable>true</executable>
         <run_address>0xa5be</run_address>
         <size>0x16</size>
         <alignment>0x2</alignment>
         <input_file_ref idref="fl-b"/>
      </object_component>
      <object_component id="oc-59">
         <name>.text:decompress:ZI:__TI_zero_init_nomemset</name>
         <load_address>0xa5d4</load_address>
         <readonly>true</readonly>
         <executable>true</executable>
         <run_address>0xa5d4</run_address>
         <size>0x16</size>
         <alignment>0x2</alignment>
         <input_file_ref idref="fl-44"/>
      </object_component>
      <object_component id="oc-1c2">
         <name>.text._nop</name>
         <load_address>0xa5ea</load_address>
         <readonly>true</readonly>
         <executable>true</executable>
         <run_address>0xa5ea</run_address>
         <size>0x2</size>
         <alignment>0x2</alignment>
         <input_file_ref idref="fl-3d"/>
      </object_component>
      <object_component id="oc-bb">
         <name>.text.Sound_Bounce</name>
         <load_address>0xa5ec</load_address>
         <readonly>true</readonly>
         <executable>true</executable>
         <run_address>0xa5ec</run_address>
         <size>0x14</size>
         <alignment>0x4</alignment>
         <input_file_ref idref="fl-d"/>
      </object_component>
      <object_component id="oc-ff">
         <name>.text.Sound_End</name>
         <load_address>0xa600</load_address>
         <readonly>true</readonly>
         <executable>true</executable>
         <run_address>0xa600</run_address>
         <size>0x14</size>
         <alignment>0x4</alignment>
         <input_file_ref idref="fl-d"/>
      </object_component>
      <object_component id="oc-c0">
         <name>.text.Sound_Score</name>
         <load_address>0xa614</load_address>
         <readonly>true</readonly>
         <executable>true</executable>
         <run_address>0xa614</run_address>
         <size>0x14</size>
         <alignment>0x4</alignment>
         <input_file_ref idref="fl-d"/>
      </object_component>
      <object_component id="oc-ce">
         <name>.text.Convert</name>
         <load_address>0xa628</load_address>
         <readonly>true</readonly>
         <executable>true</executable>
         <run_address>0xa628</run_address>
         <size>0x12</size>
         <alignment>0x2</alignment>
         <input_file_ref idref="fl-2"/>
      </object_component>
      <object_component id="oc-d7">
         <name>.text:TI_memcpy_small</name>
         <load_address>0xa63a</load_address>
         <readonly>true</readonly>
         <executable>true</executable>
         <run_address>0xa63a</run_address>
         <size>0x12</size>
         <alignment>0x1</alignment>
         <input_file_ref idref="fl-10d"/>
      </object_component>
      <object_component id="oc-20">
         <name>.text:decompress:none</name>
         <load_address>0xa64c</load_address>
         <readonly>true</readonly>
         <executable>true</executable>
         <run_address>0xa64c</run_address>
         <size>0x12</size>
         <alignment>0x2</alignment>
         <input_file_ref idref="fl-45"/>
      </object_component>
      <object_component id="oc-b1">
         <name>.text.Clock_Delay</name>
         <load_address>0xa65e</load_address>
         <readonly>true</readonly>
         <executable>true</executable>
         <run_address>0xa65e</run_address>
         <size>0x10</size>
         <alignment>0x2</alignment>
         <input_file_ref idref="fl-4"/>
      </object_component>
      <object_component id="oc-187">
         <name>.text.Delay</name>
         <load_address>0xa66e</load_address>
         <readonly>true</readonly>
         <executable>true</executable>
         <run_address>0xa66e</run_address>
         <size>0x10</size>
         <alignment>0x2</alignment>
         <input_file_ref idref="fl-9"/>
      </object_component>
      <object_component id="oc-f3">
         <name>.text.Sound_Init</name>
         <load_address>0xa67e</load_address>
         <readonly>true</readonly>
         <executable>true</executable>
         <run_address>0xa67e</run_address>
         <size>0x10</size>
         <alignment>0x2</alignment>
         <input_file_ref idref="fl-d"/>
      </object_component>
      <object_component id="oc-107">
         <name>.text.TExaS_LaunchPadLogicPB27PB26</name>
         <load_address>0xa690</load_address>
         <readonly>true</readonly>
         <executable>true</executable>
         <run_address>0xa690</run_address>
         <size>0x10</size>
         <alignment>0x4</alignment>
         <input_file_ref idref="fl-8"/>
      </object_component>
      <object_component id="oc-218">
         <name>.text.OUTLINED_FUNCTION_0</name>
         <load_address>0xa6a0</load_address>
         <readonly>true</readonly>
         <executable>true</executable>
         <run_address>0xa6a0</run_address>
         <size>0xe</size>
         <alignment>0x2</alignment>
         <input_file_ref idref="fl-43"/>
      </object_component>
      <object_component id="oc-150">
         <name>.text.ST7735_lseek</name>
         <load_address>0xa6ae</load_address>
         <readonly>true</readonly>
         <executable>true</executable>
         <run_address>0xa6ae</run_address>
         <size>0xe</size>
         <alignment>0x2</alignment>
         <input_file_ref idref="fl-b"/>
      </object_component>
      <object_component id="oc-21f">
         <name>.text.__aeabi_memset</name>
         <load_address>0xa6bc</load_address>
         <readonly>true</readonly>
         <executable>true</executable>
         <run_address>0xa6bc</run_address>
         <size>0xe</size>
         <alignment>0x4</alignment>
         <input_file_ref idref="fl-105"/>
      </object_component>
      <object_component id="oc-26f">
         <name>.text.strcpy</name>
         <load_address>0xa6ca</load_address>
         <readonly>true</readonly>
         <executable>true</executable>
         <run_address>0xa6ca</run_address>
         <size>0xe</size>
         <alignment>0x2</alignment>
         <input_file_ref idref="fl-f5"/>
      </object_component>
      <object_component id="oc-21e">
         <name>.text.strlen</name>
         <load_address>0xa6d8</load_address>
         <readonly>true</readonly>
         <executable>true</executable>
         <run_address>0xa6d8</run_address>
         <size>0xe</size>
         <alignment>0x2</alignment>
         <input_file_ref idref="fl-34"/>
      </object_component>
      <object_component id="oc-270">
         <name>.text.strlen</name>
         <load_address>0xa6e6</load_address>
         <readonly>true</readonly>
         <executable>true</executable>
         <run_address>0xa6e6</run_address>
         <size>0xe</size>
         <alignment>0x2</alignment>
         <input_file_ref idref="fl-f5"/>
      </object_component>
      <object_component id="oc-134">
         <name>.text:TI_memset_small</name>
         <load_address>0xa6f4</load_address>
         <readonly>true</readonly>
         <executable>true</executable>
         <run_address>0xa6f4</run_address>
         <size>0xe</size>
         <alignment>0x1</alignment>
         <input_file_ref idref="fl-10e"/>
      </object_component>
      <object_component id="oc-167">
         <name>.text.Clock_Freq</name>
         <load_address>0xa704</load_address>
         <readonly>true</readonly>
         <executable>true</executable>
         <run_address>0xa704</run_address>
         <size>0xc</size>
         <alignment>0x4</alignment>
         <input_file_ref idref="fl-4"/>
      </object_component>
      <object_component id="oc-14e">
         <name>.text.ST7735_rename</name>
         <load_address>0xa710</load_address>
         <readonly>true</readonly>
         <executable>true</executable>
         <run_address>0xa710</run_address>
         <size>0xc</size>
         <alignment>0x2</alignment>
         <input_file_ref idref="fl-b"/>
      </object_component>
      <object_component id="oc-99">
         <name>.text.__aeabi_memclr</name>
         <load_address>0xa71c</load_address>
         <readonly>true</readonly>
         <executable>true</executable>
         <run_address>0xa71c</run_address>
         <size>0xc</size>
         <alignment>0x4</alignment>
         <input_file_ref idref="fl-105"/>
      </object_component>
      <object_component id="oc-1b0">
         <name>.text.malloc</name>
         <load_address>0xa728</load_address>
         <readonly>true</readonly>
         <executable>true</executable>
         <run_address>0xa728</run_address>
         <size>0xc</size>
         <alignment>0x2</alignment>
         <input_file_ref idref="fl-43"/>
      </object_component>
      <object_component id="oc-e1">
         <name>.text.PLL_Init</name>
         <load_address>0xa734</load_address>
         <readonly>true</readonly>
         <executable>true</executable>
         <run_address>0xa734</run_address>
         <size>0xa</size>
         <alignment>0x2</alignment>
         <input_file_ref idref="fl-8"/>
      </object_component>
      <object_component id="oc-155">
         <name>.text.ST7735_close</name>
         <load_address>0xa73e</load_address>
         <readonly>true</readonly>
         <executable>true</executable>
         <run_address>0xa73e</run_address>
         <size>0xa</size>
         <alignment>0x2</alignment>
         <input_file_ref idref="fl-b"/>
      </object_component>
      <object_component id="oc-14f">
         <name>.text.ST7735_unlink</name>
         <load_address>0xa748</load_address>
         <readonly>true</readonly>
         <executable>true</executable>
         <run_address>0xa748</run_address>
         <size>0xa</size>
         <alignment>0x2</alignment>
         <input_file_ref idref="fl-b"/>
      </object_component>
      <object_component id="oc-52">
         <name>.text.__aeabi_memcpy</name>
         <load_address>0xa754</load_address>
         <readonly>true</readonly>
         <executable>true</executable>
         <run_address>0xa754</run_address>
         <size>0x8</size>
         <alignment>0x4</alignment>
         <input_file_ref idref="fl-104"/>
      </object_component>
      <object_component id="oc-176">
         <name>.text._outc</name>
         <load_address>0xa75c</load_address>
         <readonly>true</readonly>
         <executable>true</executable>
         <run_address>0xa75c</run_address>
         <size>0x8</size>
         <alignment>0x2</alignment>
         <input_file_ref idref="fl-33"/>
      </object_component>
      <object_component id="oc-175">
         <name>.text._outs</name>
         <load_address>0xa764</load_address>
         <readonly>true</readonly>
         <executable>true</executable>
         <run_address>0xa764</run_address>
         <size>0x8</size>
         <alignment>0x2</alignment>
         <input_file_ref idref="fl-33"/>
      </object_component>
      <object_component id="oc-2d1">
         <name>.text.fseek</name>
         <load_address>0xa76c</load_address>
         <readonly>true</readonly>
         <executable>true</executable>
         <run_address>0xa76c</run_address>
         <size>0x8</size>
         <alignment>0x2</alignment>
         <input_file_ref idref="fl-4e"/>
      </object_component>
      <object_component id="oc-210">
         <name>.text.remove</name>
         <load_address>0xa774</load_address>
         <readonly>true</readonly>
         <executable>true</executable>
         <run_address>0xa774</run_address>
         <size>0x8</size>
         <alignment>0x2</alignment>
         <input_file_ref idref="fl-eb"/>
      </object_component>
      <object_component id="oc-31">
         <name>.text.Reset_Handler</name>
         <load_address>0xa77c</load_address>
         <readonly>true</readonly>
         <executable>true</executable>
         <run_address>0xa77c</run_address>
         <size>0x4</size>
         <alignment>0x2</alignment>
         <input_file_ref idref="fl-12"/>
      </object_component>
      <object_component id="oc-10c">
         <name>.text:abort</name>
         <load_address>0xa780</load_address>
         <readonly>true</readonly>
         <executable>true</executable>
         <run_address>0xa780</run_address>
         <size>0x4</size>
         <alignment>0x2</alignment>
         <input_file_ref idref="fl-3c"/>
      </object_component>
      <object_component id="oc-347">
         <name>.cinit..data.load</name>
         <load_address>0xa790</load_address>
         <readonly>true</readonly>
         <run_address>0xa790</run_address>
         <size>0x105</size>
         <alignment>0x1</alignment>
      </object_component>
      <object_component id="oc-345">
         <name>__TI_handler_table</name>
         <load_address>0xa898</load_address>
         <readonly>true</readonly>
         <run_address>0xa898</run_address>
         <size>0xc</size>
         <alignment>0x4</alignment>
      </object_component>
      <object_component id="oc-348">
         <name>.cinit..bss.load</name>
         <load_address>0xa8a4</load_address>
         <readonly>true</readonly>
         <run_address>0xa8a4</run_address>
         <size>0x8</size>
         <alignment>0x4</alignment>
      </object_component>
      <object_component id="oc-346">
         <name>__TI_cinit_table</name>
         <load_address>0xa8ac</load_address>
         <readonly>true</readonly>
         <run_address>0xa8ac</run_address>
         <size>0x10</size>
         <alignment>0x4</alignment>
      </object_component>
      <object_component id="oc-16f">
         <name>.rodata.gameOver</name>
         <load_address>0xc0</load_address>
         <readonly>true</readonly>
         <run_address>0xc0</run_address>
         <size>0x4260</size>
         <alignment>0x1</alignment>
         <input_file_ref idref="fl-d"/>
      </object_component>
      <object_component id="oc-12e">
         <name>.rodata.pongScore</name>
         <load_address>0x4320</load_address>
         <readonly>true</readonly>
         <run_address>0x4320</run_address>
         <size>0x243f</size>
         <alignment>0x1</alignment>
         <input_file_ref idref="fl-d"/>
      </object_component>
      <object_component id="oc-12c">
         <name>.rodata.pongBounce</name>
         <load_address>0x675f</load_address>
         <readonly>true</readonly>
         <run_address>0x675f</run_address>
         <size>0x6cc</size>
         <alignment>0x1</alignment>
         <input_file_ref idref="fl-d"/>
      </object_component>
      <object_component id="oc-289">
         <name>.rodata.Font</name>
         <load_address>0x6e2b</load_address>
         <readonly>true</readonly>
         <run_address>0x6e2b</run_address>
         <size>0x4fb</size>
         <alignment>0x1</alignment>
         <input_file_ref idref="fl-b"/>
      </object_component>
      <object_component id="oc-16d">
         <name>.rodata.str1.53373941167017730201</name>
         <load_address>0x7326</load_address>
         <readonly>true</readonly>
         <run_address>0x7326</run_address>
         <size>0x80</size>
         <alignment>0x1</alignment>
         <input_file_ref idref="fl-8"/>
      </object_component>
      <object_component id="oc-16e">
         <name>.rodata.str1.78684948411561424611</name>
         <load_address>0x73a6</load_address>
         <readonly>true</readonly>
         <run_address>0x73a6</run_address>
         <size>0x63</size>
         <alignment>0x1</alignment>
         <input_file_ref idref="fl-8"/>
      </object_component>
      <object_component id="oc-16b">
         <name>.rodata.str1.90000559391701535431</name>
         <load_address>0x7409</load_address>
         <readonly>true</readonly>
         <run_address>0x7409</run_address>
         <size>0x44</size>
         <alignment>0x1</alignment>
         <input_file_ref idref="fl-8"/>
      </object_component>
      <object_component id="oc-10a">
         <name>.rodata.str1.87483583393670979681</name>
         <load_address>0x744d</load_address>
         <readonly>true</readonly>
         <run_address>0x744d</run_address>
         <size>0x3d</size>
         <alignment>0x1</alignment>
         <input_file_ref idref="fl-8"/>
      </object_component>
      <object_component id="oc-190">
         <name>.rodata.Rcmd1</name>
         <load_address>0x748a</load_address>
         <readonly>true</readonly>
         <run_address>0x748a</run_address>
         <size>0x3b</size>
         <alignment>0x1</alignment>
         <input_file_ref idref="fl-b"/>
      </object_component>
      <object_component id="oc-195">
         <name>.rodata.Rcmd3</name>
         <load_address>0x74c5</load_address>
         <readonly>true</readonly>
         <run_address>0x74c5</run_address>
         <size>0x2b</size>
         <alignment>0x1</alignment>
         <input_file_ref idref="fl-b"/>
      </object_component>
      <object_component id="oc-10b">
         <name>.rodata.str1.141838891143380821661</name>
         <load_address>0x74f0</load_address>
         <readonly>true</readonly>
         <run_address>0x74f0</run_address>
         <size>0x29</size>
         <alignment>0x1</alignment>
         <input_file_ref idref="fl-8"/>
      </object_component>
      <object_component id="oc-21d">
         <name>.rodata.str1.14150135094520071021</name>
         <load_address>0x7519</load_address>
         <readonly>true</readonly>
         <run_address>0x7519</run_address>
         <size>0x16</size>
[...]
      <symbol id="sm-188">
         <name>Sound_End</name>
         <value>0xa601</value>
         <object_component_ref idref="oc-ff"/>
      </symbol>
      <symbol id="sm-189">
         <name>gameOver</name>
         <value>0xc0</value>
         <object_component_ref idref="oc-16f"/>
      </symbol>
      <symbol id="sm-196">
         <name>Switch_Init</name>
         <value>0x975d</value>
         <object_component_ref idref="oc-ed"/>
      </symbol>
      <symbol id="sm-197">
         <name>Switch_In</name>
         <value>0x9d2d</value>
         <object_component_ref idref="oc-16c"/>
      </symbol>
      <symbol id="sm-1ad">
         <name>ADC_Init</name>
         <value>0x8175</value>
         <object_component_ref idref="oc-164"/>
      </symbol>
      <symbol id="sm-1ae">
         <name>ADC_Start</name>
         <value>0xa419</value>
         <object_component_ref idref="oc-165"/>
      </symbol>
      <symbol id="sm-1af">
         <name>UART_Init</name>
         <value>0x88c9</value>
         <object_component_ref idref="oc-166"/>
      </symbol>
      <symbol id="sm-1b0">
         <name>TIMG7_IRQHandler</name>
         <value>0x9fad</value>
         <object_component_ref idref="oc-41"/>
      </symbol>
      <symbol id="sm-1b1">
         <name>TExaSadc</name>
         <value>0x202006f8</value>
      </symbol>
      <symbol id="sm-1b2">
         <name>TExaSLogic</name>
         <value>0x202006f4</value>
      </symbol>
      <symbol id="sm-1b3">
         <name>TExaS_Init</name>
         <value>0x9bdd</value>
         <object_component_ref idref="oc-f4"/>
      </symbol>
      <symbol id="sm-1c0">
         <name>TimerG7_IntArm</name>
         <value>0x8c49</value>
         <object_component_ref idref="oc-168"/>
      </symbol>
      <symbol id="sm-1c1">
         <name>TimerG12_IntArm</name>
         <value>0x9131</value>
         <object_component_ref idref="oc-7d"/>
      </symbol>
      <symbol id="sm-1d3">
         <name>Default_Handler</name>
         <value>0xa53d</value>
         <object_component_ref idref="oc-35"/>
      </symbol>
      <symbol id="sm-1d4">
         <name>Reset_Handler</name>
         <value>0xa77d</value>
         <object_component_ref idref="oc-31"/>
      </symbol>
      <symbol id="sm-1d5">
         <name>HardFault_Handler</name>
         <value>0xa559</value>
         <object_component_ref idref="oc-36"/>
      </symbol>
      <symbol id="sm-1d6">
         <name>interruptVectors</name>
         <value>0x0</value>
         <object_component_ref idref="oc-18"/>
      </symbol>
      <symbol id="sm-1d7">
         <name>NMI_Handler</name>
         <value>0xa53d</value>
         <object_component_ref idref="oc-35"/>
      </symbol>
      <symbol id="sm-1d8">
         <name>SVC_Handler</name>
         <value>0xa53d</value>
         <object_component_ref idref="oc-35"/>
      </symbol>
      <symbol id="sm-1d9">
         <name>PendSV_Handler</name>
         <value>0xa53d</value>
         <object_component_ref idref="oc-35"/>
      </symbol>
      <symbol id="sm-1da">
         <name>GROUP0_IRQHandler</name>
         <value>0xa53d</value>
         <object_component_ref idref="oc-35"/>
      </symbol>
      <symbol id="sm-1db">
         <name>TIMG8_IRQHandler</name>
         <value>0xa53d</value>
         <object_component_ref idref="oc-35"/>
      </symbol>
      <symbol id="sm-1dc">
         <name>UART3_IRQHandler</name>
         <value>0xa53d</value>
         <object_component_ref idref="oc-35"/>
      </symbol>
      <symbol id="sm-1dd">
         <name>ADC0_IRQHandler</name>
         <value>0xa53d</value>
         <object_component_ref idref="oc-35"/>
      </symbol>
      <symbol id="sm-1de">
         <name>ADC1_IRQHandler</name>
         <value>0xa53d</value>
         <object_component_ref idref="oc-35"/>
      </symbol>
      <symbol id="sm-1df">
         <name>CANFD0_IRQHandler</name>
         <value>0xa53d</value>
         <object_component_ref idref="oc-35"/>
      </symbol>
      <symbol id="sm-1e0">
         <name>DAC0_IRQHandler</name>
         <value>0xa53d</value>
         <object_component_ref idref="oc-35"/>
      </symbol>
      <symbol id="sm-1e1">
         <name>SPI0_IRQHandler</name>
         <value>0xa53d</value>
         <object_component_ref idref="oc-35"/>
      </symbol>
      <symbol id="sm-1e2">
         <name>SPI1_IRQHandler</name>
         <value>0xa53d</value>
         <object_component_ref idref="oc-35"/>
      </symbol>
      <symbol id="sm-1e3">
         <name>UART1_IRQHandler</name>
         <value>0xa53d</value>
         <object_component_ref idref="oc-35"/>
      </symbol>
      <symbol id="sm-1e4">
         <name>UART2_IRQHandler</name>
         <value>0xa53d</value>
         <object_component_ref idref="oc-35"/>
      </symbol>
      <symbol id="sm-1e5">
         <name>UART0_IRQHandler</name>
         <value>0xa53d</value>
         <object_component_ref idref="oc-35"/>
      </symbol>
      <symbol id="sm-1e6">
         <name>TIMG0_IRQHandler</name>
         <value>0xa53d</value>
         <object_component_ref idref="oc-35"/>
      </symbol>
      <symbol id="sm-1e7">
         <name>TIMG6_IRQHandler</name>
         <value>0xa53d</value>
         <object_component_ref idref="oc-35"/>
      </symbol>
      <symbol id="sm-1e8">
         <name>TIMA0_IRQHandler</name>
         <value>0xa53d</value>
         <object_component_ref idref="oc-35"/>
      </symbol>
      <symbol id="sm-1e9">
         <name>TIMA1_IRQHandler</name>
         <value>0xa53d</value>
         <object_component_ref idref="oc-35"/>
      </symbol>
      <symbol id="sm-1ea">
         <name>I2C0_IRQHandler</name>
         <value>0xa53d</value>
         <object_component_ref idref="oc-35"/>
      </symbol>
      <symbol id="sm-1eb">
         <name>I2C1_IRQHandler</name>
         <value>0xa53d</value>
         <object_component_ref idref="oc-35"/>
      </symbol>
      <symbol id="sm-1ec">
         <name>AES_IRQHandler</name>
         <value>0xa53d</value>
         <object_component_ref idref="oc-35"/>
      </symbol>
      <symbol id="sm-1ed">
         <name>RTC_IRQHandler</name>
         <value>0xa53d</value>
         <object_component_ref idref="oc-35"/>
      </symbol>
      <symbol id="sm-1ee">
         <name>DMA_IRQHandler</name>
         <value>0xa53d</value>
         <object_component_ref idref="oc-35"/>
      </symbol>
      <symbol id="sm-1ef">
         <name>__TI_ATRegion0_src_addr</name>
         <value>0x0</value>
      </symbol>
      <symbol id="sm-1f0">
         <name>__TI_ATRegion0_trg_addr</name>
         <value>0x0</value>
      </symbol>
      <symbol id="sm-1f1">
         <name>__TI_ATRegion0_region_sz</name>
         <value>0x0</value>
      </symbol>
      <symbol id="sm-1f2">
         <name>__TI_ATRegion1_src_addr</name>
         <value>0x0</value>
      </symbol>
      <symbol id="sm-1f3">
         <name>__TI_ATRegion1_trg_addr</name>
         <value>0x0</value>
      </symbol>
      <symbol id="sm-1f4">
         <name>__TI_ATRegion1_region_sz</name>
         <value>0x0</value>
      </symbol>
      <symbol id="sm-1f5">
         <name>__TI_ATRegion2_src_addr</name>
         <value>0x0</value>
      </symbol>
      <symbol id="sm-1f6">
         <name>__TI_ATRegion2_trg_addr</name>
         <value>0x0</value>
      </symbol>
      <symbol id="sm-1f7">
         <name>__TI_ATRegion2_region_sz</name>
         <value>0x0</value>
      </symbol>
      <symbol id="sm-208">
         <name>printf</name>
         <value>0x9ad1</value>
         <object_component_ref idref="oc-101"/>
      </symbol>
      <symbol id="sm-21e">
         <name>__TI_printfi_minimal</name>
         <value>0x7905</value>
         <object_component_ref idref="oc-1ba"/>
      </symbol>
      <symbol id="sm-237">
         <name>fopen</name>
         <value>0xa391</value>
         <object_component_ref idref="oc-143"/>
      </symbol>
      <symbol id="sm-238">
         <name>__TI_cleanup</name>
         <value>0xa229</value>
         <object_component_ref idref="oc-1b1"/>
      </symbol>
      <symbol id="sm-239">
         <name>freopen</name>
         <value>0xa32d</value>
         <object_component_ref idref="oc-149"/>
      </symbol>
      <symbol id="sm-244">
         <name>fputc</name>
         <value>0x8ed1</value>
         <object_component_ref idref="oc-1ce"/>
      </symbol>
      <symbol id="sm-24f">
         <name>fputs</name>
         <value>0x86e5</value>
         <object_component_ref idref="oc-1c8"/>
      </symbol>
      <symbol id="sm-259">
         <name>__TI_wrt_ok</name>
         <value>0x988d</value>
         <object_component_ref idref="oc-245"/>
      </symbol>
      <symbol id="sm-263">
         <name>setvbuf</name>
         <value>0x8a99</value>
         <object_component_ref idref="oc-14a"/>
      </symbol>
      <symbol id="sm-273">
         <name>abort</name>
         <value>0xa781</value>
         <object_component_ref idref="oc-10c"/>
      </symbol>
      <symbol id="sm-274">
         <name>C$$EXIT</name>
         <value>0xa780</value>
         <object_component_ref idref="oc-10c"/>
      </symbol>
      <symbol id="sm-275">
         <name>__TI_cleanup_ptr</name>
         <value>0x202002d4</value>
         <object_component_ref idref="oc-17c"/>
      </symbol>
      <symbol id="sm-276">
         <name>__TI_dtors_ptr</name>
         <value>0x202002d8</value>
         <object_component_ref idref="oc-17c"/>
      </symbol>
      <symbol id="sm-277">
         <name>exit</name>
         <value>0xa2c5</value>
         <object_component_ref idref="oc-111"/>
      </symbol>
      <symbol id="sm-280">
         <name>_nop</name>
         <value>0xa5eb</value>
         <object_component_ref idref="oc-1c2"/>
      </symbol>
      <symbol id="sm-281">
         <name>_lock</name>
         <value>0x202002ec</value>
         <object_component_ref idref="oc-173"/>
      </symbol>
      <symbol id="sm-282">
         <name>_unlock</name>
         <value>0x202002f0</value>
         <object_component_ref idref="oc-177"/>
      </symbol>
      <symbol id="sm-28a">
         <name>_ftable</name>
         <value>0x20200000</value>
         <object_component_ref idref="oc-158"/>
      </symbol>
      <symbol id="sm-28b">
         <name>__TI_ft_end</name>
         <value>0x202002e8</value>
         <object_component_ref idref="oc-201"/>
      </symbol>
      <symbol id="sm-28c">
         <name>__TI_tmpnams</name>
         <value>0x20200648</value>
         <object_component_ref idref="oc-214"/>
      </symbol>
      <symbol id="sm-295">
         <name>memccpy</name>
         <value>0xa4e1</value>
         <object_component_ref idref="oc-220"/>
      </symbol>
      <symbol id="sm-2b8">
         <name>malloc</name>
         <value>0xa729</value>
         <object_component_ref idref="oc-1b0"/>
      </symbol>
      <symbol id="sm-2b9">
         <name>aligned_alloc</name>
         <value>0x84d9</value>
         <object_component_ref idref="oc-21a"/>
      </symbol>
      <symbol id="sm-2ba">
         <name>free</name>
         <value>0x89b1</value>
         <object_component_ref idref="oc-1ae"/>
      </symbol>
      <symbol id="sm-2bb">
         <name>_sys_memory</name>
         <value>0x20200328</value>
         <object_component_ref idref="oc-2f"/>
      </symbol>
      <symbol id="sm-2bc">
         <name>memalign</name>
         <value>0x84d9</value>
         <object_component_ref idref="oc-21a"/>
      </symbol>
      <symbol id="sm-2c6">
         <name>__TI_zero_init_nomemset</name>
         <value>0xa5d5</value>
         <object_component_ref idref="oc-59"/>
      </symbol>
      <symbol id="sm-2cf">
         <name>__TI_decompress_none</name>
         <value>0xa64d</value>
         <object_component_ref idref="oc-20"/>
      </symbol>
      <symbol id="sm-2da">
         <name>__TI_decompress_lzss</name>
         <value>0x9455</value>
         <object_component_ref idref="oc-1c"/>
      </symbol>
      <symbol id="sm-2e5">
         <name>_c_int00_noargs</name>
         <value>0xa4b9</value>
         <object_component_ref idref="oc-62"/>
      </symbol>
      <symbol id="sm-2e6">
         <name>__stack</name>
         <value>0x20207e00</value>
         <object_component_ref idref="oc-1a"/>
      </symbol>
      <symbol id="sm-2f5">
         <name>__TI_closefile</name>
         <value>0x93d9</value>
         <object_component_ref idref="oc-1a8"/>
      </symbol>
      <symbol id="sm-2ff">
         <name>__TI_doflush</name>
         <value>0x9c8b</value>
         <object_component_ref idref="oc-206"/>
      </symbol>
      <symbol id="sm-30c">
         <name>fseek</name>
         <value>0xa76d</value>
         <object_component_ref idref="oc-2d1"/>
      </symbol>
      <symbol id="sm-30d">
         <name>fseeko</name>
         <value>0x9685</value>
         <object_component_ref idref="oc-2f9"/>
      </symbol>
      <symbol id="sm-319">
         <name>__TI_auto_init_nobinit_nopinit</name>
         <value>0xa0a9</value>
         <object_component_ref idref="oc-113"/>
      </symbol>
      <symbol id="sm-321">
         <name>_system_pre_init</name>
         <value>0x924d</value>
         <object_component_ref idref="oc-9e"/>
      </symbol>
      <symbol id="sm-32c">
         <name>write</name>
         <value>0xa491</value>
         <object_component_ref idref="oc-24b"/>
      </symbol>
      <symbol id="sm-331">
         <name>_device</name>
         <value>0x202000f0</value>
         <object_component_ref idref="oc-19f"/>
      </symbol>
      <symbol id="sm-332">
         <name>_stream</name>
         <value>0x20200218</value>
         <object_component_ref idref="oc-275"/>
      </symbol>
      <symbol id="sm-33b">
         <name>remove</name>
         <value>0xa775</value>
         <object_component_ref idref="oc-210"/>
      </symbol>
      <symbol id="sm-347">
         <name>open</name>
         <value>0x8d95</value>
         <object_component_ref idref="oc-202"/>
      </symbol>
      <symbol id="sm-351">
         <name>lseek</name>
         <value>0xa469</value>
         <object_component_ref idref="oc-2fd"/>
      </symbol>
      <symbol id="sm-35b">
         <name>close</name>
         <value>0x9d7d</value>
         <object_component_ref idref="oc-20c"/>
      </symbol>
      <symbol id="sm-367">
         <name>add_device</name>
         <value>0x87dd</value>
         <object_component_ref idref="oc-13f"/>
      </symbol>
      <symbol id="sm-371">
         <name>unlink</name>
         <value>0xa3ed</value>
         <object_component_ref idref="oc-27e"/>
      </symbol>
      <symbol id="sm-37b">
         <name>HOSTclose</name>
         <value>0x9dcd</value>
         <object_component_ref idref="oc-1e4"/>
      </symbol>
      <symbol id="sm-385">
         <name>HOSTlseek</name>
         <value>0x9541</value>
         <object_component_ref idref="oc-1f0"/>
      </symbol>
      <symbol id="sm-38f">
         <name>HOSTopen</name>
         <value>0x9955</value>
         <object_component_ref idref="oc-1e0"/>
      </symbol>
      <symbol id="sm-390">
         <name>parmbuf</name>
         <value>0x202006e8</value>
         <object_component_ref idref="oc-25c"/>
      </symbol>
      <symbol id="sm-39a">
         <name>HOSTread</name>
         <value>0x9b2d</value>
         <object_component_ref idref="oc-1e8"/>
      </symbol>
      <symbol id="sm-3ab">
         <name>HOSTrename</name>
         <value>0x95ad</value>
         <object_component_ref idref="oc-1f8"/>
      </symbol>
      <symbol id="sm-3b5">
         <name>HOSTunlink</name>
         <value>0x9e15</value>
         <object_component_ref idref="oc-1f4"/>
      </symbol>
      <symbol id="sm-3bf">
         <name>HOSTwrite</name>
         <value>0x9b85</value>
         <object_component_ref idref="oc-1ec"/>
      </symbol>
      <symbol id="sm-3cd">
         <name>C$$IO$$</name>
         <value>0xa2bd</value>
         <object_component_ref idref="oc-255"/>
      </symbol>
      <symbol id="sm-3ce">
         <name>__TI_writemsg</name>
         <value>0xa291</value>
         <object_component_ref idref="oc-255"/>
      </symbol>
      <symbol id="sm-3cf">
         <name>__CIOBUF_</name>
         <value>0x20200528</value>
         <object_component_ref idref="oc-2dc"/>
      </symbol>
      <symbol id="sm-3d0">
         <name>__TI_readmsg</name>
         <value>0xa25d</value>
         <object_component_ref idref="oc-25b"/>
      </symbol>
      <symbol id="sm-3d1">
         <name>_CIOBUF_</name>
         <value>0x20200528</value>
         <object_component_ref idref="oc-2dc"/>
      </symbol>
      <symbol id="sm-3d7">
         <name>__aeabi_idiv</name>
         <value>0x9c35</value>
         <object_component_ref idref="oc-bc"/>
      </symbol>
      <symbol id="sm-3d8">
         <name>__aeabi_idivmod</name>
         <value>0x9c35</value>
         <object_component_ref idref="oc-bc"/>
      </symbol>
      <symbol id="sm-3de">
         <name>__aeabi_memcpy</name>
         <value>0xa755</value>
         <object_component_ref idref="oc-52"/>
      </symbol>
      <symbol id="sm-3df">
         <name>__aeabi_memcpy4</name>
         <value>0xa755</value>
         <object_component_ref idref="oc-52"/>
      </symbol>
      <symbol id="sm-3e0">
         <name>__aeabi_memcpy8</name>
         <value>0xa755</value>
         <object_component_ref idref="oc-52"/>
      </symbol>
      <symbol id="sm-3e9">
         <name>__aeabi_memset</name>
         <value>0xa6bd</value>
         <object_component_ref idref="oc-21f"/>
      </symbol>
      <symbol id="sm-3ea">
         <name>__aeabi_memset4</name>
         <value>0xa6bd</value>
         <object_component_ref idref="oc-21f"/>
      </symbol>
      <symbol id="sm-3eb">
         <name>__aeabi_memset8</name>
         <value>0xa6bd</value>
         <object_component_ref idref="oc-21f"/>
      </symbol>
      <symbol id="sm-3ec">
         <name>__aeabi_memclr</name>
         <value>0xa71d</value>
         <object_component_ref idref="oc-99"/>
      </symbol>
      <symbol id="sm-3ed">
         <name>__aeabi_memclr4</name>
         <value>0xa71d</value>
         <object_component_ref idref="oc-99"/>
      </symbol>
      <symbol id="sm-3ee">
         <name>__aeabi_memclr8</name>
         <value>0xa71d</value>
         <object_component_ref idref="oc-99"/>
      </symbol>
      <symbol id="sm-3f4">
         <name>__aeabi_uidiv</name>
         <value>0x9fed</value>
         <object_component_ref idref="oc-b4"/>
      </symbol>
      <symbol id="sm-3f5">
         <name>__aeabi_uidivmod</name>
         <value>0x9fed</value>
         <object_component_ref idref="oc-b4"/>
      </symbol>
      <symbol id="sm-400">
         <name>__aeabi_idiv0</name>
         <value>0x8d93</value>
         <object_component_ref idref="oc-125"/>
      </symbol>
      <symbol id="sm-40e">
         <name>finddevice</name>
         <value>0xa2f9</value>
         <object_component_ref idref="oc-198"/>
      </symbol>
      <symbol id="sm-40f">
         <name>getdevice</name>
         <value>0x96f1</value>
         <object_component_ref idref="oc-273"/>
      </symbol>
      <symbol id="sm-418">
         <name>TI_memcpy_small</name>
         <value>0xa63b</value>
         <object_component_ref idref="oc-d7"/>
      </symbol>
      <symbol id="sm-421">
         <name>TI_memset_small</name>
         <value>0xa6f5</value>
         <object_component_ref idref="oc-134"/>
      </symbol>
      <symbol id="sm-429">
         <name>strcmp</name>
         <value>0x9251</value>
         <object_component_ref idref="oc-1da"/>
      </symbol>
      <symbol id="sm-42a">
         <name>__TI_static_base__</name>
         <value>0x0</value>
      </symbol>
      <symbol id="sm-42d">
         <name>__mpu_init</name>
         <value>0x0</value>
      </symbol>
      <symbol id="sm-42e">
         <name>_system_post_cinit</name>
         <value>0x0</value>
      </symbol>
   </symbol_table>
   <title>Link successful</title>
</link_info>
