******************************************************************************
            TI ARM Clang Linker PC v3.2.2                      
******************************************************************************
>> Linked Wed Oct 16 08:42:33 2024

OUTPUT FILE NAME:   <Fall2019.out>
ENTRY POINT SYMBOL: "_c_int00_noargs"  address: 0000222d


MEMORY CONFIGURATION

         name            origin    length      used     unused   attr    fill
----------------------  --------  ---------  --------  --------  ----  --------
  FLASH                 00000000   00020000  00003140  0001cec0  R  X
  SRAM                  20200000   00008000  00000815  000077eb  RW X
  BCR_CONFIG            41c00000   00000080  00000000  00000080  R   
  BSL_CONFIG            41c00100   00000080  00000000  00000080  R   


SEGMENT ALLOCATION MAP

run origin  load origin   length   init length attrs members
----------  ----------- ---------- ----------- ----- -------
00000000    00000000    00003140   00003140    r-x
  00000000    00000000    000000c0   000000c0    r-- .intvecs
  000000c0    000000c0    00002398   00002398    r-x .text
  00002458    00002458    00000c58   00000c58    r-- .rodata
  000030b0    000030b0    00000090   00000090    r-- .cinit
20200000    20200000    00000615   00000000    rw-
  20200000    20200000    00000220   00000000    rw- .bss
  20200220    20200220    00000200   00000000    rw- .sysmem
  20200420    20200420    000001f5   00000000    rw- .data
20207e00    20207e00    00000200   00000000    rw-
  20207e00    20207e00    00000200   00000000    rw- .stack


SECTION ALLOCATION MAP

 output                                  attributes/
section   page    origin      length       input sections
--------  ----  ----------  ----------   ----------------
.intvecs   0    00000000    000000c0     
                  00000000    000000c0     startup_mspm0g3507_ticlang.o (.intvecs)

.text      0    000000c0    00002398     
                  000000c0    00000d0c     main.o (.text.main)
                  00000dcc    000001b4     Clock.o (.text.Clock_Init80MHz)
                  00000f80    000001a8     main.o (.text.PrintPills)
                  00001128    00000160     libc.a : fopen.c.obj (.text._openfile)
                  00001288    0000012c            : memory.c.obj (.text.aligned_alloc)
                  000013b4    000000ec     libsysbm.a : add_device.c.obj (.text.add_device)
                  000014a0    000000ec     libc.a : memory.c.obj (.text.free)
                  0000158c    000000e8     UARTbusywait.o (.text.UART_Init)
                  00001674    000000dc     libc.a : setvbuf.c.obj (.text.setvbuf)
                  00001750    000000a8     libsysbm.a : open.c.obj (.text.open)
                  000017f8    00000094     UART.o (.text.UART_InitPrintf)
                  0000188c    00000084     LaunchPad.o (.text.LaunchPad_Init)
                  00001910    0000007c     libc.a : fclose.c.obj (.text.__TI_closefile)
                  0000198c    00000078            : copy_decompress_lzss.c.obj (.text:decompress:lzss)
                  00001a04    0000006c     libsysbm.a : hostlseek.c.obj (.text.HOSTlseek)
                  00001a70    0000006c                : hostrename.c.obj (.text.HOSTrename)
                  00001adc    0000006c     main.o (.text.check)
                  00001b48    00000068     libc.a : getdevice.c.obj (.text.getdevice)
                  00001bb0    00000064            : memory.c.obj (.text.split)
                  00001c14    00000060     main.o (.text.CorrectGrandmother_TakesPill)
                  00001c74    00000060     libsysbm.a : hostopen.c.obj (.text.HOSTopen)
                  00001cd4    00000058                : hostread.c.obj (.text.HOSTread)
                  00001d2c    00000058                : hostwrite.c.obj (.text.HOSTwrite)
                  00001d84    00000052     libc.a : fflush.c.obj (.text.__TI_doflush)
                  00001dd6    00000002     libclang_rt.builtins.a : aeabi_div0.c.obj (.text.__aeabi_idiv0)
                  00001dd8    00000050     libsysbm.a : close.c.obj (.text.close)
                  00001e28    00000048                : hostclose.c.obj (.text.HOSTclose)
                  00001e70    00000048                : hostunlink.c.obj (.text.HOSTunlink)
                  00001eb8    00000040     libclang_rt.builtins.a : aeabi_uidivmod.S.obj (.text.__aeabi_uidivmod)
                  00001ef8    00000040     libc.a : fopen.c.obj (.text._search_fp)
                  00001f38    0000003c            : autoinit.c.obj (.text:__TI_auto_init_nobinit_nopinit)
                  00001f74    00000038     LaunchPad.o (.text.ActivatePortA_B)
                  00001fac    00000038     libc.a : getdevice.c.obj (.text.finddevice)
                  00001fe4    00000036     UART.o (.text.UART_OutUDec)
                  0000201a    00000002     libc.a : _lock.c.obj (.text._nop)
                  0000201c    00000034            : fopen.c.obj (.text.__TI_cleanup)
                  00002050    00000034     libsysbm.a : trgmsg.c.obj (.text.__TI_readmsg)
                  00002084    00000034                : trgmsg.c.obj (.text.__TI_writemsg)
                  000020b8    00000034     libc.a : exit.c.obj (.text.exit)
                  000020ec    00000034            : fopen.c.obj (.text.freopen)
                  00002120    00000034     UART.o (.text.uart_write)
                  00002154    00000030     libc.a : fopen.c.obj (.text.fopen)
                  00002184    0000002c     UARTbusywait.o (.text.UART_OutChar)
                  000021b0    0000002c     libsysbm.a : unlink.c.obj (.text.unlink)
                  000021dc    00000028     libc.a : memory.c.obj (.text.free_list_insert)
                  00002204    00000028     libsysbm.a : write.c.obj (.text.write)
                  0000222c    00000028     libc.a : boot_cortex_m.c.obj (.text:_c_int00_noargs)
                  00002254    00000026     UART.o (.text.UART_OutSDec)
                  0000227a    00000026     UART.o (.text.UART_OutString)
                  000022a0    00000026     UART.o (.text.uart_read)
                  000022c6    00000020     Exam2CPart.o (.text.DayCheck)
                  000022e6    00000002     --HOLE-- [fill = 0]
                  000022e8    00000020     UARTbusywait.o (.text.UART_InChar)
                  00002308    0000001c     libc.a : memory.c.obj (.text.free_list_remove)
                  00002324    00000016            : copy_zero_init.c.obj (.text:decompress:ZI:__TI_zero_init_nomemset)
                  0000233a    00000014     UART.o (.text.uart_open)
                  0000234e    00000012     libsysbm.a : hostrename.c.obj (.text.strcpy)
                  00002360    00000012     libc.a : memcpy16.S.obj (.text:TI_memcpy_small)
                  00002372    00000012            : copy_decompress_none.c.obj (.text:decompress:none)
                  00002384    00000010     Clock.o (.text.Clock_Delay)
                  00002394    00000010     main.o (.text.UART_OutCRLF)
                  000023a4    0000000e     libc.a : memory.c.obj (.text.OUTLINED_FUNCTION_0)
                  000023b2    0000000e     libsysbm.a : hostrename.c.obj (.text.strlen)
                  000023c0    0000000e     UART.o (.text.uart_lseek)
                  000023ce    0000000e     libc.a : memset16.S.obj (.text:TI_memset_small)
                  000023dc    0000000c     Clock.o (.text.Clock_Freq)
                  000023e8    0000000c     Exam2CPart.o (.text.WeekCheck)
                  000023f4    0000000c     libclang_rt.builtins.a : aeabi_memset.S.obj (.text.__aeabi_memclr)
                  00002400    0000000c     libc.a : memory.c.obj (.text.malloc)
                  0000240c    0000000c     UART.o (.text.uart_rename)
                  00002418    0000000a     UART.o (.text.uart_close)
                  00002422    0000000a     UART.o (.text.uart_unlink)
                  0000242c    0000000a     Exam2ASMPart.o (.text)
                  00002436    00000002     --HOLE-- [fill = 0]
                  00002438    00000008     libclang_rt.builtins.a : aeabi_memcpy.S.obj (.text.__aeabi_memcpy)
                  00002440    00000008     libsysbm.a : remove.c.obj (.text.remove)
                  00002448    00000004     startup_mspm0g3507_ticlang.o (.text.Default_Handler)
                  0000244c    00000004     startup_mspm0g3507_ticlang.o (.text.Reset_Handler)
                  00002450    00000004     libc.a : pre_init.c.obj (.text._system_pre_init)
                  00002454    00000004            : exit.c.obj (.text:abort)

.cinit     0    000030b0    00000090     
                  000030b0    00000066     (.cinit..data.load) [load image, compression = lzss]
                  00003116    00000002     --HOLE-- [fill = 0]
                  00003118    0000000c     (__TI_handler_table)
                  00003124    00000008     (.cinit..bss.load) [load image, compression = zero_init]
                  0000312c    00000010     (__TI_cinit_table)
                  0000313c    00000004     --HOLE-- [fill = 0]

.rodata    0    00002458    00000c58     
                  00002458    000008ba     main.o (.rodata.str1.1)
                  00002d12    00000002     --HOLE-- [fill = 0]
                  00002d14    00000270     main.o (.rodata.Tests5)
                  00002f84    000000c4     main.o (.rodata.Tests4)
                  00003048    00000015     main.o (.rodata.Ex1Pills)
                  0000305d    00000015     main.o (.rodata.Ex2Pills)
                  00003072    00000015     main.o (.rodata.Ex3Pills)
                  00003087    00000015     main.o (.rodata.Ex4Pills)
                  0000309c    0000000d     UART.o (.rodata.str1.1)
                  000030a9    00000007     --HOLE-- [fill = 0]

.init_array 
*          0    00000000    00000000     UNINITIALIZED

.binit     0    00000000    00000000     

.bss       0    20200000    00000220     UNINITIALIZED
                  20200000    00000120     libsysbm.a : trgmsg.c.obj (.bss:_CIOBUF_)
                  20200120    000000a0     libc.a : defs.c.obj (.bss.__TI_tmpnams)
                  202001c0    00000040     main.o (.bss.Yourstatus)
                  20200200    00000008     libsysbm.a : hostopen.c.obj (.bss.parmbuf)
                  20200208    00000004     main.o (.bss.i)
                  2020020c    00000004     main.o (.bss.m)
                  20200210    00000004     main.o (.bss.n)
                  20200214    00000004     main.o (.bss.result2)
                  20200218    00000004     main.o (.bss.score)
                  2020021c    00000004     libc.a : memory.c.obj (.bss.sys_free)

.sysmem    0    20200220    00000200     UNINITIALIZED
                  20200220    00000010     libc.a : memory.c.obj (.sysmem)
                  20200230    000001f0     --HOLE--

.data      0    20200420    000001f5     UNINITIALIZED
                  20200420    000000f0     libc.a : defs.c.obj (.data._ftable)
                  20200510    00000078     libsysbm.a : host_device.c.obj (.data._device)
                  20200588    00000050                : host_device.c.obj (.data._stream)
                  202005d8    0000001c     Exam2ASMPart.o (.data)
                  202005f4    00000008     libc.a : exit.c.obj (.data..L_MergedGlobals)
                  202005fc    00000004     Clock.o (.data.BusFreq)
                  20200600    00000004     libc.a : defs.c.obj (.data.__TI_ft_end)
                  20200604    00000004            : _lock.c.obj (.data._lock)
                  20200608    00000004            : _lock.c.obj (.data._unlock)
                  2020060c    00000001     libsysbm.a : add_device.c.obj (.data.add_device.device_init)
                  2020060d    00000003     --HOLE--
                  20200610    00000001     libc.a : memory.c.obj (.data.memory_is_initialized)
                  20200611    00000003     --HOLE--
                  20200614    00000001     libsysbm.a : open.c.obj (.data.open.stream_init)

.stack     0    20207e00    00000200     UNINITIALIZED
                  20207e00    00000004     libc.a : boot_cortex_m.c.obj (.stack)
                  20207e04    000001fc     --HOLE--

__llvm_prf_cnts 
*          0    20200000    00000000     UNINITIALIZED

__llvm_prf_bits 
*          0    20200000    00000000     UNINITIALIZED

MODULE SUMMARY

       Module                         code   ro data   rw data
       ------                         ----   -------   -------
    ..\
       main.o                         3984   3138      84     
       Clock.o                        464    0         4      
       UART.o                         434    13        0      
       UARTbusywait.o                 308    0         0      
       LaunchPad.o                    188    0         0      
    +--+------------------------------+------+---------+---------+
       Total:                         5378   3151      88     
                                                              
    .\
       Exam2CPart.o                   44     0         0      
       Exam2ASMPart.o                 10     0         28     
    +--+------------------------------+------+---------+---------+
       Total:                         54     0         28     
                                                              
    .\ticlang\
       startup_mspm0g3507_ticlang.o   8      192       0      
    +--+------------------------------+------+---------+---------+
       Total:                         8      192       0      
                                                              
    C:\ti\ccs1280\ccs\tools\compiler\ti-cgt-armllvm_3.2.2.LTS\lib\armv6m-ti-none-eabi/c/libc.a
       memory.c.obj                   730    0         5      
       fopen.c.obj                    568    0         0      
       defs.c.obj                     0      0         404    
       setvbuf.c.obj                  220    0         0      
       getdevice.c.obj                160    0         0      
       fclose.c.obj                   124    0         0      
       copy_decompress_lzss.c.obj     120    0         0      
       fflush.c.obj                   82     0         0      
       exit.c.obj                     56     0         8      
       autoinit.c.obj                 60     0         0      
       boot_cortex_m.c.obj            40     0         0      
       copy_zero_init.c.obj           22     0         0      
       copy_decompress_none.c.obj     18     0         0      
       memcpy16.S.obj                 18     0         0      
       memset16.S.obj                 14     0         0      
       _lock.c.obj                    2      0         8      
       pre_init.c.obj                 4      0         0      
    +--+------------------------------+------+---------+---------+
       Total:                         2238   0         425    
                                                              
    C:\ti\ccs1280\ccs\tools\compiler\ti-cgt-armllvm_3.2.2.LTS\lib\armv6m-ti-none-eabi/c/libsysbm.a
       trgmsg.c.obj                   104    0         288    
       add_device.c.obj               236    0         1      
       host_device.c.obj              0      0         200    
       open.c.obj                     168    0         1      
       hostrename.c.obj               140    0         0      
       hostlseek.c.obj                108    0         0      
       hostopen.c.obj                 96     0         8      
       hostread.c.obj                 88     0         0      
       hostwrite.c.obj                88     0         0      
       close.c.obj                    80     0         0      
       hostclose.c.obj                72     0         0      
       hostunlink.c.obj               72     0         0      
       unlink.c.obj                   44     0         0      
       write.c.obj                    40     0         0      
       remove.c.obj                   8      0         0      
    +--+------------------------------+------+---------+---------+
       Total:                         1344   0         498    
                                                              
    C:\ti\ccs1280\ccs\tools\compiler\ti-cgt-armllvm_3.2.2.LTS\lib\clang/15.0.7/lib/armv6m-ti-none-eabi/libclang_rt.builtins.a
       aeabi_uidivmod.S.obj           64     0         0      
       aeabi_memset.S.obj             12     0         0      
       aeabi_memcpy.S.obj             8      0         0      
       aeabi_div0.c.obj               2      0         0      
    +--+------------------------------+------+---------+---------+
       Total:                         86     0         0      
                                                              
       Heap:                          0      0         512    
       Stack:                         0      0         512    
       Linker Generated:              0      138       0      
    +--+------------------------------+------+---------+---------+
       Grand Total:                   9108   3481      2063   


LINKER GENERATED COPY TABLES

__TI_cinit_table @ 0000312c records: 2, size/record: 8, table size: 16
	.data: load addr=000030b0, load size=00000066 bytes, run addr=20200420, run size=000001f5 bytes, compression=lzss
	.bss: load addr=00003124, load size=00000008 bytes, run addr=20200000, run size=00000220 bytes, compression=zero_init


LINKER GENERATED HANDLER TABLE

__TI_handler_table @ 00003118 records: 3, size/record: 4, table size: 12
	index: 0, handler: __TI_decompress_lzss
	index: 1, handler: __TI_decompress_none
	index: 2, handler: __TI_zero_init


GLOBAL SYMBOLS: SORTED ALPHABETICALLY BY Name 

address   name                          
-------   ----                          
00002449  ADC0_IRQHandler               
00002449  ADC1_IRQHandler               
00002449  AES_IRQHandler                
00001f75  ActivatePortA_B               
202005fc  BusFreq                       
00002454  C$$EXIT                       
000020b1  C$$IO$$                       
00002449  CANFD0_IRQHandler             
00002385  Clock_Delay                   
000023dd  Clock_Freq                    
00000dcd  Clock_Init80MHz               
00001c15  CorrectGrandmother_TakesPill  
00002449  DAC0_IRQHandler               
00002449  DMA_IRQHandler                
000022c7  DayCheck                      
00002449  Default_Handler               
00003048  Ex1Pills                      
0000305d  Ex2Pills                      
00003072  Ex3Pills                      
00003087  Ex4Pills                      
00002449  GROUP0_IRQHandler             
00002449  GROUP1_IRQHandler             
0000242c  Grandmother_Init              
00002432  Grandmother_NeedsPill         
0000242e  Grandmother_TakesPill         
00001e29  HOSTclose                     
00001a05  HOSTlseek                     
00001c75  HOSTopen                      
00001cd5  HOSTread                      
00001a71  HOSTrename                    
00001e71  HOSTunlink                    
00001d2d  HOSTwrite                     
00002449  HardFault_Handler             
00002449  I2C0_IRQHandler               
00002449  I2C1_IRQHandler               
202005f0  KeepOut                       
0000188d  LaunchPad_Init                
00002449  NMI_Handler                   
00002449  PendSV_Handler                
202005db  Pills                         
00000f81  PrintPills                    
00002449  RTC_IRQHandler                
0000244d  Reset_Handler                 
00002449  SPI0_IRQHandler               
00002449  SPI1_IRQHandler               
00002449  SVC_Handler                   
00002449  SysTick_Handler               
00002449  TIMA0_IRQHandler              
00002449  TIMA1_IRQHandler              
00002449  TIMG0_IRQHandler              
00002449  TIMG12_IRQHandler             
00002449  TIMG6_IRQHandler              
00002449  TIMG7_IRQHandler              
00002449  TIMG8_IRQHandler              
00002361  TI_memcpy_small               
000023cf  TI_memset_small               
00002f84  Tests4                        
00002d14  Tests5                        
00002449  UART0_IRQHandler              
00002449  UART1_IRQHandler              
00002449  UART2_IRQHandler              
00002449  UART3_IRQHandler              
000022e9  UART_InChar                   
0000158d  UART_Init                     
000017f9  UART_InitPrintf               
00002395  UART_OutCRLF                  
00002185  UART_OutChar                  
00002255  UART_OutSDec                  
0000227b  UART_OutString                
00001fe5  UART_OutUDec                  
000023e9  WeekCheck                     
20200000  _CIOBUF_                      
20200000  __CIOBUF_                     
20208000  __STACK_END                   
00000200  __STACK_SIZE                  
00000200  __SYSMEM_SIZE                 
00000000  __TI_ATRegion0_region_sz      
00000000  __TI_ATRegion0_src_addr       
00000000  __TI_ATRegion0_trg_addr       
00000000  __TI_ATRegion1_region_sz      
00000000  __TI_ATRegion1_src_addr       
00000000  __TI_ATRegion1_trg_addr       
00000000  __TI_ATRegion2_region_sz      
00000000  __TI_ATRegion2_src_addr       
00000000  __TI_ATRegion2_trg_addr       
0000312c  __TI_CINIT_Base               
0000313c  __TI_CINIT_Limit              
0000313c  __TI_CINIT_Warm               
00003118  __TI_Handler_Table_Base       
00003124  __TI_Handler_Table_Limit      
00001f39  __TI_auto_init_nobinit_nopinit
0000201d  __TI_cleanup                  
202005f4  __TI_cleanup_ptr              
00001911  __TI_closefile                
0000198d  __TI_decompress_lzss          
00002373  __TI_decompress_none          
00001d85  __TI_doflush                  
202005f8  __TI_dtors_ptr                
20200600  __TI_ft_end                   
ffffffff  __TI_pprof_out_hndl           
ffffffff  __TI_prof_data_size           
ffffffff  __TI_prof_data_start          
00002051  __TI_readmsg                  
00000000  __TI_static_base__            
20200120  __TI_tmpnams                  
00002085  __TI_writemsg                 
00002325  __TI_zero_init_nomemset       
00001dd7  __aeabi_idiv0                 
000023f5  __aeabi_memclr                
000023f5  __aeabi_memclr4               
000023f5  __aeabi_memclr8               
00002439  __aeabi_memcpy                
00002439  __aeabi_memcpy4               
00002439  __aeabi_memcpy8               
00001eb9  __aeabi_uidiv                 
00001eb9  __aeabi_uidivmod              
ffffffff  __binit__                     
UNDEFED   __mpu_init                    
20207e00  __stack                       
20200000  __start___llvm_prf_bits       
20200000  __start___llvm_prf_cnts       
20200000  __stop___llvm_prf_bits        
20200000  __stop___llvm_prf_cnts        
0000222d  _c_int00_noargs               
20200510  _device                       
20200420  _ftable                       
20200604  _lock                         
0000201b  _nop                          
20200588  _stream                       
20200220  _sys_memory                   
UNDEFED   _system_post_cinit            
00002451  _system_pre_init              
20200608  _unlock                       
00002455  abort                         
000013b5  add_device                    
00001289  aligned_alloc                 
ffffffff  binit                         
00001add  check                         
00001dd9  close                         
000020b9  exit                          
00001fad  finddevice                    
00002155  fopen                         
000014a1  free                          
000020ed  freopen                       
00001b49  getdevice                     
00000000  interruptVectors              
000000c1  main                          
00002401  malloc                        
00001289  memalign                      
00001751  open                          
20200200  parmbuf                       
00002441  remove                        
00001675  setvbuf                       
00002419  uart_close                    
000023c1  uart_lseek                    
0000233b  uart_open                     
000022a1  uart_read                     
0000240d  uart_rename                   
00002423  uart_unlink                   
00002121  uart_write                    
000021b1  unlink                        
00002205  write                         


GLOBAL SYMBOLS: SORTED BY Symbol Address 

address   name                          
-------   ----                          
00000000  __TI_ATRegion0_region_sz      
00000000  __TI_ATRegion0_src_addr       
00000000  __TI_ATRegion0_trg_addr       
00000000  __TI_ATRegion1_region_sz      
00000000  __TI_ATRegion1_src_addr       
00000000  __TI_ATRegion1_trg_addr       
00000000  __TI_ATRegion2_region_sz      
00000000  __TI_ATRegion2_src_addr       
00000000  __TI_ATRegion2_trg_addr       
00000000  __TI_static_base__            
00000000  interruptVectors              
000000c1  main                          
00000200  __STACK_SIZE                  
00000200  __SYSMEM_SIZE                 
00000dcd  Clock_Init80MHz               
00000f81  PrintPills                    
00001289  aligned_alloc                 
00001289  memalign                      
000013b5  add_device                    
000014a1  free                          
0000158d  UART_Init                     
00001675  setvbuf                       
00001751  open                          
000017f9  UART_InitPrintf               
0000188d  LaunchPad_Init                
00001911  __TI_closefile                
0000198d  __TI_decompress_lzss          
00001a05  HOSTlseek                     
00001a71  HOSTrename                    
00001add  check                         
00001b49  getdevice                     
00001c15  CorrectGrandmother_TakesPill  
00001c75  HOSTopen                      
00001cd5  HOSTread                      
00001d2d  HOSTwrite                     
00001d85  __TI_doflush                  
00001dd7  __aeabi_idiv0                 
00001dd9  close                         
00001e29  HOSTclose                     
00001e71  HOSTunlink                    
00001eb9  __aeabi_uidiv                 
00001eb9  __aeabi_uidivmod              
00001f39  __TI_auto_init_nobinit_nopinit
00001f75  ActivatePortA_B               
00001fad  finddevice                    
00001fe5  UART_OutUDec                  
0000201b  _nop                          
0000201d  __TI_cleanup                  
00002051  __TI_readmsg                  
00002085  __TI_writemsg                 
000020b1  C$$IO$$                       
000020b9  exit                          
000020ed  freopen                       
00002121  uart_write                    
00002155  fopen                         
00002185  UART_OutChar                  
000021b1  unlink                        
00002205  write                         
0000222d  _c_int00_noargs               
00002255  UART_OutSDec                  
0000227b  UART_OutString                
000022a1  uart_read                     
000022c7  DayCheck                      
000022e9  UART_InChar                   
00002325  __TI_zero_init_nomemset       
0000233b  uart_open                     
00002361  TI_memcpy_small               
00002373  __TI_decompress_none          
00002385  Clock_Delay                   
00002395  UART_OutCRLF                  
000023c1  uart_lseek                    
000023cf  TI_memset_small               
000023dd  Clock_Freq                    
000023e9  WeekCheck                     
000023f5  __aeabi_memclr                
000023f5  __aeabi_memclr4               
000023f5  __aeabi_memclr8               
00002401  malloc                        
0000240d  uart_rename                   
00002419  uart_close                    
00002423  uart_unlink                   
0000242c  Grandmother_Init              
0000242e  Grandmother_TakesPill         
00002432  Grandmother_NeedsPill         
00002439  __aeabi_memcpy                
00002439  __aeabi_memcpy4               
00002439  __aeabi_memcpy8               
00002441  remove                        
00002449  ADC0_IRQHandler               
00002449  ADC1_IRQHandler               
00002449  AES_IRQHandler                
00002449  CANFD0_IRQHandler             
00002449  DAC0_IRQHandler               
00002449  DMA_IRQHandler                
00002449  Default_Handler               
00002449  GROUP0_IRQHandler             
00002449  GROUP1_IRQHandler             
00002449  HardFault_Handler             
00002449  I2C0_IRQHandler               
00002449  I2C1_IRQHandler               
00002449  NMI_Handler                   
00002449  PendSV_Handler                
00002449  RTC_IRQHandler                
00002449  SPI0_IRQHandler               
00002449  SPI1_IRQHandler               
00002449  SVC_Handler                   
00002449  SysTick_Handler               
00002449  TIMA0_IRQHandler              
00002449  TIMA1_IRQHandler              
00002449  TIMG0_IRQHandler              
00002449  TIMG12_IRQHandler             
00002449  TIMG6_IRQHandler              
00002449  TIMG7_IRQHandler              
00002449  TIMG8_IRQHandler              
00002449  UART0_IRQHandler              
00002449  UART1_IRQHandler              
00002449  UART2_IRQHandler              
00002449  UART3_IRQHandler              
0000244d  Reset_Handler                 
00002451  _system_pre_init              
00002454  C$$EXIT                       
00002455  abort                         
00002d14  Tests5                        
00002f84  Tests4                        
00003048  Ex1Pills                      
0000305d  Ex2Pills                      
00003072  Ex3Pills                      
00003087  Ex4Pills                      
00003118  __TI_Handler_Table_Base       
00003124  __TI_Handler_Table_Limit      
0000312c  __TI_CINIT_Base               
0000313c  __TI_CINIT_Limit              
0000313c  __TI_CINIT_Warm               
20200000  _CIOBUF_                      
20200000  __CIOBUF_                     
20200000  __start___llvm_prf_bits       
20200000  __start___llvm_prf_cnts       
20200000  __stop___llvm_prf_bits        
20200000  __stop___llvm_prf_cnts        
20200120  __TI_tmpnams                  
20200200  parmbuf                       
20200220  _sys_memory                   
20200420  _ftable                       
20200510  _device                       
20200588  _stream                       
202005db  Pills                         
202005f0  KeepOut                       
202005f4  __TI_cleanup_ptr              
202005f8  __TI_dtors_ptr                
202005fc  BusFreq                       
20200600  __TI_ft_end                   
20200604  _lock                         
20200608  _unlock                       
20207e00  __stack                       
20208000  __STACK_END                   
ffffffff  __TI_pprof_out_hndl           
ffffffff  __TI_prof_data_size           
ffffffff  __TI_prof_data_start          
ffffffff  __binit__                     
ffffffff  binit                         
UNDEFED   __mpu_init                    
UNDEFED   _system_post_cinit            

[162 symbols]
