******************************************************************************
            TI ARM Clang Linker PC v3.2.2                      
******************************************************************************
>> Linked Wed Oct 16 08:42:35 2024

OUTPUT FILE NAME:   <Spring2021.out>
ENTRY POINT SYMBOL: "_c_int00_noargs"  address: 00001ac1


MEMORY CONFIGURATION

         name            origin    length      used     unused   attr    fill
----------------------  --------  ---------  --------  --------  ----  --------
  FLASH                 00000000   00020000  00002298  0001dd68  R  X
  SRAM                  20200000   00008000  00000855  000077ab  RW X
  BCR_CONFIG            41c00000   00000080  00000000  00000080  R   
  BSL_CONFIG            41c00100   00000080  00000000  00000080  R   


SEGMENT ALLOCATION MAP

run origin  load origin   length   init length attrs members
----------  ----------- ---------- ----------- ----- -------
00000000    00000000    00002298   00002298    r-x
  00000000    00000000    000000c0   000000c0    r-- .intvecs
  000000c0    000000c0    00001c38   00001c38    r-x .text
  00001cf8    00001cf8    00000508   00000508    r-- .rodata
  00002200    00002200    00000098   00000098    r-- .cinit
20200000    20200000    00000659   00000000    rw-
  20200000    20200000    0000025c   00000000    rw- .bss
  20200260    20200260    00000200   00000000    rw- .sysmem
  20200460    20200460    000001f9   00000000    rw- .data
20207e00    20207e00    00000200   00000000    rw-
  20207e00    20207e00    00000200   00000000    rw- .stack


SECTION ALLOCATION MAP

 output                                  attributes/
section   page    origin      length       input sections
--------  ----  ----------  ----------   ----------------
.intvecs   0    00000000    000000c0     
                  00000000    000000c0     startup_mspm0g3507_ticlang.o (.intvecs)

.text      0    000000c0    00001c38     
                  000000c0    00000538     main.o (.text.main)
                  000005f8    000001b4     Clock.o (.text.Clock_Init80MHz)
                  000007ac    00000160     libc.a : fopen.c.obj (.text._openfile)
                  0000090c    0000012c            : memory.c.obj (.text.aligned_alloc)
                  00000a38    00000118     main.o (.text.SetGrade)
                  00000b50    000000ec     libsysbm.a : add_device.c.obj (.text.add_device)
                  00000c3c    000000ec     libc.a : memory.c.obj (.text.free)
                  00000d28    000000e8     UARTbusywait.o (.text.UART_Init)
                  00000e10    000000dc     libc.a : setvbuf.c.obj (.text.setvbuf)
                  00000eec    000000a8     libsysbm.a : open.c.obj (.text.open)
                  00000f94    000000a4     main.o (.text.Encrypt)
                  00001038    00000094     UART.o (.text.UART_InitPrintf)
                  000010cc    00000084     LaunchPad.o (.text.LaunchPad_Init)
                  00001150    0000007c     libc.a : fclose.c.obj (.text.__TI_closefile)
                  000011cc    00000078            : copy_decompress_lzss.c.obj (.text:decompress:lzss)
                  00001244    0000006c     libsysbm.a : hostlseek.c.obj (.text.HOSTlseek)
                  000012b0    0000006c                : hostrename.c.obj (.text.HOSTrename)
                  0000131c    00000068     libc.a : getdevice.c.obj (.text.getdevice)
                  00001384    00000068     main.o (.text.q1)
                  000013ec    00000064     libc.a : memory.c.obj (.text.split)
                  00001450    00000060     libsysbm.a : hostopen.c.obj (.text.HOSTopen)
                  000014b0    0000005c     main.o (.text.ShowInput1)
                  0000150c    0000005c     main.o (.text.ShowOutput3)
                  00001568    00000058     libsysbm.a : hostread.c.obj (.text.HOSTread)
                  000015c0    00000058                : hostwrite.c.obj (.text.HOSTwrite)
                  00001618    00000052     libc.a : fflush.c.obj (.text.__TI_doflush)
                  0000166a    00000002     libclang_rt.builtins.a : aeabi_div0.c.obj (.text.__aeabi_idiv0)
                  0000166c    00000050     libsysbm.a : close.c.obj (.text.close)
                  000016bc    00000048                : hostclose.c.obj (.text.HOSTclose)
                  00001704    00000048                : hostunlink.c.obj (.text.HOSTunlink)
                  0000174c    00000040     libclang_rt.builtins.a : aeabi_uidivmod.S.obj (.text.__aeabi_uidivmod)
                  0000178c    00000040     libc.a : fopen.c.obj (.text._search_fp)
                  000017cc    0000003c            : autoinit.c.obj (.text:__TI_auto_init_nobinit_nopinit)
                  00001808    00000038     LaunchPad.o (.text.ActivatePortA_B)
                  00001840    00000038     libc.a : getdevice.c.obj (.text.finddevice)
                  00001878    00000036     UART.o (.text.UART_OutUDec)
                  000018ae    00000002     libc.a : _lock.c.obj (.text._nop)
                  000018b0    00000034            : fopen.c.obj (.text.__TI_cleanup)
                  000018e4    00000034     libsysbm.a : trgmsg.c.obj (.text.__TI_readmsg)
                  00001918    00000034                : trgmsg.c.obj (.text.__TI_writemsg)
                  0000194c    00000034     libc.a : exit.c.obj (.text.exit)
                  00001980    00000034            : fopen.c.obj (.text.freopen)
                  000019b4    00000034     UART.o (.text.uart_write)
                  000019e8    00000030     libc.a : fopen.c.obj (.text.fopen)
                  00001a18    0000002c     UARTbusywait.o (.text.UART_OutChar)
                  00001a44    0000002c     libsysbm.a : unlink.c.obj (.text.unlink)
                  00001a70    00000028     libc.a : memory.c.obj (.text.free_list_insert)
                  00001a98    00000028     libsysbm.a : write.c.obj (.text.write)
                  00001ac0    00000028     libc.a : boot_cortex_m.c.obj (.text:_c_int00_noargs)
                  00001ae8    00000026     UART.o (.text.UART_OutString)
                  00001b0e    00000026     UART.o (.text.uart_read)
                  00001b34    00000020     main.o (.text.Random32)
                  00001b54    00000020     UARTbusywait.o (.text.UART_InChar)
                  00001b74    0000001c     libc.a : memory.c.obj (.text.free_list_remove)
                  00001b90    00000018     main.o (.text.Random)
                  00001ba8    00000016     libc.a : copy_zero_init.c.obj (.text:decompress:ZI:__TI_zero_init_nomemset)
                  00001bbe    00000014            : strcmp.c.obj (.text.strcmp)
                  00001bd2    00000014     UART.o (.text.uart_open)
                  00001be6    00000012     libsysbm.a : hostrename.c.obj (.text.strcpy)
                  00001bf8    00000012     libc.a : memcpy16.S.obj (.text:TI_memcpy_small)
                  00001c0a    00000012            : copy_decompress_none.c.obj (.text:decompress:none)
                  00001c1c    00000010     Clock.o (.text.Clock_Delay)
                  00001c2c    00000010     main.o (.text.UART_OutCRLF)
                  00001c3c    0000000e     libc.a : memory.c.obj (.text.OUTLINED_FUNCTION_0)
                  00001c4a    0000000e     libsysbm.a : hostrename.c.obj (.text.strlen)
                  00001c58    0000000e     UART.o (.text.uart_lseek)
                  00001c66    0000000e     libc.a : memset16.S.obj (.text:TI_memset_small)
                  00001c74    0000000c     Clock.o (.text.Clock_Freq)
                  00001c80    0000000c     Exam2CPart.o (.text.DebtFree)
                  00001c8c    0000000c     Exam2CPart.o (.text.FindM)
                  00001c98    0000000c     libclang_rt.builtins.a : aeabi_memset.S.obj (.text.__aeabi_memclr)
                  00001ca4    0000000c     libc.a : memory.c.obj (.text.malloc)
                  00001cb0    0000000c     UART.o (.text.uart_rename)
                  00001cbc    0000000a     UART.o (.text.uart_close)
                  00001cc6    0000000a     UART.o (.text.uart_unlink)
                  00001cd0    00000008     libclang_rt.builtins.a : aeabi_memcpy.S.obj (.text.__aeabi_memcpy)
                  00001cd8    00000008     libsysbm.a : remove.c.obj (.text.remove)
                  00001ce0    00000004     startup_mspm0g3507_ticlang.o (.text.Default_Handler)
                  00001ce4    00000004     startup_mspm0g3507_ticlang.o (.text.Reset_Handler)
                  00001ce8    00000004     libc.a : pre_init.c.obj (.text._system_pre_init)
                  00001cec    00000004     Exam2ASMPart.o (.text)
                  00001cf0    00000004     libc.a : exit.c.obj (.text:abort)
                  00001cf4    00000004     --HOLE-- [fill = 0]

.cinit     0    00002200    00000098     
                  00002200    00000073     (.cinit..data.load) [load image, compression = lzss]
                  00002273    00000001     --HOLE-- [fill = 0]
                  00002274    0000000c     (__TI_handler_table)
                  00002280    00000008     (.cinit..bss.load) [load image, compression = zero_init]
                  00002288    00000010     (__TI_cinit_table)

.rodata    0    00001cf8    00000508     
                  00001cf8    00000294     main.o (.rodata.Tests3)
                  00001f8c    00000186     main.o (.rodata.str1.1)
                  00002112    00000002     --HOLE-- [fill = 0]
                  00002114    00000060     main.o (.rodata.Tests2)
                  00002174    00000058     main.o (.rodata.Scramble)
                  000021cc    00000016     main.o (.rodata.Key)
                  000021e2    0000000d     UART.o (.rodata.str1.1)
                  000021ef    0000000a     Exam2CPart.o (.rodata.EID)
                  000021f9    00000007     --HOLE-- [fill = 0]

.init_array 
*          0    00000000    00000000     UNINITIALIZED

.binit     0    00000000    00000000     

.bss       0    20200000    0000025c     UNINITIALIZED
                  20200000    00000120     libsysbm.a : trgmsg.c.obj (.bss:_CIOBUF_)
                  20200120    000000a0     libc.a : defs.c.obj (.bss.__TI_tmpnams)
                  202001c0    00000024     (.common:answers1)
                  202001e4    00000018     main.o (.bss.EncriptedMagicCode)
                  202001fc    00000018     main.o (.bss.MagicCode)
                  20200214    00000018     (.common:answers2)
                  2020022c    00000014     (.common:answers3)
                  20200240    00000008     libsysbm.a : hostopen.c.obj (.bss.parmbuf)
                  20200248    00000004     main.o (.bss.score2)
                  2020024c    00000004     main.o (.bss.score3)
                  20200250    00000004     main.o (.bss.score)
                  20200254    00000004     libc.a : memory.c.obj (.bss.sys_free)
                  20200258    00000004     (.common:M)

.sysmem    0    20200260    00000200     UNINITIALIZED
                  20200260    00000010     libc.a : memory.c.obj (.sysmem)
                  20200270    000001f0     --HOLE--

.data      0    20200460    000001f9     UNINITIALIZED
                  20200460    000000f0     libc.a : defs.c.obj (.data._ftable)
                  20200550    00000078     libsysbm.a : host_device.c.obj (.data._device)
                  202005c8    00000050                : host_device.c.obj (.data._stream)
                  20200618    00000020     main.o (.data.Q1input)
                  20200638    00000008     libc.a : exit.c.obj (.data..L_MergedGlobals)
                  20200640    00000004     Clock.o (.data.BusFreq)
                  20200644    00000004     libc.a : defs.c.obj (.data.__TI_ft_end)
                  20200648    00000004            : _lock.c.obj (.data._lock)
                  2020064c    00000004            : _lock.c.obj (.data._unlock)
                  20200650    00000001     libsysbm.a : add_device.c.obj (.data.add_device.device_init)
                  20200651    00000003     --HOLE--
                  20200654    00000001     libc.a : memory.c.obj (.data.memory_is_initialized)
                  20200655    00000003     --HOLE--
                  20200658    00000001     libsysbm.a : open.c.obj (.data.open.stream_init)

.stack     0    20207e00    00000200     UNINITIALIZED
                  20207e00    00000004     libc.a : boot_cortex_m.c.obj (.stack)
                  20207e04    000001fc     --HOLE--

__llvm_prf_cnts 
*          0    20200000    00000000     UNINITIALIZED

__llvm_prf_bits 
*          0    20200000    00000000     UNINITIALIZED

MODULE SUMMARY

       Module                         code   ro data   rw data
       ------                         ----   -------   -------
    ..\
       main.o                         2140   1256      176    
       Clock.o                        464    0         4      
       UART.o                         396    13        0      
       UARTbusywait.o                 308    0         0      
       LaunchPad.o                    188    0         0      
    +--+------------------------------+------+---------+---------+
       Total:                         3496   1269      180    
                                                              
    .\
       Exam2CPart.o                   24     10        0      
       Exam2ASMPart.o                 4      0         0      
    +--+------------------------------+------+---------+---------+
       Total:                         28     10        0      
                                                              
    .\ticlang\
       startup_mspm0g3507_ticlang.o   8      192       0      
    +--+------------------------------+------+---------+---------+
       Total:                         8      192       0      
                                                              
    C:\ti\ccs1280\ccs\tools\compiler\ti-cgt-armllvm_3.2.2.LTS\lib\armv6m-ti-none-eabi/c/libc.a
       memory.c.obj                   730    0         5      
       fopen.c.obj                    568    0         0      
       defs.c.obj                     0      0         404    
       setvbuf.c.obj                  220    0         0      
       getdevice.c.obj                160    0         0      
       fclose.c.obj                   124    0         0      
       copy_decompress_lzss.c.obj     120    0         0      
       fflush.c.obj                   82     0         0      
       exit.c.obj                     56     0         8      
       autoinit.c.obj                 60     0         0      
       boot_cortex_m.c.obj            40     0         0      
       copy_zero_init.c.obj           22     0         0      
       strcmp.c.obj                   20     0         0      
       copy_decompress_none.c.obj     18     0         0      
       memcpy16.S.obj                 18     0         0      
       memset16.S.obj                 14     0         0      
       _lock.c.obj                    2      0         8      
       pre_init.c.obj                 4      0         0      
    +--+------------------------------+------+---------+---------+
       Total:                         2258   0         425    
                                                              
    C:\ti\ccs1280\ccs\tools\compiler\ti-cgt-armllvm_3.2.2.LTS\lib\armv6m-ti-none-eabi/c/libsysbm.a
       trgmsg.c.obj                   104    0         288    
       add_device.c.obj               236    0         1      
       host_device.c.obj              0      0         200    
       open.c.obj                     168    0         1      
       hostrename.c.obj               140    0         0      
       hostlseek.c.obj                108    0         0      
       hostopen.c.obj                 96     0         8      
       hostread.c.obj                 88     0         0      
       hostwrite.c.obj                88     0         0      
       close.c.obj                    80     0         0      
       hostclose.c.obj                72     0         0      
       hostunlink.c.obj               72     0         0      
       unlink.c.obj                   44     0         0      
       write.c.obj                    40     0         0      
       remove.c.obj                   8      0         0      
    +--+------------------------------+------+---------+---------+
       Total:                         1344   0         498    
                                                              
    C:\ti\ccs1280\ccs\tools\compiler\ti-cgt-armllvm_3.2.2.LTS\lib\clang/15.0.7/lib/armv6m-ti-none-eabi/libclang_rt.builtins.a
       aeabi_uidivmod.S.obj           64     0         0      
       aeabi_memset.S.obj             12     0         0      
       aeabi_memcpy.S.obj             8      0         0      
       aeabi_div0.c.obj               2      0         0      
    +--+------------------------------+------+---------+---------+
       Total:                         86     0         0      
                                                              
       Heap:                          0      0         512    
       Stack:                         0      0         512    
       Linker Generated:              0      151       0      
    +--+------------------------------+------+---------+---------+
       Grand Total:                   7220   1622      2127   


LINKER GENERATED COPY TABLES

__TI_cinit_table @ 00002288 records: 2, size/record: 8, table size: 16
	.data: load addr=00002200, load size=00000073 bytes, run addr=20200460, run size=000001f9 bytes, compression=lzss
	.bss: load addr=00002280, load size=00000008 bytes, run addr=20200000, run size=0000025c bytes, compression=zero_init


LINKER GENERATED HANDLER TABLE

__TI_handler_table @ 00002274 records: 3, size/record: 4, table size: 12
	index: 0, handler: __TI_decompress_lzss
	index: 1, handler: __TI_decompress_none
	index: 2, handler: __TI_zero_init


GLOBAL SYMBOLS: SORTED ALPHABETICALLY BY Name 

address   name                          
-------   ----                          
00001ce1  ADC0_IRQHandler               
00001ce1  ADC1_IRQHandler               
00001ce1  AES_IRQHandler                
00001809  ActivatePortA_B               
20200640  BusFreq                       
00001cf0  C$$EXIT                       
00001945  C$$IO$$                       
00001ce1  CANFD0_IRQHandler             
00001c1d  Clock_Delay                   
00001c75  Clock_Freq                    
000005f9  Clock_Init80MHz               
00001ce1  DAC0_IRQHandler               
00001ce1  DMA_IRQHandler                
00001c81  DebtFree                      
00001ce1  Default_Handler               
000021ef  EID                           
00001c8d  FindM                         
00001cec  FirstLastCompute              
00001ce1  GROUP0_IRQHandler             
00001ce1  GROUP1_IRQHandler             
000016bd  HOSTclose                     
00001245  HOSTlseek                     
00001451  HOSTopen                      
00001569  HOSTread                      
000012b1  HOSTrename                    
00001705  HOSTunlink                    
000015c1  HOSTwrite                     
00001ce1  HardFault_Handler             
00001ce1  I2C0_IRQHandler               
00001ce1  I2C1_IRQHandler               
000010cd  LaunchPad_Init                
20200258  M                             
00001ce1  NMI_Handler                   
00001ce1  PendSV_Handler                
20200618  Q1input                       
00001ce1  RTC_IRQHandler                
00001b91  Random                        
00001b35  Random32                      
00001ce5  Reset_Handler                 
00001ce1  SPI0_IRQHandler               
00001ce1  SPI1_IRQHandler               
00001ce1  SVC_Handler                   
000014b1  ShowInput1                    
0000150d  ShowOutput3                   
00001ce1  SysTick_Handler               
00001ce1  TIMA0_IRQHandler              
00001ce1  TIMA1_IRQHandler              
00001ce1  TIMG0_IRQHandler              
00001ce1  TIMG12_IRQHandler             
00001ce1  TIMG6_IRQHandler              
00001ce1  TIMG7_IRQHandler              
00001ce1  TIMG8_IRQHandler              
00001bf9  TI_memcpy_small               
00001c67  TI_memset_small               
00002114  Tests2                        
00001cf8  Tests3                        
00001ce1  UART0_IRQHandler              
00001ce1  UART1_IRQHandler              
00001ce1  UART2_IRQHandler              
00001ce1  UART3_IRQHandler              
00001b55  UART_InChar                   
00000d29  UART_Init                     
00001039  UART_InitPrintf               
00001c2d  UART_OutCRLF                  
00001a19  UART_OutChar                  
00001ae9  UART_OutString                
00001879  UART_OutUDec                  
20200000  _CIOBUF_                      
20200000  __CIOBUF_                     
20208000  __STACK_END                   
00000200  __STACK_SIZE                  
00000200  __SYSMEM_SIZE                 
00000000  __TI_ATRegion0_region_sz      
00000000  __TI_ATRegion0_src_addr       
00000000  __TI_ATRegion0_trg_addr       
00000000  __TI_ATRegion1_region_sz      
00000000  __TI_ATRegion1_src_addr       
00000000  __TI_ATRegion1_trg_addr       
00000000  __TI_ATRegion2_region_sz      
00000000  __TI_ATRegion2_src_addr       
00000000  __TI_ATRegion2_trg_addr       
00002288  __TI_CINIT_Base               
00002298  __TI_CINIT_Limit              
00002298  __TI_CINIT_Warm               
00002274  __TI_Handler_Table_Base       
00002280  __TI_Handler_Table_Limit      
000017cd  __TI_auto_init_nobinit_nopinit
000018b1  __TI_cleanup                  
20200638  __TI_cleanup_ptr              
00001151  __TI_closefile                
000011cd  __TI_decompress_lzss          
00001c0b  __TI_decompress_none          
00001619  __TI_doflush                  
2020063c  __TI_dtors_ptr                
20200644  __TI_ft_end                   
ffffffff  __TI_pprof_out_hndl           
ffffffff  __TI_prof_data_size           
ffffffff  __TI_prof_data_start          
000018e5  __TI_readmsg                  
00000000  __TI_static_base__            
20200120  __TI_tmpnams                  
00001919  __TI_writemsg                 
00001ba9  __TI_zero_init_nomemset       
0000166b  __aeabi_idiv0                 
00001c99  __aeabi_memclr                
00001c99  __aeabi_memclr4               
00001c99  __aeabi_memclr8               
00001cd1  __aeabi_memcpy                
00001cd1  __aeabi_memcpy4               
00001cd1  __aeabi_memcpy8               
0000174d  __aeabi_uidiv                 
0000174d  __aeabi_uidivmod              
ffffffff  __binit__                     
UNDEFED   __mpu_init                    
20207e00  __stack                       
20200000  __start___llvm_prf_bits       
20200000  __start___llvm_prf_cnts       
20200000  __stop___llvm_prf_bits        
20200000  __stop___llvm_prf_cnts        
00001ac1  _c_int00_noargs               
20200550  _device                       
20200460  _ftable                       
20200648  _lock                         
000018af  _nop                          
202005c8  _stream                       
20200260  _sys_memory                   
UNDEFED   _system_post_cinit            
00001ce9  _system_pre_init              
2020064c  _unlock                       
00001cf1  abort                         
00000b51  add_device                    
0000090d  aligned_alloc                 
202001c0  answers1                      
20200214  answers2                      
2020022c  answers3                      
ffffffff  binit                         
0000166d  close                         
0000194d  exit                          
00001841  finddevice                    
000019e9  fopen                         
00000c3d  free                          
00001981  freopen                       
0000131d  getdevice                     
00000000  interruptVectors              
000000c1  main                          
00001ca5  malloc                        
0000090d  memalign                      
00000eed  open                          
20200240  parmbuf                       
00001cd9  remove                        
00000e11  setvbuf                       
00001bbf  strcmp                        
00001cbd  uart_close                    
00001c59  uart_lseek                    
00001bd3  uart_open                     
00001b0f  uart_read                     
00001cb1  uart_rename                   
00001cc7  uart_unlink                   
000019b5  uart_write                    
00001a45  unlink                        
00001a99  write                         


GLOBAL SYMBOLS: SORTED BY Symbol Address 

address   name                          
-------   ----                          
00000000  __TI_ATRegion0_region_sz      
00000000  __TI_ATRegion0_src_addr       
00000000  __TI_ATRegion0_trg_addr       
00000000  __TI_ATRegion1_region_sz      
00000000  __TI_ATRegion1_src_addr       
00000000  __TI_ATRegion1_trg_addr       
00000000  __TI_ATRegion2_region_sz      
00000000  __TI_ATRegion2_src_addr       
00000000  __TI_ATRegion2_trg_addr       
00000000  __TI_static_base__            
00000000  interruptVectors              
000000c1  main                          
00000200  __STACK_SIZE                  
00000200  __SYSMEM_SIZE                 
000005f9  Clock_Init80MHz               
0000090d  aligned_alloc                 
0000090d  memalign                      
00000b51  add_device                    
00000c3d  free                          
00000d29  UART_Init                     
00000e11  setvbuf                       
00000eed  open                          
00001039  UART_InitPrintf               
000010cd  LaunchPad_Init                
00001151  __TI_closefile                
000011cd  __TI_decompress_lzss          
00001245  HOSTlseek                     
000012b1  HOSTrename                    
0000131d  getdevice                     
00001451  HOSTopen                      
000014b1  ShowInput1                    
0000150d  ShowOutput3                   
00001569  HOSTread                      
000015c1  HOSTwrite                     
00001619  __TI_doflush                  
0000166b  __aeabi_idiv0                 
0000166d  close                         
000016bd  HOSTclose                     
00001705  HOSTunlink                    
0000174d  __aeabi_uidiv                 
0000174d  __aeabi_uidivmod              
000017cd  __TI_auto_init_nobinit_nopinit
00001809  ActivatePortA_B               
00001841  finddevice                    
00001879  UART_OutUDec                  
000018af  _nop                          
000018b1  __TI_cleanup                  
000018e5  __TI_readmsg                  
00001919  __TI_writemsg                 
00001945  C$$IO$$                       
0000194d  exit                          
00001981  freopen                       
000019b5  uart_write                    
000019e9  fopen                         
00001a19  UART_OutChar                  
00001a45  unlink                        
00001a99  write                         
00001ac1  _c_int00_noargs               
00001ae9  UART_OutString                
00001b0f  uart_read                     
00001b35  Random32                      
00001b55  UART_InChar                   
00001b91  Random                        
00001ba9  __TI_zero_init_nomemset       
00001bbf  strcmp                        
00001bd3  uart_open                     
00001bf9  TI_memcpy_small               
00001c0b  __TI_decompress_none          
00001c1d  Clock_Delay                   
00001c2d  UART_OutCRLF                  
00001c59  uart_lseek                    
00001c67  TI_memset_small               
00001c75  Clock_Freq                    
00001c81  DebtFree                      
00001c8d  FindM                         
00001c99  __aeabi_memclr                
00001c99  __aeabi_memclr4               
00001c99  __aeabi_memclr8               
00001ca5  malloc                        
00001cb1  uart_rename                   
00001cbd  uart_close                    
00001cc7  uart_unlink                   
00001cd1  __aeabi_memcpy                
00001cd1  __aeabi_memcpy4               
00001cd1  __aeabi_memcpy8               
00001cd9  remove                        
00001ce1  ADC0_IRQHandler               
00001ce1  ADC1_IRQHandler               
00001ce1  AES_IRQHandler                
00001ce1  CANFD0_IRQHandler             
00001ce1  DAC0_IRQHandler               
00001ce1  DMA_IRQHandler                
00001ce1  Default_Handler               
00001ce1  GROUP0_IRQHandler             
00001ce1  GROUP1_IRQHandler             
00001ce1  HardFault_Handler             
00001ce1  I2C0_IRQHandler               
00001ce1  I2C1_IRQHandler               
00001ce1  NMI_Handler                   
00001ce1  PendSV_Handler                
00001ce1  RTC_IRQHandler                
00001ce1  SPI0_IRQHandler               
00001ce1  SPI1_IRQHandler               
00001ce1  SVC_Handler                   
00001ce1  SysTick_Handler               
00001ce1  TIMA0_IRQHandler              
00001ce1  TIMA1_IRQHandler              
00001ce1  TIMG0_IRQHandler              
00001ce1  TIMG12_IRQHandler             
00001ce1  TIMG6_IRQHandler              
00001ce1  TIMG7_IRQHandler              
00001ce1  TIMG8_IRQHandler              
00001ce1  UART0_IRQHandler              
00001ce1  UART1_IRQHandler              
00001ce1  UART2_IRQHandler              
00001ce1  UART3_IRQHandler              
00001ce5  Reset_Handler                 
00001ce9  _system_pre_init              
00001cec  FirstLastCompute              
00001cf0  C$$EXIT                       
00001cf1  abort                         
00001cf8  Tests3                        
00002114  Tests2                        
000021ef  EID                           
00002274  __TI_Handler_Table_Base       
00002280  __TI_Handler_Table_Limit      
00002288  __TI_CINIT_Base               
00002298  __TI_CINIT_Limit              
00002298  __TI_CINIT_Warm               
20200000  _CIOBUF_                      
20200000  __CIOBUF_                     
20200000  __start___llvm_prf_bits       
20200000  __start___llvm_prf_cnts       
20200000  __stop___llvm_prf_bits        
20200000  __stop___llvm_prf_cnts        
20200120  __TI_tmpnams                  
202001c0  answers1                      
20200214  answers2                      
2020022c  answers3                      
20200240  parmbuf                       
20200258  M                             
20200260  _sys_memory                   
20200460  _ftable                       
20200550  _device                       
202005c8  _stream                       
20200618  Q1input                       
20200638  __TI_cleanup_ptr              
2020063c  __TI_dtors_ptr                
20200640  BusFreq                       
20200644  __TI_ft_end                   
20200648  _lock                         
2020064c  _unlock                       
20207e00  __stack                       
20208000  __STACK_END                   
ffffffff  __TI_pprof_out_hndl           
ffffffff  __TI_prof_data_size           
ffffffff  __TI_prof_data_start          
ffffffff  __binit__                     
ffffffff  binit                         
UNDEFED   __mpu_init                    
UNDEFED   _system_post_cinit            

[161 symbols]
