******************************************************************************
            TI ARM Clang Linker PC v4.0.1                      
******************************************************************************
>> Linked Mon Apr  7 19:55:06 2025

OUTPUT FILE NAME:   <ECE319K_Lab8.out>
ENTRY POINT SYMBOL: "_c_int00_noargs"  address: 00002bc5


MEMORY CONFIGURATION

         name            origin    length      used     unused   attr    fill
----------------------  --------  ---------  --------  --------  ----  --------
  FLASH                 00000000   00020000  000034b0  0001cb50  R  X
  SRAM                  20200000   00008000  000007e7  00007819  RW X
  BCR_CONFIG            41c00000   00000080  00000000  00000080  R   
  BSL_CONFIG            41c00100   00000080  00000000  00000080  R   


SEGMENT ALLOCATION MAP

run origin  load origin   length   init length attrs members
----------  ----------- ---------- ----------- ----- -------
00000000    00000000    000034b0   000034b0    r-x
  00000000    00000000    000000c0   000000c0    r-- .intvecs
  000000c0    000000c0    00002d90   00002d90    r-x .text
  00002e50    00002e50    000005c8   000005c8    r-- .rodata
  00003418    00003418    00000098   00000098    r-- .cinit
20200000    20200000    000005e9   00000000    rw-
  20200000    20200000    00000200   00000000    rw- .sysmem
  20200200    20200200    000001fe   00000000    rw- .bss
  20200400    20200400    000001e9   00000000    rw- .data
20207e00    20207e00    00000200   00000000    rw-
  20207e00    20207e00    00000200   00000000    rw- .stack


SECTION ALLOCATION MAP

 output                                  attributes/
section   page    origin      length       input sections
--------  ----  ----------  ----------   ----------------
.intvecs   0    00000000    000000c0     
                  00000000    000000c0     startup_mspm0g3507_ticlang.o (.intvecs)

.text      0    000000c0    00002d90     
                  000000c0    00000284     libc.a : _printfi.c.obj (.text:__TI_printfi_minimal)
                  00000344    000001b4     Clock.o (.text.Clock_Init80MHz)
                  000004f8    000001a8     ST7735.o (.text.ST7735_DrawChar)
                  000006a0    00000154     libc.a : fopen.c.obj (.text._openfile)
                  000007f4    00000128     TExaS.o (.text.ADC_Init)
                  0000091c    00000128     Lab8Main.o (.text.main)
                  00000a44    00000118     ST7735.o (.text.ST7735_FillRect)
                  00000b5c    00000114     libc.a : memory.c.obj (.text.aligned_alloc)
                  00000c70    000000f8     SPI.o (.text.SPI_Init)
                  00000d68    000000f8     libc.a : fputs.c.obj (.text.fputs)
                  00000e60    000000ec     libsysbm.a : add_device.c.obj (.text.add_device)
                  00000f4c    000000e8     TExaS.o (.text.UART_Init)
                  00001034    000000e8     libc.a : memory.c.obj (.text.free)
                  0000111c    000000e0            : setvbuf.c.obj (.text.setvbuf)
                  000011fc    000000d0     ST7735.o (.text.ST7735_OutChar)
                  000012cc    000000cc     ST7735.o (.text.ST7735_PlotPoint)
                  00001398    000000c8     UART2.o (.text.UART2_Init)
                  00001460    000000b0     ST7735.o (.text.ST7735_DrawFastVLine)
                  00001510    000000ac     Lab8Main.o (.text.TIMG12_IRQHandler)
                  000015bc    000000a8     Timer.o (.text.TimerG7_IntArm)
                  00001664    000000a2     ST7735.o (.text.commandList)
                  00001706    00000002     libclang_rt.builtins.a : aeabi_div0.c.obj (.text.__aeabi_idiv0)
                  00001708    000000a0     libsysbm.a : open.c.obj (.text.open)
                  000017a8    0000009c     ST7735.o (.text.ST7735_InitPrintf)
                  00001844    0000009c     libc.a : fputc.c.obj (.text.fputc)
                  000018e0    00000098     ST7735.o (.text.ST7735_InitR)
                  00001978    00000094     Timer.o (.text.TimerG12_IntArm)
                  00001a0c    00000088     ST7735.o (.text.setAddrWindow)
                  00001a94    0000000c     Clock.o (.text.Clock_Freq)
                  00001aa0    00000088     libc.a : strcmp-armv6m.S.obj (.text:strcmp)
                  00001b28    00000084     ST7735.o (.text.ST7735_DrawString)
                  00001bac    00000080     UART1.o (.text.UART1_Init)
                  00001c2c    0000007c     LaunchPad.o (.text.LaunchPad_Init)
                  00001ca8    0000007c     libc.a : fclose.c.obj (.text.__TI_closefile)
                  00001d24    0000007c            : copy_decompress_lzss.c.obj (.text:decompress:lzss)
                  00001da0    00000078     ADC1.o (.text.ADCinit)
                  00001e18    00000074     ST7735.o (.text.ST7735_PlotClear)
                  00001e8c    00000074     UART2.o (.text.UART2_IRQHandler)
                  00001f00    00000070     ST7735.o (.text.ST7735_DrawPixel)
                  00001f70    0000006c     libsysbm.a : hostlseek.c.obj (.text.HOSTlseek)
                  00001fdc    0000006c                : hostrename.c.obj (.text.HOSTrename)
                  00002048    0000006c     libc.a : fseek.c.obj (.text.fseeko)
                  000020b4    0000006c            : getdevice.c.obj (.text.getdevice)
                  00002120    00000064            : _io_perm.c.obj (.text.__TI_wrt_ok)
                  00002184    00000064            : memory.c.obj (.text.split)
                  000021e8    00000060     libsysbm.a : hostopen.c.obj (.text.HOSTopen)
                  00002248    0000005c     libc.a : printf.c.obj (.text.printf)
                  000022a4    00000058     FIFO1.o (.text.Fifo1_Put)
                  000022fc    00000058     libsysbm.a : hostread.c.obj (.text.HOSTread)
                  00002354    00000058                : hostwrite.c.obj (.text.HOSTwrite)
                  000023ac    00000058     TExaS.o (.text.TExaS_Init)
                  00002404    00000056     libclang_rt.builtins.a : aeabi_idivmod.S.obj (.text.__aeabi_idivmod)
                  0000245a    00000002     libc.a : _lock.c.obj (.text._nop)
                  0000245c    00000054     FIFO1.o (.text.Fifo1_Get)
                  000024b0    00000052     libc.a : fflush.c.obj (.text.__TI_doflush)
                  00002502    00000002     --HOLE-- [fill = 0]
                  00002504    00000050     libsysbm.a : close.c.obj (.text.close)
                  00002554    00000048                : hostclose.c.obj (.text.HOSTclose)
                  0000259c    00000048                : hostunlink.c.obj (.text.HOSTunlink)
                  000025e4    00000048     SPI.o (.text.SPI_OutCommand)
                  0000262c    00000048     ST7735.o (.text.ST7735_PlotNextErase)
                  00002674    00000044     ADC1.o (.text.ADCin)
                  000026b8    00000040     SPI.o (.text.SPI_Reset)
                  000026f8    00000040     TExaS.o (.text.TIMG7_IRQHandler)
                  00002738    00000040     libclang_rt.builtins.a : aeabi_uidivmod.S.obj (.text.__aeabi_uidivmod)
                  00002778    00000040     libc.a : fopen.c.obj (.text._search_fp)
                  000027b8    0000003c            : autoinit.c.obj (.text:__TI_auto_init_nobinit_nopinit)
                  000027f4    00000038     LaunchPad.o (.text.ActivatePortA_B)
                  0000282c    00000038     SPI.o (.text.SPI_OutData)
                  00002864    00000034     Clock.o (.text.Clock_Delay1ms)
                  00002898    00000034     ST7735.o (.text.ST7735_SetCursor)
                  000028cc    00000034     ST7735.o (.text.ST7735_write)
                  00002900    00000034     libc.a : fopen.c.obj (.text.__TI_cleanup)
                  00002934    00000034     libsysbm.a : trgmsg.c.obj (.text.__TI_readmsg)
                  00002968    00000034                : trgmsg.c.obj (.text.__TI_writemsg)
                  0000299c    00000034     libc.a : exit.c.obj (.text.exit)
                  000029d0    00000034            : getdevice.c.obj (.text.finddevice)
                  00002a04    00000034            : fopen.c.obj (.text.freopen)
                  00002a38    00000032     ST7735.o (.text.ST7735_Color565)
                  00002a6a    00000002     --HOLE-- [fill = 0]
                  00002a6c    00000030     ST7735.o (.text.commonInit)
                  00002a9c    00000030     libc.a : fopen.c.obj (.text.fopen)
                  00002acc    0000002c     ST7735.o (.text.ST7735_FillScreen)
                  00002af8    0000002c     libsysbm.a : unlink.c.obj (.text.unlink)
                  00002b24    00000028     TExaS.o (.text.ADC_Start)
                  00002b4c    00000028     libc.a : memory.c.obj (.text.free_list_insert)
                  00002b74    00000028     libsysbm.a : lseek.c.obj (.text.lseek)
                  00002b9c    00000028                : write.c.obj (.text.write)
                  00002bc4    00000028     libc.a : boot_cortex_m.c.obj (.text:_c_int00_noargs)
                  00002bec    00000022            : memccpy.c.obj (.text.memccpy)
                  00002c0e    0000001e     ST7735.o (.text.pushColor)
                  00002c2c    0000001c     ADC1.o (.text.Convert)
                  00002c48    0000001c     startup_mspm0g3507_ticlang.o (.text.Default_Handler)
                  00002c64    0000001c     startup_mspm0g3507_ticlang.o (.text.HardFault_Handler)
                  00002c80    0000001c     libc.a : memory.c.obj (.text.free_list_remove)
                  00002c9c    00000018     UART1.o (.text.UART1_OutChar)
                  00002cb4    00000016     ST7735.o (.text.ST7735_open)
                  00002cca    00000016     ST7735.o (.text.ST7735_read)
                  00002ce0    00000016     libc.a : copy_zero_init.c.obj (.text:decompress:ZI:__TI_zero_init_nomemset)
                  00002cf6    00000002     --HOLE-- [fill = 0]
                  00002cf8    00000014     FIFO1.o (.text.Fifo1_Init)
                  00002d0c    00000012     libc.a : memcpy16.S.obj (.text:TI_memcpy_small)
                  00002d1e    00000012            : copy_decompress_none.c.obj (.text:decompress:none)
                  00002d30    00000010     Clock.o (.text.Clock_Delay)
                  00002d40    00000010     LaunchPad.o (.text.Delay)
                  00002d50    00000010     Lab8Main.o (.text.TExaS_LaunchPadLogicPB27PB26)
                  00002d60    0000000e     libc.a : memory.c.obj (.text.OUTLINED_FUNCTION_0)
                  00002d6e    0000000e     ST7735.o (.text.ST7735_lseek)
                  00002d7c    0000000e     libclang_rt.builtins.a : aeabi_memset.S.obj (.text.__aeabi_memset)
                  00002d8a    0000000e     libsysbm.a : hostrename.c.obj (.text.strcpy)
                  00002d98    0000000e     libc.a : _printfi.c.obj (.text.strlen)
                  00002da6    0000000e     libsysbm.a : hostrename.c.obj (.text.strlen)
                  00002db4    0000000e     libc.a : memset16.S.obj (.text:TI_memset_small)
                  00002dc2    0000000c     ST7735.o (.text.ST7735_rename)
                  00002dce    00000002     --HOLE-- [fill = 0]
                  00002dd0    0000000c     libclang_rt.builtins.a : aeabi_memset.S.obj (.text.__aeabi_memclr)
                  00002ddc    0000000c     libc.a : memory.c.obj (.text.malloc)
                  00002de8    0000000a     Lab8Main.o (.text.PLL_Init)
                  00002df2    0000000a     ST7735.o (.text.ST7735_close)
                  00002dfc    0000000a     ST7735.o (.text.ST7735_unlink)
                  00002e06    00000008     UART2.o (.text.UART2_InChar)
                  00002e0e    00000002     --HOLE-- [fill = 0]
                  00002e10    00000008     libclang_rt.builtins.a : aeabi_memcpy.S.obj (.text.__aeabi_memcpy)
                  00002e18    00000008     libc.a : printf.c.obj (.text._outc)
                  00002e20    00000008            : printf.c.obj (.text._outs)
                  00002e28    00000008            : fseek.c.obj (.text.fseek)
                  00002e30    00000008     libsysbm.a : remove.c.obj (.text.remove)
                  00002e38    00000004     startup_mspm0g3507_ticlang.o (.text.Reset_Handler)
                  00002e3c    00000004     libc.a : pre_init.c.obj (.text._system_pre_init)
                  00002e40    00000004            : exit.c.obj (.text:abort)
                  00002e44    0000000c     --HOLE-- [fill = 0]

.cinit     0    00003418    00000098     
                  00003418    0000006d     (.cinit..data.load) [load image, compression = lzss]
                  00003485    00000003     --HOLE-- [fill = 0]
                  00003488    0000000c     (__TI_handler_table)
                  00003494    00000008     (.cinit..bss.load) [load image, compression = zero_init]
                  0000349c    00000010     (__TI_cinit_table)
                  000034ac    00000004     --HOLE-- [fill = 0]

.rodata    0    00002e50    000005c8     
                  00002e50    000004fb     ST7735.o (.rodata.Font)
                  0000334b    0000003b     ST7735.o (.rodata.Rcmd1)
                  00003386    0000002b     ST7735.o (.rodata.Rcmd3)
                  000033b1    00000016     ST7735.o (.rodata.str1.14150135094520071021)
                  000033c7    00000011     libc.a : _printfi.c.obj (.rodata.str1.153638888446227384661)
                  000033d8    0000000d     ST7735.o (.rodata.Rcmd2green)
                  000033e5    0000000d     ST7735.o (.rodata.Rcmd2red)
                  000033f2    0000000d     Lab8Main.o (.rodata.str1.119974311113958433211)
                  000033ff    00000008     ST7735.o (.rodata.str1.49126352020676291401)
                  00003407    00000007     ST7735.o (.rodata.str1.104983381717618341671)
                  0000340e    00000007     ST7735.o (.rodata.str1.88285685033687505801)
                  00003415    00000002     ST7735.o (.rodata.str1.169944352353118433601)
                  00003417    00000001     --HOLE-- [fill = 0]

.init_array 
*          0    00000000    00000000     UNINITIALIZED

.binit     0    00000000    00000000     

.sysmem    0    20200000    00000200     UNINITIALIZED
                  20200000    00000010     libc.a : memory.c.obj (.sysmem)
                  20200010    000001f0     --HOLE--

.bss       0    20200200    000001fe     UNINITIALIZED
                  20200200    00000120     libsysbm.a : trgmsg.c.obj (.bss:_CIOBUF_)
                  20200320    000000a0     libc.a : defs.c.obj (.bss.__TI_tmpnams)
                  202003c0    0000000d     FIFO1.o (.bss.Fifo)
                  202003cd    00000008     libsysbm.a : hostopen.c.obj (.bss.parmbuf)
                  202003d5    00000001     ST7735.o (.bss.ColStart)
                  202003d6    00000001     FIFO1.o (.bss.FifoGetIndex)
                  202003d7    00000001     FIFO1.o (.bss.FifoPutIndex)
                  202003d8    00000004     libc.a : memory.c.obj (.bss.sys_free)
                  202003dc    00000004     (.common:ReceiveCount)
                  202003e0    00000004     (.common:TExaSLogic)
                  202003e4    00000004     (.common:TExaSadc)
                  202003e8    00000004     (.common:TransmitCount)
                  202003ec    00000004     (.common:X)
                  202003f0    00000004     (.common:Ymax)
                  202003f4    00000004     (.common:Ymin)
                  202003f8    00000004     (.common:Yrange)
                  202003fc    00000001     ST7735.o (.bss.RowStart)
                  202003fd    00000001     ST7735.o (.bss.TabColor)

.data      0    20200400    000001e9     UNINITIALIZED
                  20200400    000000f0     libc.a : defs.c.obj (.data._ftable)
                  202004f0    00000078     libsysbm.a : host_device.c.obj (.data._device)
                  20200568    00000050                : host_device.c.obj (.data._stream)
                  202005b8    00000008     libc.a : exit.c.obj (.data..L_MergedGlobals)
                  202005c0    00000004     Clock.o (.data.BusFreq)
                  202005c4    00000004     ST7735.o (.data.StX)
                  202005c8    00000004     ST7735.o (.data.StY)
                  202005cc    00000004     libc.a : defs.c.obj (.data.__TI_ft_end)
                  202005d0    00000004            : _lock.c.obj (.data._lock)
                  202005d4    00000004            : _lock.c.obj (.data._unlock)
                  202005d8    00000002     ST7735.o (.data.StTextColor)
                  202005da    00000002     ST7735.o (.data._height)
                  202005dc    00000002     ST7735.o (.data._width)
                  202005de    00000002     --HOLE--
                  202005e0    00000001     libsysbm.a : add_device.c.obj (.data.add_device.device_init)
                  202005e1    00000003     --HOLE--
                  202005e4    00000001     libc.a : memory.c.obj (.data.memory_is_initialized)
                  202005e5    00000003     --HOLE--
                  202005e8    00000001     libsysbm.a : open.c.obj (.data.open.stream_init)

.stack     0    20207e00    00000200     UNINITIALIZED
                  20207e00    00000004     libc.a : boot_cortex_m.c.obj (.stack)
                  20207e04    000001fc     --HOLE--

__llvm_prf_cnts 
*          0    20200000    00000000     UNINITIALIZED

__llvm_prf_bits 
*          0    20200000    00000000     UNINITIALIZED

MODULE SUMMARY

       Module                         code    ro data   rw data
       ------                         ----    -------   -------
    .\
       ST7735.o                       2696    1449      33     
       TExaS.o                        720     0         8      
       Clock.o                        516     0         4      
       Lab8Main.o                     494     13        8      
       SPI.o                          440     0         0      
       UART2.o                        324     0         0      
       Timer.o                        316     0         0      
       ADC1.o                         216     0         0      
       FIFO1.o                        192     0         15     
       LaunchPad.o                    196     0         0      
       UART1.o                        152     0         0      
    +--+------------------------------+-------+---------+---------+
       Total:                         6262    1462      68     
                                                               
    .\ticlang\
       startup_mspm0g3507_ticlang.o   60      192       0      
    +--+------------------------------+-------+---------+---------+
       Total:                         60      192       0      
                                                               
    C:\ti\ccs2000\ccs\tools\compiler\ti-cgt-armllvm_4.0.1.LTS\lib\armv6m-ti-none-eabi/c/libc.a
       memory.c.obj                   702     0         5      
       _printfi.c.obj                 658     17        0      
       fopen.c.obj                    556     0         0      
       defs.c.obj                     0       0         404    
       fputs.c.obj                    248     0         0      
       setvbuf.c.obj                  224     0         0      
       getdevice.c.obj                160     0         0      
       fputc.c.obj                    156     0         0      
       strcmp-armv6m.S.obj            136     0         0      
       copy_decompress_lzss.c.obj     124     0         0      
       fclose.c.obj                   124     0         0      
       fseek.c.obj                    116     0         0      
       printf.c.obj                   108     0         0      
       _io_perm.c.obj                 100     0         0      
       fflush.c.obj                   82      0         0      
       exit.c.obj                     56      0         8      
       autoinit.c.obj                 60      0         0      
       boot_cortex_m.c.obj            40      0         0      
       memccpy.c.obj                  34      0         0      
       copy_zero_init.c.obj           22      0         0      
       copy_decompress_none.c.obj     18      0         0      
       memcpy16.S.obj                 18      0         0      
       memset16.S.obj                 14      0         0      
       _lock.c.obj                    2       0         8      
       pre_init.c.obj                 4       0         0      
    +--+------------------------------+-------+---------+---------+
       Total:                         3762    17        425    
                                                               
    C:\ti\ccs2000\ccs\tools\compiler\ti-cgt-armllvm_4.0.1.LTS\lib\armv6m-ti-none-eabi/c/libsysbm.a
       trgmsg.c.obj                   104     0         288    
       add_device.c.obj               236     0         1      
       host_device.c.obj              0       0         200    
       open.c.obj                     160     0         1      
       hostrename.c.obj               136     0         0      
       hostlseek.c.obj                108     0         0      
       hostopen.c.obj                 96      0         8      
       hostread.c.obj                 88      0         0      
       hostwrite.c.obj                88      0         0      
       close.c.obj                    80      0         0      
       hostclose.c.obj                72      0         0      
       hostunlink.c.obj               72      0         0      
       unlink.c.obj                   44      0         0      
       lseek.c.obj                    40      0         0      
       write.c.obj                    40      0         0      
       remove.c.obj                   8       0         0      
    +--+------------------------------+-------+---------+---------+
       Total:                         1372    0         498    
                                                               
    C:\ti\ccs2000\ccs\tools\compiler\ti-cgt-armllvm_4.0.1.LTS\lib\armv6m-ti-none-eabi/libclang_rt.builtins.a
       aeabi_idivmod.S.obj            86      0         0      
       aeabi_uidivmod.S.obj           64      0         0      
       aeabi_memset.S.obj             26      0         0      
       aeabi_memcpy.S.obj             8       0         0      
       aeabi_div0.c.obj               2       0         0      
    +--+------------------------------+-------+---------+---------+
       Total:                         186     0         0      
                                                               
       Heap:                          0       0         512    
       Stack:                         0       0         512    
       Linker Generated:              0       145       0      
    +--+------------------------------+-------+---------+---------+
       Grand Total:                   11642   1816      2015   


LINKER GENERATED COPY TABLES

__TI_cinit_table @ 0000349c records: 2, size/record: 8, table size: 16
	.data: load addr=00003418, load size=0000006d bytes, run addr=20200400, run size=000001e9 bytes, compression=lzss
	.bss: load addr=00003494, load size=00000008 bytes, run addr=20200200, run size=000001fe bytes, compression=zero_init


LINKER GENERATED HANDLER TABLE

__TI_handler_table @ 00003488 records: 3, size/record: 4, table size: 12
	index: 0, handler: __TI_decompress_lzss
	index: 1, handler: __TI_decompress_none
	index: 2, handler: __TI_zero_init


GLOBAL SYMBOLS: SORTED ALPHABETICALLY BY Name 

address   name                          
-------   ----                          
00002c49  ADC0_IRQHandler               
00002c49  ADC1_IRQHandler               
000007f5  ADC_Init                      
00002b25  ADC_Start                     
00002675  ADCin                         
00001da1  ADCinit                       
00002c49  AES_IRQHandler                
000027f5  ActivatePortA_B               
202005c0  BusFreq                       
00002e40  C$$EXIT                       
00002995  C$$IO$$                       
00002c49  CANFD0_IRQHandler             
00002d31  Clock_Delay                   
00002865  Clock_Delay1ms                
00001a95  Clock_Freq                    
00000345  Clock_Init80MHz               
00002c2d  Convert                       
00002c49  DAC0_IRQHandler               
00002c49  DMA_IRQHandler                
00002c49  Default_Handler               
00002d41  Delay                         
0000245d  Fifo1_Get                     
00002cf9  Fifo1_Init                    
000022a5  Fifo1_Put                     
00002c49  GROUP0_IRQHandler             
00002c49  GROUP1_IRQHandler             
00002555  HOSTclose                     
00001f71  HOSTlseek                     
000021e9  HOSTopen                      
000022fd  HOSTread                      
00001fdd  HOSTrename                    
0000259d  HOSTunlink                    
00002355  HOSTwrite                     
00002c65  HardFault_Handler             
00002c49  I2C0_IRQHandler               
00002c49  I2C1_IRQHandler               
00001c2d  LaunchPad_Init                
00002c49  NMI_Handler                   
00002de9  PLL_Init                      
00002c49  PendSV_Handler                
00002c49  RTC_IRQHandler                
202003dc  ReceiveCount                  
00002e39  Reset_Handler                 
00002c49  SPI0_IRQHandler               
00002c49  SPI1_IRQHandler               
00000c71  SPI_Init                      
000025e5  SPI_OutCommand                
0000282d  SPI_OutData                   
000026b9  SPI_Reset                     
00002a39  ST7735_Color565               
000004f9  ST7735_DrawChar               
00001461  ST7735_DrawFastVLine          
00001f01  ST7735_DrawPixel              
00001b29  ST7735_DrawString             
00000a45  ST7735_FillRect               
00002acd  ST7735_FillScreen             
000017a9  ST7735_InitPrintf             
000018e1  ST7735_InitR                  
000011fd  ST7735_OutChar                
00001e19  ST7735_PlotClear              
0000262d  ST7735_PlotNextErase          
000012cd  ST7735_PlotPoint              
00002899  ST7735_SetCursor              
00002df3  ST7735_close                  
00002d6f  ST7735_lseek                  
00002cb5  ST7735_open                   
00002ccb  ST7735_read                   
00002dc3  ST7735_rename                 
00002dfd  ST7735_unlink                 
000028cd  ST7735_write                  
00002c49  SVC_Handler                   
202005d8  StTextColor                   
202005c4  StX                           
202005c8  StY                           
00002c49  SysTick_Handler               
202003e0  TExaSLogic                    
000023ad  TExaS_Init                    
00002d51  TExaS_LaunchPadLogicPB27PB26  
202003e4  TExaSadc                      
00002c49  TIMA0_IRQHandler              
00002c49  TIMA1_IRQHandler              
00002c49  TIMG0_IRQHandler              
00001511  TIMG12_IRQHandler             
00002c49  TIMG6_IRQHandler              
000026f9  TIMG7_IRQHandler              
00002c49  TIMG8_IRQHandler              
00002d0d  TI_memcpy_small               
00002db5  TI_memset_small               
00001979  TimerG12_IntArm               
000015bd  TimerG7_IntArm                
202003e8  TransmitCount                 
00002c49  UART0_IRQHandler              
00002c49  UART1_IRQHandler              
00001bad  UART1_Init                    
00002c9d  UART1_OutChar                 
00001e8d  UART2_IRQHandler              
00002e07  UART2_InChar                  
00001399  UART2_Init                    
00002c49  UART3_IRQHandler              
00000f4d  UART_Init                     
202003ec  X                             
202003f0  Ymax                          
202003f4  Ymin                          
202003f8  Yrange                        
20200200  _CIOBUF_                      
20200200  __CIOBUF_                     
20208000  __STACK_END                   
00000200  __STACK_SIZE                  
00000200  __SYSMEM_SIZE                 
00000000  __TI_ATRegion0_region_sz      
00000000  __TI_ATRegion0_src_addr       
00000000  __TI_ATRegion0_trg_addr       
00000000  __TI_ATRegion1_region_sz      
00000000  __TI_ATRegion1_src_addr       
00000000  __TI_ATRegion1_trg_addr       
00000000  __TI_ATRegion2_region_sz      
00000000  __TI_ATRegion2_src_addr       
00000000  __TI_ATRegion2_trg_addr       
0000349c  __TI_CINIT_Base               
000034ac  __TI_CINIT_Limit              
000034ac  __TI_CINIT_Warm               
00003488  __TI_Handler_Table_Base       
00003494  __TI_Handler_Table_Limit      
000027b9  __TI_auto_init_nobinit_nopinit
00002901  __TI_cleanup                  
202005b8  __TI_cleanup_ptr              
00001ca9  __TI_closefile                
00001d25  __TI_decompress_lzss          
00002d1f  __TI_decompress_none          
000024b1  __TI_doflush                  
202005bc  __TI_dtors_ptr                
202005cc  __TI_ft_end                   
ffffffff  __TI_pprof_out_hndl           
000000c1  __TI_printfi_minimal          
ffffffff  __TI_prof_data_size           
ffffffff  __TI_prof_data_start          
00002935  __TI_readmsg                  
00000000  __TI_static_base__            
20200320  __TI_tmpnams                  
00002969  __TI_writemsg                 
00002121  __TI_wrt_ok                   
00002ce1  __TI_zero_init_nomemset       
00002405  __aeabi_idiv                  
00001707  __aeabi_idiv0                 
00002405  __aeabi_idivmod               
00002dd1  __aeabi_memclr                
00002dd1  __aeabi_memclr4               
00002dd1  __aeabi_memclr8               
00002e11  __aeabi_memcpy                
00002e11  __aeabi_memcpy4               
00002e11  __aeabi_memcpy8               
00002d7d  __aeabi_memset                
00002d7d  __aeabi_memset4               
00002d7d  __aeabi_memset8               
00002739  __aeabi_uidiv                 
00002739  __aeabi_uidivmod              
ffffffff  __binit__                     
UNDEFED   __mpu_init                    
20207e00  __stack                       
20200000  __start___llvm_prf_bits       
20200000  __start___llvm_prf_cnts       
20200000  __stop___llvm_prf_bits        
20200000  __stop___llvm_prf_cnts        
00002bc5  _c_int00_noargs               
202004f0  _device                       
20200400  _ftable                       
202005d0  _lock                         
0000245b  _nop                          
20200568  _stream                       
20200000  _sys_memory                   
UNDEFED   _system_post_cinit            
00002e3d  _system_pre_init              
202005d4  _unlock                       
00002e41  abort                         
00000e61  add_device                    
00000b5d  aligned_alloc                 
ffffffff  binit                         
00002505  close                         
0000299d  exit                          
000029d1  finddevice                    
00002a9d  fopen                         
00001845  fputc                         
00000d69  fputs                         
00001035  free                          
00002a05  freopen                       
00002e29  fseek                         
00002049  fseeko                        
000020b5  getdevice                     
00000000  interruptVectors              
00002b75  lseek                         
0000091d  main                          
00002ddd  malloc                        
00000b5d  memalign                      
00002bed  memccpy                       
00001709  open                          
202003cd  parmbuf                       
00002249  printf                        
00002e31  remove                        
0000111d  setvbuf                       
00001aa1  strcmp                        
00002af9  unlink                        
00002b9d  write                         


GLOBAL SYMBOLS: SORTED BY Symbol Address 

address   name                          
-------   ----                          
00000000  __TI_ATRegion0_region_sz      
00000000  __TI_ATRegion0_src_addr       
00000000  __TI_ATRegion0_trg_addr       
00000000  __TI_ATRegion1_region_sz      
00000000  __TI_ATRegion1_src_addr       
00000000  __TI_ATRegion1_trg_addr       
00000000  __TI_ATRegion2_region_sz      
00000000  __TI_ATRegion2_src_addr       
00000000  __TI_ATRegion2_trg_addr       
00000000  __TI_static_base__            
00000000  interruptVectors              
000000c1  __TI_printfi_minimal          
00000200  __STACK_SIZE                  
00000200  __SYSMEM_SIZE                 
00000345  Clock_Init80MHz               
000004f9  ST7735_DrawChar               
000007f5  ADC_Init                      
0000091d  main                          
00000a45  ST7735_FillRect               
00000b5d  aligned_alloc                 
00000b5d  memalign                      
00000c71  SPI_Init                      
00000d69  fputs                         
00000e61  add_device                    
00000f4d  UART_Init                     
00001035  free                          
0000111d  setvbuf                       
000011fd  ST7735_OutChar                
000012cd  ST7735_PlotPoint              
00001399  UART2_Init                    
00001461  ST7735_DrawFastVLine          
00001511  TIMG12_IRQHandler             
000015bd  TimerG7_IntArm                
00001707  __aeabi_idiv0                 
00001709  open                          
000017a9  ST7735_InitPrintf             
00001845  fputc                         
000018e1  ST7735_InitR                  
00001979  TimerG12_IntArm               
00001a95  Clock_Freq                    
00001aa1  strcmp                        
00001b29  ST7735_DrawString             
00001bad  UART1_Init                    
00001c2d  LaunchPad_Init                
00001ca9  __TI_closefile                
00001d25  __TI_decompress_lzss          
00001da1  ADCinit                       
00001e19  ST7735_PlotClear              
00001e8d  UART2_IRQHandler              
00001f01  ST7735_DrawPixel              
00001f71  HOSTlseek                     
00001fdd  HOSTrename                    
00002049  fseeko                        
000020b5  getdevice                     
00002121  __TI_wrt_ok                   
000021e9  HOSTopen                      
00002249  printf                        
000022a5  Fifo1_Put                     
000022fd  HOSTread                      
00002355  HOSTwrite                     
000023ad  TExaS_Init                    
00002405  __aeabi_idiv                  
00002405  __aeabi_idivmod               
0000245b  _nop                          
0000245d  Fifo1_Get                     
000024b1  __TI_doflush                  
00002505  close                         
00002555  HOSTclose                     
0000259d  HOSTunlink                    
000025e5  SPI_OutCommand                
0000262d  ST7735_PlotNextErase          
00002675  ADCin                         
000026b9  SPI_Reset                     
000026f9  TIMG7_IRQHandler              
00002739  __aeabi_uidiv                 
00002739  __aeabi_uidivmod              
000027b9  __TI_auto_init_nobinit_nopinit
000027f5  ActivatePortA_B               
0000282d  SPI_OutData                   
00002865  Clock_Delay1ms                
00002899  ST7735_SetCursor              
000028cd  ST7735_write                  
00002901  __TI_cleanup                  
00002935  __TI_readmsg                  
00002969  __TI_writemsg                 
00002995  C$$IO$$                       
0000299d  exit                          
000029d1  finddevice                    
00002a05  freopen                       
00002a39  ST7735_Color565               
00002a9d  fopen                         
00002acd  ST7735_FillScreen             
00002af9  unlink                        
00002b25  ADC_Start                     
00002b75  lseek                         
00002b9d  write                         
00002bc5  _c_int00_noargs               
00002bed  memccpy                       
00002c2d  Convert                       
00002c49  ADC0_IRQHandler               
00002c49  ADC1_IRQHandler               
00002c49  AES_IRQHandler                
00002c49  CANFD0_IRQHandler             
00002c49  DAC0_IRQHandler               
00002c49  DMA_IRQHandler                
00002c49  Default_Handler               
00002c49  GROUP0_IRQHandler             
00002c49  GROUP1_IRQHandler             
00002c49  I2C0_IRQHandler               
00002c49  I2C1_IRQHandler               
00002c49  NMI_Handler                   
00002c49  PendSV_Handler                
00002c49  RTC_IRQHandler                
00002c49  SPI0_IRQHandler               
00002c49  SPI1_IRQHandler               
00002c49  SVC_Handler                   
00002c49  SysTick_Handler               
00002c49  TIMA0_IRQHandler              
00002c49  TIMA1_IRQHandler              
00002c49  TIMG0_IRQHandler              
00002c49  TIMG6_IRQHandler              
00002c49  TIMG8_IRQHandler              
00002c49  UART0_IRQHandler              
00002c49  UART1_IRQHandler              
00002c49  UART3_IRQHandler              
00002c65  HardFault_Handler             
00002c9d  UART1_OutChar                 
00002cb5  ST7735_open                   
00002ccb  ST7735_read                   
00002ce1  __TI_zero_init_nomemset       
00002cf9  Fifo1_Init                    
00002d0d  TI_memcpy_small               
00002d1f  __TI_decompress_none          
00002d31  Clock_Delay                   
00002d41  Delay                         
00002d51  TExaS_LaunchPadLogicPB27PB26  
00002d6f  ST7735_lseek                  
00002d7d  __aeabi_memset                
00002d7d  __aeabi_memset4               
00002d7d  __aeabi_memset8               
00002db5  TI_memset_small               
00002dc3  ST7735_rename                 
00002dd1  __aeabi_memclr                
00002dd1  __aeabi_memclr4               
00002dd1  __aeabi_memclr8               
00002ddd  malloc                        
00002de9  PLL_Init                      
00002df3  ST7735_close                  
00002dfd  ST7735_unlink                 
00002e07  UART2_InChar                  
00002e11  __aeabi_memcpy                
00002e11  __aeabi_memcpy4               
00002e11  __aeabi_memcpy8               
00002e29  fseek                         
00002e31  remove                        
00002e39  Reset_Handler                 
00002e3d  _system_pre_init              
00002e40  C$$EXIT                       
00002e41  abort                         
00003488  __TI_Handler_Table_Base       
00003494  __TI_Handler_Table_Limit      
0000349c  __TI_CINIT_Base               
000034ac  __TI_CINIT_Limit              
000034ac  __TI_CINIT_Warm               
20200000  __start___llvm_prf_bits       
20200000  __start___llvm_prf_cnts       
20200000  __stop___llvm_prf_bits        
20200000  __stop___llvm_prf_cnts        
20200000  _sys_memory                   
20200200  _CIOBUF_                      
20200200  __CIOBUF_                     
20200320  __TI_tmpnams                  
202003cd  parmbuf                       
202003dc  ReceiveCount                  
202003e0  TExaSLogic                    
202003e4  TExaSadc                      
202003e8  TransmitCount                 
202003ec  X                             
202003f0  Ymax                          
202003f4  Ymin                          
202003f8  Yrange                        
20200400  _ftable                       
202004f0  _device                       
20200568  _stream                       
202005b8  __TI_cleanup_ptr              
202005bc  __TI_dtors_ptr                
202005c0  BusFreq                       
202005c4  StX                           
202005c8  StY                           
202005cc  __TI_ft_end                   
202005d0  _lock                         
202005d4  _unlock                       
202005d8  StTextColor                   
20207e00  __stack                       
20208000  __STACK_END                   
ffffffff  __TI_pprof_out_hndl           
ffffffff  __TI_prof_data_size           
ffffffff  __TI_prof_data_start          
ffffffff  __binit__                     
ffffffff  binit                         
UNDEFED   __mpu_init                    
UNDEFED   _system_post_cinit            

[202 symbols]
