******************************************************************************
            TI ARM Clang Linker PC v4.0.1                      
******************************************************************************
>> Linked Mon Mar 31 21:37:18 2025

OUTPUT FILE NAME:   <ECE319K_Lab7.out>
ENTRY POINT SYMBOL: "_c_int00_noargs"  address: 00003fd1


MEMORY CONFIGURATION

         name            origin    length      used     unused   attr    fill
----------------------  --------  ---------  --------  --------  ----  --------
  FLASH                 00000000   00020000  00004a48  0001b5b8  R  X
  SRAM                  20200000   00008000  000007e4  0000781c  RW X
  BCR_CONFIG            41c00000   00000080  00000000  00000080  R   
  BSL_CONFIG            41c00100   00000080  00000000  00000080  R   


SEGMENT ALLOCATION MAP

run origin  load origin   length   init length attrs members
----------  ----------- ---------- ----------- ----- -------
00000000    00000000    00004a48   00004a48    r-x
  00000000    00000000    000000c0   000000c0    r-- .intvecs
  000000c0    000000c0    00004210   00004210    r-x .text
  000042d0    000042d0    000006e0   000006e0    r-- .rodata
  000049b0    000049b0    00000098   00000098    r-- .cinit
20200000    20200000    000005e5   00000000    rw-
  20200000    20200000    00000200   00000000    rw- .sysmem
  20200200    20200200    000001f7   00000000    rw- .bss
  202003f8    202003f8    000001ed   00000000    rw- .data
20207e00    20207e00    00000200   00000000    rw-
  20207e00    20207e00    00000200   00000000    rw- .stack


SECTION ALLOCATION MAP

 output                                  attributes/
section   page    origin      length       input sections
--------  ----  ----------  ----------   ----------------
.intvecs   0    00000000    000000c0     
                  00000000    000000c0     startup_mspm0g3507_ticlang.o (.intvecs)

.text      0    000000c0    00004210     
                  000000c0    000009d0     libc.a : _printfi.c.obj (.text:__TI_printfi)
                  00000a90    00000220            : _printfi.c.obj (.text._pconv_a)
                  00000cb0    000001dc            : _printfi.c.obj (.text._pconv_g)
                  00000e8c    000001b4     Clock.o (.text.Clock_Init80MHz)
                  00001040    000001a8     ST7735.o (.text.ST7735_DrawChar)
                  000011e8    00000192     libclang_rt.builtins.a : adddf3.S.obj (.text.adddf3_subdf3)
                  0000137a    00000002                            : aeabi_div0.c.obj (.text.__aeabi_idiv0)
                  0000137c    00000154     libc.a : fopen.c.obj (.text._openfile)
                  000014d0    0000013c            : _printfi.c.obj (.text.fcvt)
                  0000160c    00000128     TExaS.o (.text.ADC_Init)
                  00001734    00000120     libc.a : _printfi.c.obj (.text._pconv_e)
                  00001854    00000118     ST7735.o (.text.ST7735_FillRect)
                  0000196c    00000114     libc.a : memory.c.obj (.text.aligned_alloc)
                  00001a80    0000010c     libclang_rt.builtins.a : divdf3.S.obj (.text.__divdf3)
                  00001b8c    000000f8     SPI.o (.text.SPI_Init)
                  00001c84    000000f8     libc.a : fputs.c.obj (.text.fputs)
                  00001d7c    000000ec     libsysbm.a : add_device.c.obj (.text.add_device)
                  00001e68    000000e8     TExaS.o (.text.UART_Init)
                  00001f50    000000e8     libc.a : memory.c.obj (.text.free)
                  00002038    000000e4     libclang_rt.builtins.a : muldf3.S.obj (.text.__muldf3)
                  0000211c    000000e0     libc.a : setvbuf.c.obj (.text.setvbuf)
                  000021fc    000000d8            : s_scalbn.c.obj (.text.scalbn)
                  000022d4    000000d4     Lab7Main.o (.text.main)
                  000023a8    000000d0     ST7735.o (.text.ST7735_OutChar)
                  00002478    000000cc     ST7735.o (.text.ST7735_PlotPoint)
                  00002544    000000b0     ST7735.o (.text.ST7735_DrawFastVLine)
                  000025f4    000000a8     Timer.o (.text.TimerG7_IntArm)
                  0000269c    000000a2     ST7735.o (.text.commandList)
                  0000273e    00000002     libclang_rt.builtins.a : aeabi_div0.c.obj (.text.__aeabi_ldiv0)
                  00002740    000000a2                            : udivmoddi4.S.obj (.text)
                  000027e2    00000002     libc.a : _lock.c.obj (.text._nop)
                  000027e4    000000a0     libsysbm.a : open.c.obj (.text.open)
                  00002884    0000009c     ST7735.o (.text.ST7735_InitPrintf)
                  00002920    0000009c     libc.a : fputc.c.obj (.text.fputc)
                  000029bc    00000098     ST7735.o (.text.ST7735_InitR)
                  00002a54    00000094     Timer.o (.text.TimerG12_IntArm)
                  00002ae8    00000088     ST7735.o (.text.setAddrWindow)
                  00002b70    00000088     libc.a : strcmp-armv6m.S.obj (.text:strcmp)
                  00002bf8    00000084     ST7735.o (.text.ST7735_DrawString)
                  00002c7c    0000007c     LaunchPad.o (.text.LaunchPad_Init)
                  00002cf8    0000007c     libc.a : fclose.c.obj (.text.__TI_closefile)
                  00002d74    0000007c            : copy_decompress_lzss.c.obj (.text:decompress:lzss)
                  00002df0    00000078     ADC1.o (.text.ADCinit)
                  00002e68    00000074     ST7735.o (.text.ST7735_PlotClear)
                  00002edc    00000074     libclang_rt.builtins.a : comparedf2.c.obj (.text.__gedf2)
                  00002f50    00000070     ST7735.o (.text.ST7735_DrawPixel)
                  00002fc0    0000006c     libsysbm.a : hostlseek.c.obj (.text.HOSTlseek)
                  0000302c    0000006c                : hostrename.c.obj (.text.HOSTrename)
                  00003098    0000006c     libc.a : fseek.c.obj (.text.fseeko)
                  00003104    0000006c            : getdevice.c.obj (.text.getdevice)
                  00003170    00000068     libclang_rt.builtins.a : comparedf2.c.obj (.text.__ledf2)
                  000031d8    00000066     libc.a : _printfi.c.obj (.text._mcpy)
                  0000323e    00000064            : _io_perm.c.obj (.text.__TI_wrt_ok)
                  000032a2    00000002     --HOLE-- [fill = 0]
                  000032a4    00000064            : memory.c.obj (.text.split)
                  00003308    00000062     libclang_rt.builtins.a : aeabi_dcmp.S.obj (.text.__aeabi_dcmp)
                  0000336a    00000002     --HOLE-- [fill = 0]
                  0000336c    00000060     libsysbm.a : hostopen.c.obj (.text.HOSTopen)
                  000033cc    0000005c     Lab7Main.o (.text.OutFix)
                  00003428    0000005c     libc.a : s_frexp.c.obj (.text.frexp)
                  00003484    0000005c            : printf.c.obj (.text.printf)
                  000034e0    00000058     libsysbm.a : hostread.c.obj (.text.HOSTread)
                  00003538    00000058                : hostwrite.c.obj (.text.HOSTwrite)
                  00003590    00000058     TExaS.o (.text.TExaS_Init)
                  000035e8    00000058     Lab7Main.o (.text.TIMG12_IRQHandler)
                  00003640    00000058     libc.a : _ltoa.c.obj (.text.__TI_ltoa)
                  00003698    00000058            : _printfi.c.obj (.text._pconv_f)
                  000036f0    00000056     libclang_rt.builtins.a : aeabi_idivmod.S.obj (.text.__aeabi_idivmod)
                  00003746    00000052     libc.a : fflush.c.obj (.text.__TI_doflush)
                  00003798    00000052            : _printfi.c.obj (.text._ecpy)
                  000037ea    00000002     --HOLE-- [fill = 0]
                  000037ec    00000050     libsysbm.a : close.c.obj (.text.close)
                  0000383c    0000004a     libclang_rt.builtins.a : fixdfsi.S.obj (.text.__fixdfsi)
                  00003886    00000002     --HOLE-- [fill = 0]
                  00003888    00000048     libsysbm.a : hostclose.c.obj (.text.HOSTclose)
                  000038d0    00000048                : hostunlink.c.obj (.text.HOSTunlink)
                  00003918    00000048     SPI.o (.text.SPI_OutCommand)
                  00003960    00000048     ST7735.o (.text.ST7735_PlotNextErase)
                  000039a8    00000044     ADC1.o (.text.ADCin)
                  000039ec    00000040     SPI.o (.text.SPI_Reset)
                  00003a2c    00000040     TExaS.o (.text.TIMG7_IRQHandler)
                  00003a6c    00000040     libclang_rt.builtins.a : aeabi_uidivmod.S.obj (.text.__aeabi_uidivmod)
                  00003aac    00000040     libc.a : fopen.c.obj (.text._search_fp)
                  00003aec    00000040            : atoi.c.obj (.text.atoi)
                  00003b2c    0000003c            : autoinit.c.obj (.text:__TI_auto_init_nobinit_nopinit)
                  00003b68    0000003a     libclang_rt.builtins.a : muldsi3.S.obj (.text.__muldsi3)
                  00003ba2    00000002     --HOLE-- [fill = 0]
                  00003ba4    00000038     LaunchPad.o (.text.ActivatePortA_B)
                  00003bdc    00000038     SPI.o (.text.SPI_OutData)
                  00003c14    00000034     Clock.o (.text.Clock_Delay1ms)
                  00003c48    00000034     ST7735.o (.text.ST7735_SetCursor)
                  00003c7c    00000034     ST7735.o (.text.ST7735_write)
                  00003cb0    00000034     libc.a : fopen.c.obj (.text.__TI_cleanup)
                  00003ce4    00000034     libsysbm.a : trgmsg.c.obj (.text.__TI_readmsg)
                  00003d18    00000034                : trgmsg.c.obj (.text.__TI_writemsg)
                  00003d4c    00000034     libc.a : exit.c.obj (.text.exit)
                  00003d80    00000034            : getdevice.c.obj (.text.finddevice)
                  00003db4    00000034            : fopen.c.obj (.text.freopen)
                  00003de8    00000032     ST7735.o (.text.ST7735_Color565)
                  00003e1a    00000030     libc.a : _printfi.c.obj (.text._fcpy)
                  00003e4a    00000002     --HOLE-- [fill = 0]
                  00003e4c    00000030     ST7735.o (.text.commonInit)
                  00003e7c    00000030     libc.a : fopen.c.obj (.text.fopen)
                  00003eac    0000002c     ST7735.o (.text.ST7735_FillScreen)
                  00003ed8    0000002c     libclang_rt.builtins.a : floatsidf.S.obj (.text.__floatsidf)
                  00003f04    0000002c     libsysbm.a : unlink.c.obj (.text.unlink)
                  00003f30    00000028     TExaS.o (.text.ADC_Start)
                  00003f58    00000028     libc.a : memory.c.obj (.text.free_list_insert)
                  00003f80    00000028     libsysbm.a : lseek.c.obj (.text.lseek)
                  00003fa8    00000028                : write.c.obj (.text.write)
                  00003fd0    00000028     libc.a : boot_cortex_m.c.obj (.text:_c_int00_noargs)
                  00003ff8    00000024     libclang_rt.builtins.a : muldi3.S.obj (.text.__muldi3)
                  0000401c    00000022     libc.a : memccpy.c.obj (.text.memccpy)
                  0000403e    00000002     --HOLE-- [fill = 0]
                  00004040    0000001e     libclang_rt.builtins.a : ashldi3.S.obj (.text.__ashldi3)
                  0000405e    0000001e     ST7735.o (.text.pushColor)
                  0000407c    0000001c     ADC1.o (.text.Convert)
                  00004098    0000001c     startup_mspm0g3507_ticlang.o (.text.Default_Handler)
                  000040b4    0000001c     startup_mspm0g3507_ticlang.o (.text.HardFault_Handler)
                  000040d0    0000001c     libc.a : memory.c.obj (.text.free_list_remove)
                  000040ec    00000016     ST7735.o (.text.ST7735_open)
                  00004102    00000016     ST7735.o (.text.ST7735_read)
                  00004118    00000016     libc.a : copy_zero_init.c.obj (.text:decompress:ZI:__TI_zero_init_nomemset)
                  0000412e    00000002     --HOLE-- [fill = 0]
                  00004130    00000014     libclang_rt.builtins.a : aeabi_uldivmod.S.obj (.text.__aeabi_uldivmod)
                  00004144    00000014     libc.a : _printfi.c.obj (.text.strchr)
                  00004158    00000012            : memcpy16.S.obj (.text:TI_memcpy_small)
                  0000416a    00000012            : copy_decompress_none.c.obj (.text:decompress:none)
                  0000417c    00000010     Clock.o (.text.Clock_Delay)
                  0000418c    00000010     LaunchPad.o (.text.Delay)
                  0000419c    00000010     Lab7Main.o (.text.TExaS_LaunchPadLogicPB27PB26)
                  000041ac    00000010     libc.a : wcslen.c.obj (.text.wcslen)
                  000041bc    0000000e            : memory.c.obj (.text.OUTLINED_FUNCTION_0)
                  000041ca    0000000e     ST7735.o (.text.ST7735_lseek)
                  000041d8    0000000e     libclang_rt.builtins.a : aeabi_memset.S.obj (.text.__aeabi_memset)
                  000041e6    0000000e     libsysbm.a : hostrename.c.obj (.text.strcpy)
                  000041f4    0000000e     libc.a : _printfi.c.obj (.text.strlen)
                  00004202    0000000e     libsysbm.a : hostrename.c.obj (.text.strlen)
                  00004210    0000000e     libc.a : memset16.S.obj (.text:TI_memset_small)
                  0000421e    00000002     --HOLE-- [fill = 0]
                  00004220    0000000c     Clock.o (.text.Clock_Freq)
                  0000422c    0000000c     ST7735.o (.text.ST7735_rename)
                  00004238    0000000c     libclang_rt.builtins.a : aeabi_memset.S.obj (.text.__aeabi_memclr)
                  00004244    0000000c     libc.a : memory.c.obj (.text.malloc)
                  00004250    0000000a            : _printfi.c.obj (.text.OUTLINED_FUNCTION_0)
                  0000425a    00000002     --HOLE-- [fill = 0]
                  0000425c    00000010     libclang_rt.builtins.a : adddf3.S.obj (.tramp.__aeabi_dsub.1)
                  0000426c    0000000a     libc.a : _printfi.c.obj (.text.OUTLINED_FUNCTION_1)
                  00004276    0000000a     Lab7Main.o (.text.PLL_Init)
                  00004280    0000000a     ST7735.o (.text.ST7735_close)
                  0000428a    0000000a     ST7735.o (.text.ST7735_unlink)
                  00004294    00000008     libc.a : aeabi_portable.c.obj (.text.__aeabi_errno_addr)
                  0000429c    00000008     libclang_rt.builtins.a : aeabi_memcpy.S.obj (.text.__aeabi_memcpy)
                  000042a4    00000008     libc.a : printf.c.obj (.text._outc)
                  000042ac    00000008            : printf.c.obj (.text._outs)
                  000042b4    00000008            : fseek.c.obj (.text.fseek)
                  000042bc    00000008     libsysbm.a : remove.c.obj (.text.remove)
                  000042c4    00000004     startup_mspm0g3507_ticlang.o (.text.Reset_Handler)
                  000042c8    00000004     libc.a : pre_init.c.obj (.text._system_pre_init)
                  000042cc    00000004            : exit.c.obj (.text:abort)

.cinit     0    000049b0    00000098     
                  000049b0    0000006f     (.cinit..data.load) [load image, compression = lzss]
                  00004a1f    00000001     --HOLE-- [fill = 0]
                  00004a20    0000000c     (__TI_handler_table)
                  00004a2c    00000008     (.cinit..bss.load) [load image, compression = zero_init]
                  00004a34    00000010     (__TI_cinit_table)
                  00004a44    00000004     --HOLE-- [fill = 0]

.rodata    0    000042d0    000006e0     
                  000042d0    000004fb     ST7735.o (.rodata.Font)
                  000047cb    00000002     ST7735.o (.rodata.str1.169944352353118433601)
                  000047cd    00000003     --HOLE-- [fill = 0]
                  000047d0    00000101     libc.a : aeabi_ctype.S.obj (.rodata:__aeabi_ctype_table_)
                  000048d1    0000003b     ST7735.o (.rodata.Rcmd1)
                  0000490c    0000002b     ST7735.o (.rodata.Rcmd3)
                  00004937    00000016     ST7735.o (.rodata.str1.14150135094520071021)
                  0000494d    00000011     libc.a : _printfi.c.obj (.rodata.str1.103488685894817597201)
                  0000495e    00000011            : _printfi.c.obj (.rodata.str1.153638888446227384661)
                  0000496f    0000000f     Lab7Main.o (.rodata.str1.59083580816086144841)
                  0000497e    0000000d     ST7735.o (.rodata.Rcmd2green)
                  0000498b    0000000d     ST7735.o (.rodata.Rcmd2red)
                  00004998    00000008     ST7735.o (.rodata.str1.49126352020676291401)
                  000049a0    00000007     ST7735.o (.rodata.str1.104983381717618341671)
                  000049a7    00000007     ST7735.o (.rodata.str1.88285685033687505801)
                  000049ae    00000002     --HOLE-- [fill = 0]

.init_array 
*          0    00000000    00000000     UNINITIALIZED

.binit     0    00000000    00000000     

.sysmem    0    20200000    00000200     UNINITIALIZED
                  20200000    00000010     libc.a : memory.c.obj (.sysmem)
                  20200010    000001f0     --HOLE--

.bss       0    20200200    000001f7     UNINITIALIZED
                  20200200    00000120     libsysbm.a : trgmsg.c.obj (.bss:_CIOBUF_)
                  20200320    000000a0     libc.a : defs.c.obj (.bss.__TI_tmpnams)
                  202003c0    00000008     libsysbm.a : hostopen.c.obj (.bss.parmbuf)
                  202003c8    00000004     libc.a : memory.c.obj (.bss.sys_free)
                  202003cc    00000004     (.common:Data)
                  202003d0    00000004     (.common:Position)
                  202003d4    00000004     (.common:TExaSLogic)
                  202003d8    00000004     (.common:TExaSadc)
                  202003dc    00000004     (.common:Time)
                  202003e0    00000004     (.common:X)
                  202003e4    00000004     (.common:Ymax)
                  202003e8    00000004     (.common:Ymin)
                  202003ec    00000004     (.common:Yrange)
                  202003f0    00000004     (.common:flag)
                  202003f4    00000001     ST7735.o (.bss.ColStart)
                  202003f5    00000001     ST7735.o (.bss.RowStart)
                  202003f6    00000001     ST7735.o (.bss.TabColor)

.data      0    202003f8    000001ed     UNINITIALIZED
                  202003f8    000000f0     libc.a : defs.c.obj (.data._ftable)
                  202004e8    00000078     libsysbm.a : host_device.c.obj (.data._device)
                  20200560    00000050                : host_device.c.obj (.data._stream)
                  202005b0    00000008     libc.a : exit.c.obj (.data..L_MergedGlobals)
                  202005b8    00000004     Clock.o (.data.BusFreq)
                  202005bc    00000004     ST7735.o (.data.StX)
                  202005c0    00000004     ST7735.o (.data.StY)
                  202005c4    00000004     libc.a : defs.c.obj (.data.__TI_ft_end)
                  202005c8    00000004            : aeabi_portable.c.obj (.data.__aeabi_errno)
                  202005cc    00000004            : _lock.c.obj (.data._lock)
                  202005d0    00000004            : _lock.c.obj (.data._unlock)
                  202005d4    00000002     ST7735.o (.data.StTextColor)
                  202005d6    00000002     ST7735.o (.data._height)
                  202005d8    00000002     ST7735.o (.data._width)
                  202005da    00000002     --HOLE--
                  202005dc    00000001     libsysbm.a : add_device.c.obj (.data.add_device.device_init)
                  202005dd    00000003     --HOLE--
                  202005e0    00000001     libc.a : memory.c.obj (.data.memory_is_initialized)
                  202005e1    00000003     --HOLE--
                  202005e4    00000001     libsysbm.a : open.c.obj (.data.open.stream_init)

.stack     0    20207e00    00000200     UNINITIALIZED
                  20207e00    00000004     libc.a : boot_cortex_m.c.obj (.stack)
                  20207e04    000001fc     --HOLE--

__llvm_prf_cnts 
*          0    20200000    00000000     UNINITIALIZED

__llvm_prf_bits 
*          0    20200000    00000000     UNINITIALIZED

MODULE SUMMARY

       Module                         code    ro data   rw data
       ------                         ----    -------   -------
    .\
       ST7735.o                       2696    1449      33     
       TExaS.o                        720     0         8      
       Clock.o                        516     0         4      
       Lab7Main.o                     418     15        16     
       SPI.o                          440     0         0      
       Timer.o                        316     0         0      
       ADC1.o                         216     0         0      
       LaunchPad.o                    196     0         0      
    +--+------------------------------+-------+---------+---------+
       Total:                         5518    1464      61     
                                                               
    .\ticlang\
       startup_mspm0g3507_ticlang.o   60      192       0      
    +--+------------------------------+-------+---------+---------+
       Total:                         60      192       0      
                                                               
    C:\ti\ccs2000\ccs\tools\compiler\ti-cgt-armllvm_4.0.1.LTS\lib\armv6m-ti-none-eabi/c/libc.a
       _printfi.c.obj                 4510    34        0      
       memory.c.obj                   702     0         5      
       fopen.c.obj                    556     0         0      
       defs.c.obj                     0       0         404    
       aeabi_ctype.S.obj              0       257       0      
       fputs.c.obj                    248     0         0      
       setvbuf.c.obj                  224     0         0      
       s_scalbn.c.obj                 216     0         0      
       getdevice.c.obj                160     0         0      
       fputc.c.obj                    156     0         0      
       strcmp-armv6m.S.obj            136     0         0      
       copy_decompress_lzss.c.obj     124     0         0      
       fclose.c.obj                   124     0         0      
       fseek.c.obj                    116     0         0      
       printf.c.obj                   108     0         0      
       _io_perm.c.obj                 100     0         0      
       s_frexp.c.obj                  92      0         0      
       _ltoa.c.obj                    88      0         0      
       fflush.c.obj                   82      0         0      
       atoi.c.obj                     64      0         0      
       exit.c.obj                     56      0         8      
       autoinit.c.obj                 60      0         0      
       boot_cortex_m.c.obj            40      0         0      
       memccpy.c.obj                  34      0         0      
       copy_zero_init.c.obj           22      0         0      
       copy_decompress_none.c.obj     18      0         0      
       memcpy16.S.obj                 18      0         0      
       wcslen.c.obj                   16      0         0      
       memset16.S.obj                 14      0         0      
       aeabi_portable.c.obj           8       0         4      
       _lock.c.obj                    2       0         8      
       pre_init.c.obj                 4       0         0      
    +--+------------------------------+-------+---------+---------+
       Total:                         8098    291       429    
                                                               
    C:\ti\ccs2000\ccs\tools\compiler\ti-cgt-armllvm_4.0.1.LTS\lib\armv6m-ti-none-eabi/c/libsysbm.a
       trgmsg.c.obj                   104     0         288    
       add_device.c.obj               236     0         1      
       host_device.c.obj              0       0         200    
       open.c.obj                     160     0         1      
       hostrename.c.obj               136     0         0      
       hostlseek.c.obj                108     0         0      
       hostopen.c.obj                 96      0         8      
       hostread.c.obj                 88      0         0      
       hostwrite.c.obj                88      0         0      
       close.c.obj                    80      0         0      
       hostclose.c.obj                72      0         0      
       hostunlink.c.obj               72      0         0      
       unlink.c.obj                   44      0         0      
       lseek.c.obj                    40      0         0      
       write.c.obj                    40      0         0      
       remove.c.obj                   8       0         0      
    +--+------------------------------+-------+---------+---------+
       Total:                         1372    0         498    
                                                               
    C:\ti\ccs2000\ccs\tools\compiler\ti-cgt-armllvm_4.0.1.LTS\lib\armv6m-ti-none-eabi/libclang_rt.builtins.a
       adddf3.S.obj                   418     0         0      
       divdf3.S.obj                   268     0         0      
       muldf3.S.obj                   228     0         0      
       comparedf2.c.obj               220     0         0      
       udivmoddi4.S.obj               162     0         0      
       aeabi_dcmp.S.obj               98      0         0      
       aeabi_idivmod.S.obj            86      0         0      
       fixdfsi.S.obj                  74      0         0      
       aeabi_uidivmod.S.obj           64      0         0      
       muldsi3.S.obj                  58      0         0      
       floatsidf.S.obj                44      0         0      
       muldi3.S.obj                   36      0         0      
       ashldi3.S.obj                  30      0         0      
       aeabi_memset.S.obj             26      0         0      
       aeabi_uldivmod.S.obj           20      0         0      
       aeabi_memcpy.S.obj             8       0         0      
       aeabi_div0.c.obj               4       0         0      
    +--+------------------------------+-------+---------+---------+
       Total:                         1844    0         0      
                                                               
       Heap:                          0       0         512    
       Stack:                         0       0         512    
       Linker Generated:              0       147       0      
    +--+------------------------------+-------+---------+---------+
       Grand Total:                   16892   2094      2012   


LINKER GENERATED COPY TABLES

__TI_cinit_table @ 00004a34 records: 2, size/record: 8, table size: 16
	.data: load addr=000049b0, load size=0000006f bytes, run addr=202003f8, run size=000001ed bytes, compression=lzss
	.bss: load addr=00004a2c, load size=00000008 bytes, run addr=20200200, run size=000001f7 bytes, compression=zero_init


LINKER GENERATED HANDLER TABLE

__TI_handler_table @ 00004a20 records: 3, size/record: 4, table size: 12
	index: 0, handler: __TI_decompress_lzss
	index: 1, handler: __TI_decompress_none
	index: 2, handler: __TI_zero_init


FAR CALL TRAMPOLINES

callee name               trampoline name
   callee addr  tramp addr   call addr  call info
--------------  -----------  ---------  ----------------
__aeabi_dsub              $Tramp$TT$L$PI$$__aeabi_dsub
   000011e9     0000425c     00004258   libc.a : _printfi.c.obj (.text.OUTLINED_FUNCTION_0)

[1 trampolines]
[1 trampoline calls]


GLOBAL SYMBOLS: SORTED ALPHABETICALLY BY Name 

address   name                          
-------   ----                          
00004099  ADC0_IRQHandler               
00004099  ADC1_IRQHandler               
0000160d  ADC_Init                      
00003f31  ADC_Start                     
000039a9  ADCin                         
00002df1  ADCinit                       
00004099  AES_IRQHandler                
00003ba5  ActivatePortA_B               
202005b8  BusFreq                       
000042cc  C$$EXIT                       
00003d45  C$$IO$$                       
00004099  CANFD0_IRQHandler             
0000417d  Clock_Delay                   
00003c15  Clock_Delay1ms                
00004221  Clock_Freq                    
00000e8d  Clock_Init80MHz               
0000407d  Convert                       
00004099  DAC0_IRQHandler               
00004099  DMA_IRQHandler                
202003cc  Data                          
00004099  Default_Handler               
0000418d  Delay                         
00004099  GROUP0_IRQHandler             
00004099  GROUP1_IRQHandler             
00003889  HOSTclose                     
00002fc1  HOSTlseek                     
0000336d  HOSTopen                      
000034e1  HOSTread                      
0000302d  HOSTrename                    
000038d1  HOSTunlink                    
00003539  HOSTwrite                     
000040b5  HardFault_Handler             
00004099  I2C0_IRQHandler               
00004099  I2C1_IRQHandler               
00002c7d  LaunchPad_Init                
00004099  NMI_Handler                   
000033cd  OutFix                        
00004277  PLL_Init                      
00004099  PendSV_Handler                
202003d0  Position                      
00004099  RTC_IRQHandler                
000042c5  Reset_Handler                 
00004099  SPI0_IRQHandler               
00004099  SPI1_IRQHandler               
00001b8d  SPI_Init                      
00003919  SPI_OutCommand                
00003bdd  SPI_OutData                   
000039ed  SPI_Reset                     
00003de9  ST7735_Color565               
00001041  ST7735_DrawChar               
00002545  ST7735_DrawFastVLine          
00002f51  ST7735_DrawPixel              
00002bf9  ST7735_DrawString             
00001855  ST7735_FillRect               
00003ead  ST7735_FillScreen             
00002885  ST7735_InitPrintf             
000029bd  ST7735_InitR                  
000023a9  ST7735_OutChar                
00002e69  ST7735_PlotClear              
00003961  ST7735_PlotNextErase          
00002479  ST7735_PlotPoint              
00003c49  ST7735_SetCursor              
00004281  ST7735_close                  
000041cb  ST7735_lseek                  
000040ed  ST7735_open                   
00004103  ST7735_read                   
0000422d  ST7735_rename                 
0000428b  ST7735_unlink                 
00003c7d  ST7735_write                  
00004099  SVC_Handler                   
202005d4  StTextColor                   
202005bc  StX                           
202005c0  StY                           
00004099  SysTick_Handler               
202003d4  TExaSLogic                    
00003591  TExaS_Init                    
0000419d  TExaS_LaunchPadLogicPB27PB26  
202003d8  TExaSadc                      
00004099  TIMA0_IRQHandler              
00004099  TIMA1_IRQHandler              
00004099  TIMG0_IRQHandler              
000035e9  TIMG12_IRQHandler             
00004099  TIMG6_IRQHandler              
00003a2d  TIMG7_IRQHandler              
00004099  TIMG8_IRQHandler              
00004159  TI_memcpy_small               
00004211  TI_memset_small               
202003dc  Time                          
00002a55  TimerG12_IntArm               
000025f5  TimerG7_IntArm                
00004099  UART0_IRQHandler              
00004099  UART1_IRQHandler              
00004099  UART2_IRQHandler              
00004099  UART3_IRQHandler              
00001e69  UART_Init                     
202003e0  X                             
202003e4  Ymax                          
202003e8  Ymin                          
202003ec  Yrange                        
20200200  _CIOBUF_                      
20200200  __CIOBUF_                     
20208000  __STACK_END                   
00000200  __STACK_SIZE                  
00000200  __SYSMEM_SIZE                 
00000000  __TI_ATRegion0_region_sz      
00000000  __TI_ATRegion0_src_addr       
00000000  __TI_ATRegion0_trg_addr       
00000000  __TI_ATRegion1_region_sz      
00000000  __TI_ATRegion1_src_addr       
00000000  __TI_ATRegion1_trg_addr       
00000000  __TI_ATRegion2_region_sz      
00000000  __TI_ATRegion2_src_addr       
00000000  __TI_ATRegion2_trg_addr       
00004a34  __TI_CINIT_Base               
00004a44  __TI_CINIT_Limit              
00004a44  __TI_CINIT_Warm               
00004a20  __TI_Handler_Table_Base       
00004a2c  __TI_Handler_Table_Limit      
00003b2d  __TI_auto_init_nobinit_nopinit
00003cb1  __TI_cleanup                  
202005b0  __TI_cleanup_ptr              
00002cf9  __TI_closefile                
00002d75  __TI_decompress_lzss          
0000416b  __TI_decompress_none          
00003747  __TI_doflush                  
202005b4  __TI_dtors_ptr                
202005c4  __TI_ft_end                   
00003641  __TI_ltoa                     
ffffffff  __TI_pprof_out_hndl           
000000c1  __TI_printfi                  
ffffffff  __TI_prof_data_size           
ffffffff  __TI_prof_data_start          
00003ce5  __TI_readmsg                  
00000000  __TI_static_base__            
20200320  __TI_tmpnams                  
00003d19  __TI_writemsg                 
0000323f  __TI_wrt_ok                   
00004119  __TI_zero_init_nomemset       
000011f3  __adddf3                      
000047d0  __aeabi_ctype_table_          
000047d0  __aeabi_ctype_table_C         
0000383d  __aeabi_d2iz                  
000011f3  __aeabi_dadd                  
00003309  __aeabi_dcmpeq                
00003345  __aeabi_dcmpge                
00003359  __aeabi_dcmpgt                
00003331  __aeabi_dcmple                
0000331d  __aeabi_dcmplt                
00001a81  __aeabi_ddiv                  
00002039  __aeabi_dmul                  
000011e9  __aeabi_dsub                  
202005c8  __aeabi_errno                 
00004295  __aeabi_errno_addr            
00003ed9  __aeabi_i2d                   
000036f1  __aeabi_idiv                  
0000137b  __aeabi_idiv0                 
000036f1  __aeabi_idivmod               
0000273f  __aeabi_ldiv0                 
00004041  __aeabi_llsl                  
00003ff9  __aeabi_lmul                  
00004239  __aeabi_memclr                
00004239  __aeabi_memclr4               
00004239  __aeabi_memclr8               
0000429d  __aeabi_memcpy                
0000429d  __aeabi_memcpy4               
0000429d  __aeabi_memcpy8               
000041d9  __aeabi_memset                
000041d9  __aeabi_memset4               
000041d9  __aeabi_memset8               
00003a6d  __aeabi_uidiv                 
00003a6d  __aeabi_uidivmod              
00004131  __aeabi_uldivmod              
00004041  __ashldi3                     
ffffffff  __binit__                     
00003171  __cmpdf2                      
00001a81  __divdf3                      
00003171  __eqdf2                       
0000383d  __fixdfsi                     
00003ed9  __floatsidf                   
00002edd  __gedf2                       
00002edd  __gtdf2                       
00003171  __ledf2                       
00003171  __ltdf2                       
UNDEFED   __mpu_init                    
00002039  __muldf3                      
00003ff9  __muldi3                      
00003b69  __muldsi3                     
00003171  __nedf2                       
20207e00  __stack                       
20200000  __start___llvm_prf_bits       
20200000  __start___llvm_prf_cnts       
20200000  __stop___llvm_prf_bits        
20200000  __stop___llvm_prf_cnts        
000011e9  __subdf3                      
00002741  __udivmoddi4                  
00003fd1  _c_int00_noargs               
202004e8  _device                       
202003f8  _ftable                       
202005cc  _lock                         
000027e3  _nop                          
20200560  _stream                       
20200000  _sys_memory                   
UNDEFED   _system_post_cinit            
000042c9  _system_pre_init              
202005d0  _unlock                       
000042cd  abort                         
00001d7d  add_device                    
0000196d  aligned_alloc                 
00003aed  atoi                          
ffffffff  binit                         
000037ed  close                         
00003d4d  exit                          
00003d81  finddevice                    
202003f0  flag                          
00003e7d  fopen                         
00002921  fputc                         
00001c85  fputs                         
00001f51  free                          
00003db5  freopen                       
00003429  frexp                         
00003429  frexpl                        
000042b5  fseek                         
00003099  fseeko                        
00003105  getdevice                     
00000000  interruptVectors              
000021fd  ldexp                         
000021fd  ldexpl                        
00003f81  lseek                         
000022d5  main                          
00004245  malloc                        
0000196d  memalign                      
0000401d  memccpy                       
000027e5  open                          
202003c0  parmbuf                       
00003485  printf                        
000042bd  remove                        
000021fd  scalbn                        
000021fd  scalbnl                       
0000211d  setvbuf                       
00002b71  strcmp                        
00003f05  unlink                        
000041ad  wcslen                        
00003fa9  write                         


GLOBAL SYMBOLS: SORTED BY Symbol Address 

address   name                          
-------   ----                          
00000000  __TI_ATRegion0_region_sz      
00000000  __TI_ATRegion0_src_addr       
00000000  __TI_ATRegion0_trg_addr       
00000000  __TI_ATRegion1_region_sz      
00000000  __TI_ATRegion1_src_addr       
00000000  __TI_ATRegion1_trg_addr       
00000000  __TI_ATRegion2_region_sz      
00000000  __TI_ATRegion2_src_addr       
00000000  __TI_ATRegion2_trg_addr       
00000000  __TI_static_base__            
00000000  interruptVectors              
000000c1  __TI_printfi                  
00000200  __STACK_SIZE                  
00000200  __SYSMEM_SIZE                 
00000e8d  Clock_Init80MHz               
00001041  ST7735_DrawChar               
000011e9  __aeabi_dsub                  
000011e9  __subdf3                      
000011f3  __adddf3                      
000011f3  __aeabi_dadd                  
0000137b  __aeabi_idiv0                 
0000160d  ADC_Init                      
00001855  ST7735_FillRect               
0000196d  aligned_alloc                 
0000196d  memalign                      
00001a81  __aeabi_ddiv                  
00001a81  __divdf3                      
00001b8d  SPI_Init                      
00001c85  fputs                         
00001d7d  add_device                    
00001e69  UART_Init                     
00001f51  free                          
00002039  __aeabi_dmul                  
00002039  __muldf3                      
0000211d  setvbuf                       
000021fd  ldexp                         
000021fd  ldexpl                        
000021fd  scalbn                        
000021fd  scalbnl                       
000022d5  main                          
000023a9  ST7735_OutChar                
00002479  ST7735_PlotPoint              
00002545  ST7735_DrawFastVLine          
000025f5  TimerG7_IntArm                
0000273f  __aeabi_ldiv0                 
00002741  __udivmoddi4                  
000027e3  _nop                          
000027e5  open                          
00002885  ST7735_InitPrintf             
00002921  fputc                         
000029bd  ST7735_InitR                  
00002a55  TimerG12_IntArm               
00002b71  strcmp                        
00002bf9  ST7735_DrawString             
00002c7d  LaunchPad_Init                
00002cf9  __TI_closefile                
00002d75  __TI_decompress_lzss          
00002df1  ADCinit                       
00002e69  ST7735_PlotClear              
00002edd  __gedf2                       
00002edd  __gtdf2                       
00002f51  ST7735_DrawPixel              
00002fc1  HOSTlseek                     
0000302d  HOSTrename                    
00003099  fseeko                        
00003105  getdevice                     
00003171  __cmpdf2                      
00003171  __eqdf2                       
00003171  __ledf2                       
00003171  __ltdf2                       
00003171  __nedf2                       
0000323f  __TI_wrt_ok                   
00003309  __aeabi_dcmpeq                
0000331d  __aeabi_dcmplt                
00003331  __aeabi_dcmple                
00003345  __aeabi_dcmpge                
00003359  __aeabi_dcmpgt                
0000336d  HOSTopen                      
000033cd  OutFix                        
00003429  frexp                         
00003429  frexpl                        
00003485  printf                        
000034e1  HOSTread                      
00003539  HOSTwrite                     
00003591  TExaS_Init                    
000035e9  TIMG12_IRQHandler             
00003641  __TI_ltoa                     
000036f1  __aeabi_idiv                  
000036f1  __aeabi_idivmod               
00003747  __TI_doflush                  
000037ed  close                         
0000383d  __aeabi_d2iz                  
0000383d  __fixdfsi                     
00003889  HOSTclose                     
000038d1  HOSTunlink                    
00003919  SPI_OutCommand                
00003961  ST7735_PlotNextErase          
000039a9  ADCin                         
000039ed  SPI_Reset                     
00003a2d  TIMG7_IRQHandler              
00003a6d  __aeabi_uidiv                 
00003a6d  __aeabi_uidivmod              
00003aed  atoi                          
00003b2d  __TI_auto_init_nobinit_nopinit
00003b69  __muldsi3                     
00003ba5  ActivatePortA_B               
00003bdd  SPI_OutData                   
00003c15  Clock_Delay1ms                
00003c49  ST7735_SetCursor              
00003c7d  ST7735_write                  
00003cb1  __TI_cleanup                  
00003ce5  __TI_readmsg                  
00003d19  __TI_writemsg                 
00003d45  C$$IO$$                       
00003d4d  exit                          
00003d81  finddevice                    
00003db5  freopen                       
00003de9  ST7735_Color565               
00003e7d  fopen                         
00003ead  ST7735_FillScreen             
00003ed9  __aeabi_i2d                   
00003ed9  __floatsidf                   
00003f05  unlink                        
00003f31  ADC_Start                     
00003f81  lseek                         
00003fa9  write                         
00003fd1  _c_int00_noargs               
00003ff9  __aeabi_lmul                  
00003ff9  __muldi3                      
0000401d  memccpy                       
00004041  __aeabi_llsl                  
00004041  __ashldi3                     
0000407d  Convert                       
00004099  ADC0_IRQHandler               
00004099  ADC1_IRQHandler               
00004099  AES_IRQHandler                
00004099  CANFD0_IRQHandler             
00004099  DAC0_IRQHandler               
00004099  DMA_IRQHandler                
00004099  Default_Handler               
00004099  GROUP0_IRQHandler             
00004099  GROUP1_IRQHandler             
00004099  I2C0_IRQHandler               
00004099  I2C1_IRQHandler               
00004099  NMI_Handler                   
00004099  PendSV_Handler                
00004099  RTC_IRQHandler                
00004099  SPI0_IRQHandler               
00004099  SPI1_IRQHandler               
00004099  SVC_Handler                   
00004099  SysTick_Handler               
00004099  TIMA0_IRQHandler              
00004099  TIMA1_IRQHandler              
00004099  TIMG0_IRQHandler              
00004099  TIMG6_IRQHandler              
00004099  TIMG8_IRQHandler              
00004099  UART0_IRQHandler              
00004099  UART1_IRQHandler              
00004099  UART2_IRQHandler              
00004099  UART3_IRQHandler              
000040b5  HardFault_Handler             
000040ed  ST7735_open                   
00004103  ST7735_read                   
00004119  __TI_zero_init_nomemset       
00004131  __aeabi_uldivmod              
00004159  TI_memcpy_small               
0000416b  __TI_decompress_none          
0000417d  Clock_Delay                   
0000418d  Delay                         
0000419d  TExaS_LaunchPadLogicPB27PB26  
000041ad  wcslen                        
000041cb  ST7735_lseek                  
000041d9  __aeabi_memset                
000041d9  __aeabi_memset4               
000041d9  __aeabi_memset8               
00004211  TI_memset_small               
00004221  Clock_Freq                    
0000422d  ST7735_rename                 
00004239  __aeabi_memclr                
00004239  __aeabi_memclr4               
00004239  __aeabi_memclr8               
00004245  malloc                        
00004277  PLL_Init                      
00004281  ST7735_close                  
0000428b  ST7735_unlink                 
00004295  __aeabi_errno_addr            
0000429d  __aeabi_memcpy                
0000429d  __aeabi_memcpy4               
0000429d  __aeabi_memcpy8               
000042b5  fseek                         
000042bd  remove                        
000042c5  Reset_Handler                 
000042c9  _system_pre_init              
000042cc  C$$EXIT                       
000042cd  abort                         
000047d0  __aeabi_ctype_table_          
000047d0  __aeabi_ctype_table_C         
00004a20  __TI_Handler_Table_Base       
00004a2c  __TI_Handler_Table_Limit      
00004a34  __TI_CINIT_Base               
00004a44  __TI_CINIT_Limit              
00004a44  __TI_CINIT_Warm               
20200000  __start___llvm_prf_bits       
20200000  __start___llvm_prf_cnts       
20200000  __stop___llvm_prf_bits        
20200000  __stop___llvm_prf_cnts        
20200000  _sys_memory                   
20200200  _CIOBUF_                      
20200200  __CIOBUF_                     
20200320  __TI_tmpnams                  
202003c0  parmbuf                       
202003cc  Data                          
202003d0  Position                      
202003d4  TExaSLogic                    
202003d8  TExaSadc                      
202003dc  Time                          
202003e0  X                             
202003e4  Ymax                          
202003e8  Ymin                          
202003ec  Yrange                        
202003f0  flag                          
202003f8  _ftable                       
202004e8  _device                       
20200560  _stream                       
202005b0  __TI_cleanup_ptr              
202005b4  __TI_dtors_ptr                
202005b8  BusFreq                       
202005bc  StX                           
202005c0  StY                           
202005c4  __TI_ft_end                   
202005c8  __aeabi_errno                 
202005cc  _lock                         
202005d0  _unlock                       
202005d4  StTextColor                   
20207e00  __stack                       
20208000  __STACK_END                   
ffffffff  __TI_pprof_out_hndl           
ffffffff  __TI_prof_data_size           
ffffffff  __TI_prof_data_start          
ffffffff  __binit__                     
ffffffff  binit                         
UNDEFED   __mpu_init                    
UNDEFED   _system_post_cinit            

[243 symbols]
