******************************************************************************
            TI ARM Clang Linker PC v4.0.1                      
******************************************************************************
>> Linked Tue Mar  4 11:05:16 2025

OUTPUT FILE NAME:   <ECE319K_Lab5.out>
ENTRY POINT SYMBOL: "_c_int00_noargs"  address: 0000f719


MEMORY CONFIGURATION

         name            origin    length      used     unused   attr    fill
----------------------  --------  ---------  --------  --------  ----  --------
  FLASH                 00000000   00020000  0000f990  00010670  R  X
  SRAM                  20200000   00008000  000004e0  00007b20  RW X
  BCR_CONFIG            41c00000   00000080  00000000  00000080  R   
  BSL_CONFIG            41c00100   00000080  00000000  00000080  R   


SEGMENT ALLOCATION MAP

run origin  load origin   length   init length attrs members
----------  ----------- ---------- ----------- ----- -------
00000000    00000000    0000f990   0000f990    r-x
  00000000    00000000    000000c0   000000c0    r-- .intvecs
  000000c0    000000c0    0000ded0   0000ded0    r-- .rodata
  0000df90    0000df90    000019d0   000019d0    r-x .text
  0000f960    0000f960    00000030   00000030    r-- .cinit
20200000    20200000    000002e0   00000000    rw-
  20200000    20200000    00000200   00000000    rw- .sysmem
  20200200    20200200    000000c8   00000000    rw- .bss
  202002c8    202002c8    00000018   00000000    rw- .data
20207e00    20207e00    00000200   00000000    rw-
  20207e00    20207e00    00000200   00000000    rw- .stack


SECTION ALLOCATION MAP

 output                                  attributes/
section   page    origin      length       input sections
--------  ----  ----------  ----------   ----------------
.intvecs   0    00000000    000000c0     
                  00000000    000000c0     startup_mspm0g3507_ticlang.o (.intvecs)

.text      0    0000df90    000019d0     
                  0000df90    000002c4     ECE319K_Lab5Grader.o (.text.FFT)
                  0000e254    00000280     ECE319K_Lab5Grader.o (.text.Lab5Grader)
                  0000e4d4    0000024c     ECE319K_Lab5Grader.o (.text.lab5grader)
                  0000e720    000001b8     ECE319K_Lab5main.o (.text.main)
                  0000e8d8    000001b4     Clock.o (.text.Clock_Init80MHz)
                  0000ea8c    00000158     ECE319K_Lab5Grader.o (.text.CheckInitialization)
                  0000ebe4    00000134     ECE319K_Lab5Grader.o (.text.ADC_Init)
                  0000ed18    00000130     UARTints.o (.text.UART_Init)
                  0000ee48    00000120     ECE319K_Lab5main.o (.text.SysTick_Handler)
                  0000ef68    000000a8     Timer.o (.text.TimerG7_IntArm)
                  0000f010    00000088     libc.a : strcmp-armv6m.S.obj (.text:strcmp)
                  0000f098    0000007c     LaunchPad.o (.text.LaunchPad_Init)
                  0000f114    0000007c     libc.a : copy_decompress_lzss.c.obj (.text:decompress:lzss)
                  0000f190    00000060     Timer.o (.text.TimerG12_Init)
                  0000f1f0    0000005c     UARTints.o (.text.UART0_IRQHandler)
                  0000f24c    00000058     UARTints.o (.text.copyHardwareToSoftware)
                  0000f2a4    00000056     libclang_rt.builtins.a : aeabi_idivmod.S.obj (.text.__aeabi_idivmod)
                  0000f2fa    00000002                            : aeabi_div0.c.obj (.text.__aeabi_idiv0)
                  0000f2fc    00000050     DAC5.o (.text.DAC5_Init)
                  0000f34c    00000050     ECE319K_Lab5main.o (.text.Sound_Init)
                  0000f39c    0000004c     FIFO.o (.text.RxFifo_Put)
                  0000f3e8    0000004c     FIFO.o (.text.TxFifo_Get)
                  0000f434    0000004c     FIFO.o (.text.TxFifo_Put)
                  0000f480    0000004c     UARTints.o (.text.copySoftwareToHardware)
                  0000f4cc    00000048     Key.o (.text.Key_Init)
                  0000f514    00000040     UARTints.o (.text.UART_OutChar)
                  0000f554    00000040     libclang_rt.builtins.a : aeabi_uidivmod.S.obj (.text.__aeabi_uidivmod)
                  0000f594    0000003c     libc.a : autoinit.c.obj (.text:__TI_auto_init_nobinit_nopinit)
                  0000f5d0    00000038     LaunchPad.o (.text.ActivatePortA_B)
                  0000f608    00000036     UART.o (.text.UART_OutUDec)
                  0000f63e    00000034     ECE319K_Lab5Grader.o (.text.setUpper)
                  0000f672    00000002     --HOLE-- [fill = 0]
                  0000f674    0000002c     ECE319K_Lab5Grader.o (.text.ReadInput)
                  0000f6a0    00000028     ECE319K_Lab5Grader.o (.text.ADC_Start)
                  0000f6c8    00000028     ECE319K_Lab5Grader.o (.text.Grader_Init)
                  0000f6f0    00000028     ECE319K_Lab5Grader.o (.text.LogicAnalyzer)
                  0000f718    00000028     libc.a : boot_cortex_m.c.obj (.text:_c_int00_noargs)
                  0000f740    00000026     UART.o (.text.UART_OutString)
                  0000f766    00000002     --HOLE-- [fill = 0]
                  0000f768    00000024     ECE319K_Lab5Grader.o (.text.TIMG7_IRQHandler)
                  0000f78c    00000020     ECE319K_Lab5Grader.o (.text.Random32)
                  0000f7ac    00000020     ECE319K_Lab5main.o (.text.Sound_Start)
                  0000f7cc    0000001c     DAC5.o (.text.DAC5_Out)
                  0000f7e8    0000001c     startup_mspm0g3507_ticlang.o (.text.Default_Handler)
                  0000f804    0000001c     startup_mspm0g3507_ticlang.o (.text.HardFault_Handler)
                  0000f820    0000001c     Key.o (.text.Key_In)
                  0000f83c    00000018     FIFO.o (.text.RxFifo_Size)
                  0000f854    00000018     ECE319K_Lab5Grader.o (.text.Scope)
                  0000f86c    00000018     FIFO.o (.text.TxFifo_Size)
                  0000f884    00000016     libc.a : copy_zero_init.c.obj (.text:decompress:ZI:__TI_zero_init_nomemset)
                  0000f89a    00000002     --HOLE-- [fill = 0]
                  0000f89c    00000014     Dump.o (.text.Debug_Init)
                  0000f8b0    00000014     FIFO.o (.text.RxFifo_Init)
                  0000f8c4    00000014     FIFO.o (.text.TxFifo_Init)
                  0000f8d8    00000012     libc.a : memcpy16.S.obj (.text:TI_memcpy_small)
                  0000f8ea    00000012            : copy_decompress_none.c.obj (.text:decompress:none)
                  0000f8fc    00000010     Clock.o (.text.Clock_Delay)
                  0000f90c    00000010     LaunchPad.o (.text.Delay)
                  0000f91c    00000010     ECE319K_Lab5Grader.o (.text.OutCRLF)
                  0000f92c    0000000c     Clock.o (.text.Clock_Freq)
                  0000f938    0000000c     ECE319K_Lab5main.o (.text.Sound_Stop)
                  0000f944    00000008     libclang_rt.builtins.a : aeabi_memcpy.S.obj (.text.__aeabi_memcpy)
                  0000f94c    00000004     startup_mspm0g3507_ticlang.o (.text.Reset_Handler)
                  0000f950    00000004     libc.a : pre_init.c.obj (.text._system_pre_init)
                  0000f954    00000004            : exit.c.obj (.text:abort)
                  0000f958    00000008     --HOLE-- [fill = 0]

.cinit     0    0000f960    00000030     
                  0000f960    0000000c     (.cinit..data.load) [load image, compression = lzss]
                  0000f96c    0000000c     (__TI_handler_table)
                  0000f978    00000008     (.cinit..bss.load) [load image, compression = zero_init]
                  0000f980    00000010     (__TI_cinit_table)

.rodata    0    000000c0    0000ded0     
                  000000c0    000064cd     ECE319K_Lab5main.o (.rodata.UFOTable)
                  0000658d    0000425b     ECE319K_Lab5main.o (.rodata.IceballTable)
                  0000a7e8    0000221b     ECE319K_Lab5main.o (.rodata.ExplosionTable)
                  0000ca03    00000ff0     ECE319K_Lab5main.o (.rodata.ShootTable)
                  0000d9f3    00000280     ECE319K_Lab5Grader.o (.rodata.NotesProblem)
                  0000dc73    00000001     --HOLE-- [fill = 0]
                  0000dc74    00000080     ECE319K_Lab5Grader.o (.rodata.NotesPeriod)
                  0000dcf4    0000004b     ECE319K_Lab5Grader.o (.rodata.str1.50055286786680503271)
                  0000dd3f    0000003a     ECE319K_Lab5Grader.o (.rodata.str1.145938324600070204741)
                  0000dd79    00000038     ECE319K_Lab5Grader.o (.rodata.str1.184216038014363249021)
                  0000ddb1    00000037     ECE319K_Lab5Grader.o (.rodata.str1.77916425379104532341)
                  0000dde8    0000002f     ECE319K_Lab5Grader.o (.rodata.str1.88270396947434664971)
                  0000de17    0000002e     ECE319K_Lab5Grader.o (.rodata.str1.82889096367739448671)
                  0000de45    00000003     --HOLE-- [fill = 0]
                  0000de48    00000020     ECE319K_Lab5Grader.o (.rodata.IMULTIPLIERS)
                  0000de68    00000020     ECE319K_Lab5Grader.o (.rodata.RMULTIPLIERS)
                  0000de88    00000020     ECE319K_Lab5main.o (.rodata.SinTable)
                  0000dea8    0000001c     ECE319K_Lab5Grader.o (.rodata.str1.33577952556368563241)
                  0000dec4    00000015     ECE319K_Lab5Grader.o (.rodata.str1.89560966556991981321)
                  0000ded9    00000014     ECE319K_Lab5Grader.o (.rodata.str1.88020494194792965821)
                  0000deed    00000014     ECE319K_Lab5Grader.o (.rodata.str1.93559642825387313591)
                  0000df01    00000013     ECE319K_Lab5Grader.o (.rodata.str1.71487878760028771091)
                  0000df14    00000011     ECE319K_Lab5Grader.o (.rodata.str1.137129017328727778561)
                  0000df25    00000010     ECE319K_Lab5Grader.o (.rodata.str1.148502664100618170541)
                  0000df35    00000010     ECE319K_Lab5Grader.o (.rodata.str1.49863426935575252381)
                  0000df45    0000000f     ECE319K_Lab5Grader.o (.rodata.str1.53906281691987897811)
                  0000df54    0000000e     ECE319K_Lab5Grader.o (.rodata.str1.70472600287729786481)
                  0000df62    0000000d     ECE319K_Lab5Grader.o (.rodata.str1.140600510716839632671)
                  0000df6f    00000008     ECE319K_Lab5main.o (.rodata.EID1)
                  0000df77    00000008     ECE319K_Lab5main.o (.rodata.EID2)
                  0000df7f    00000008     ECE319K_Lab5Grader.o (.rodata.str1.69147075008774735551)
                  0000df87    00000007     ECE319K_Lab5Grader.o (.rodata.str1.19144040753989699301)
                  0000df8e    00000002     --HOLE-- [fill = 0]

.init_array 
*          0    00000000    00000000     UNINITIALIZED

.binit     0    00000000    00000000     

.sysmem    0    20200000    00000200     UNINITIALIZED
                  20200000    00000010     libc.a : memory.c.obj (.sysmem)
                  20200010    000001f0     --HOLE--

.bss       0    20200200    000000c8     UNINITIALIZED
                  20200200    00000040     FIFO.o (.bss.TxFifo)
                  20200240    00000040     (.common:Last16ADCresults)
                  20200280    00000010     FIFO.o (.bss.RxFifo)
                  20200290    00000004     (.common:DebugCnt)
                  20200294    00000004     (.common:Index)
                  20200298    00000004     (.common:LastIn)
                  2020029c    00000004     (.common:M)
                  202002a0    00000004     (.common:Mask)
                  202002a4    00000004     (.common:PeriodicTask2)
                  202002a8    00000004     (.common:RxGetI)
                  202002ac    00000004     (.common:RxPutI)
                  202002b0    00000004     (.common:SampleFlag)
                  202002b4    00000004     (.common:State)
                  202002b8    00000004     (.common:TExaSadc)
                  202002bc    00000004     (.common:TxGetI)
                  202002c0    00000004     (.common:TxPutI)
                  202002c4    00000004     (.common:last)

.data      0    202002c8    00000018     UNINITIALIZED
                  202002c8    00000004     Clock.o (.data.BusFreq)
                  202002cc    00000004     ECE319K_Lab5Grader.o (.data.Fail)
                  202002d0    00000004     ECE319K_Lab5Grader.o (.data.Last16ADCindex)
                  202002d4    00000004     ECE319K_Lab5Grader.o (.data.NotesMode)
                  202002d8    00000004     ECE319K_Lab5Grader.o (.data.Score)
                  202002dc    00000004     ECE319K_Lab5Grader.o (.data.Time)

.stack     0    20207e00    00000200     UNINITIALIZED
                  20207e00    00000004     libc.a : boot_cortex_m.c.obj (.stack)
                  20207e04    000001fc     --HOLE--

__llvm_prf_cnts 
*          0    20200000    00000000     UNINITIALIZED

__llvm_prf_bits 
*          0    20200000    00000000     UNINITIALIZED

MODULE SUMMARY

       Module                         code   ro data   rw data
       ------                         ----   -------   -------
    .\
       ECE319K_Lab5main.o             852    55651     8      
       ECE319K_Lab5Grader.o           2912   1383      112    
       UARTints.o                     624    0         0      
       Clock.o                        464    0         4      
       FIFO.o                         316    0         96     
       Timer.o                        264    0         0      
       LaunchPad.o                    196    0         0      
       DAC5.o                         108    0         0      
       Key.o                          100    0         0      
       UART.o                         92     0         0      
       Dump.o                         20     0         4      
    +--+------------------------------+------+---------+---------+
       Total:                         5948   57034     224    
                                                              
    .\ticlang\
       startup_mspm0g3507_ticlang.o   60     192       0      
    +--+------------------------------+------+---------+---------+
       Total:                         60     192       0      
                                                              
    C:\ti\ccs2000\ccs\tools\compiler\ti-cgt-armllvm_4.0.1.LTS\lib\armv6m-ti-none-eabi/c/libc.a
       strcmp-armv6m.S.obj            136    0         0      
       copy_decompress_lzss.c.obj     124    0         0      
       autoinit.c.obj                 60     0         0      
       boot_cortex_m.c.obj            40     0         0      
       copy_zero_init.c.obj           22     0         0      
       copy_decompress_none.c.obj     18     0         0      
       memcpy16.S.obj                 18     0         0      
       exit.c.obj                     4      0         0      
       pre_init.c.obj                 4      0         0      
    +--+------------------------------+------+---------+---------+
       Total:                         426    0         0      
                                                              
    C:\ti\ccs2000\ccs\tools\compiler\ti-cgt-armllvm_4.0.1.LTS\lib\armv6m-ti-none-eabi/libclang_rt.builtins.a
       aeabi_idivmod.S.obj            86     0         0      
       aeabi_uidivmod.S.obj           64     0         0      
       aeabi_memcpy.S.obj             8      0         0      
       aeabi_div0.c.obj               2      0         0      
    +--+------------------------------+------+---------+---------+
       Total:                         160    0         0      
                                                              
       Heap:                          0      0         512    
       Stack:                         0      0         512    
       Linker Generated:              0      48        0      
    +--+------------------------------+------+---------+---------+
       Grand Total:                   6594   57274     1248   


LINKER GENERATED COPY TABLES

__TI_cinit_table @ 0000f980 records: 2, size/record: 8, table size: 16
	.data: load addr=0000f960, load size=0000000c bytes, run addr=202002c8, run size=00000018 bytes, compression=lzss
	.bss: load addr=0000f978, load size=00000008 bytes, run addr=20200200, run size=000000c8 bytes, compression=zero_init


LINKER GENERATED HANDLER TABLE

__TI_handler_table @ 0000f96c records: 3, size/record: 4, table size: 12
	index: 0, handler: __TI_decompress_lzss
	index: 1, handler: __TI_decompress_none
	index: 2, handler: __TI_zero_init


GLOBAL SYMBOLS: SORTED ALPHABETICALLY BY Name 

address   name                          
-------   ----                          
0000f7e9  ADC0_IRQHandler               
0000f7e9  ADC1_IRQHandler               
0000ebe5  ADC_Init                      
0000f6a1  ADC_Start                     
0000f7e9  AES_IRQHandler                
0000f5d1  ActivatePortA_B               
202002c8  BusFreq                       
0000f954  C$$EXIT                       
0000f7e9  CANFD0_IRQHandler             
0000ea8d  CheckInitialization           
0000f8fd  Clock_Delay                   
0000f92d  Clock_Freq                    
0000e8d9  Clock_Init80MHz               
0000f7e9  DAC0_IRQHandler               
0000f2fd  DAC5_Init                     
0000f7cd  DAC5_Out                      
0000f7e9  DMA_IRQHandler                
20200290  DebugCnt                      
0000f89d  Debug_Init                    
0000f7e9  Default_Handler               
0000f90d  Delay                         
0000df6f  EID1                          
0000df77  EID2                          
0000a7e8  ExplosionTable                
0000df91  FFT                           
0000f7e9  GROUP0_IRQHandler             
0000f7e9  GROUP1_IRQHandler             
0000f6c9  Grader_Init                   
0000f805  HardFault_Handler             
0000f7e9  I2C0_IRQHandler               
0000f7e9  I2C1_IRQHandler               
0000de48  IMULTIPLIERS                  
0000658d  IceballTable                  
20200294  Index                         
0000f821  Key_In                        
0000f4cd  Key_Init                      
0000e255  Lab5Grader                    
202002d0  Last16ADCindex                
20200240  Last16ADCresults              
20200298  LastIn                        
0000f099  LaunchPad_Init                
0000f6f1  LogicAnalyzer                 
2020029c  M                             
202002a0  Mask                          
0000f7e9  NMI_Handler                   
202002d4  NotesMode                     
0000dc74  NotesPeriod                   
0000d9f3  NotesProblem                  
0000f91d  OutCRLF                       
0000f7e9  PendSV_Handler                
202002a4  PeriodicTask2                 
0000de68  RMULTIPLIERS                  
0000f7e9  RTC_IRQHandler                
0000f78d  Random32                      
0000f675  ReadInput                     
0000f94d  Reset_Handler                 
0000f8b1  RxFifo_Init                   
0000f39d  RxFifo_Put                    
0000f83d  RxFifo_Size                   
202002a8  RxGetI                        
202002ac  RxPutI                        
0000f7e9  SPI0_IRQHandler               
0000f7e9  SPI1_IRQHandler               
0000f7e9  SVC_Handler                   
202002b0  SampleFlag                    
0000f855  Scope                         
0000ca03  ShootTable                    
0000de88  SinTable                      
0000f34d  Sound_Init                    
0000f7ad  Sound_Start                   
0000f939  Sound_Stop                    
202002b4  State                         
0000ee49  SysTick_Handler               
202002b8  TExaSadc                      
0000f7e9  TIMA0_IRQHandler              
0000f7e9  TIMA1_IRQHandler              
0000f7e9  TIMG0_IRQHandler              
0000f7e9  TIMG12_IRQHandler             
0000f7e9  TIMG6_IRQHandler              
0000f769  TIMG7_IRQHandler              
0000f7e9  TIMG8_IRQHandler              
0000f8d9  TI_memcpy_small               
0000f191  TimerG12_Init                 
0000ef69  TimerG7_IntArm                
0000f3e9  TxFifo_Get                    
0000f8c5  TxFifo_Init                   
0000f435  TxFifo_Put                    
0000f86d  TxFifo_Size                   
202002bc  TxGetI                        
202002c0  TxPutI                        
0000f1f1  UART0_IRQHandler              
0000f7e9  UART1_IRQHandler              
0000f7e9  UART2_IRQHandler              
0000f7e9  UART3_IRQHandler              
0000ed19  UART_Init                     
0000f515  UART_OutChar                  
0000f741  UART_OutString                
0000f609  UART_OutUDec                  
000000c0  UFOTable                      
20208000  __STACK_END                   
00000200  __STACK_SIZE                  
00000200  __SYSMEM_SIZE                 
00000000  __TI_ATRegion0_region_sz      
00000000  __TI_ATRegion0_src_addr       
00000000  __TI_ATRegion0_trg_addr       
00000000  __TI_ATRegion1_region_sz      
00000000  __TI_ATRegion1_src_addr       
00000000  __TI_ATRegion1_trg_addr       
00000000  __TI_ATRegion2_region_sz      
00000000  __TI_ATRegion2_src_addr       
00000000  __TI_ATRegion2_trg_addr       
0000f980  __TI_CINIT_Base               
0000f990  __TI_CINIT_Limit              
0000f990  __TI_CINIT_Warm               
0000f96c  __TI_Handler_Table_Base       
0000f978  __TI_Handler_Table_Limit      
0000f595  __TI_auto_init_nobinit_nopinit
0000f115  __TI_decompress_lzss          
0000f8eb  __TI_decompress_none          
ffffffff  __TI_pprof_out_hndl           
ffffffff  __TI_prof_data_size           
ffffffff  __TI_prof_data_start          
00000000  __TI_static_base__            
0000f885  __TI_zero_init_nomemset       
0000f2a5  __aeabi_idiv                  
0000f2fb  __aeabi_idiv0                 
0000f2a5  __aeabi_idivmod               
0000f945  __aeabi_memcpy                
0000f945  __aeabi_memcpy4               
0000f945  __aeabi_memcpy8               
0000f555  __aeabi_uidiv                 
0000f555  __aeabi_uidivmod              
ffffffff  __binit__                     
UNDEFED   __mpu_init                    
20207e00  __stack                       
20200000  __start___llvm_prf_bits       
20200000  __start___llvm_prf_cnts       
20200000  __stop___llvm_prf_bits        
20200000  __stop___llvm_prf_cnts        
0000f719  _c_int00_noargs               
20200000  _sys_memory                   
UNDEFED   _system_post_cinit            
0000f951  _system_pre_init              
0000f955  abort                         
ffffffff  binit                         
00000000  interruptVectors              
0000e4d5  lab5grader                    
202002c4  last                          
0000e721  main                          
0000f63f  setUpper                      
0000f011  strcmp                        


GLOBAL SYMBOLS: SORTED BY Symbol Address 

address   name                          
-------   ----                          
00000000  __TI_ATRegion0_region_sz      
00000000  __TI_ATRegion0_src_addr       
00000000  __TI_ATRegion0_trg_addr       
00000000  __TI_ATRegion1_region_sz      
00000000  __TI_ATRegion1_src_addr       
00000000  __TI_ATRegion1_trg_addr       
00000000  __TI_ATRegion2_region_sz      
00000000  __TI_ATRegion2_src_addr       
00000000  __TI_ATRegion2_trg_addr       
00000000  __TI_static_base__            
00000000  interruptVectors              
000000c0  UFOTable                      
00000200  __STACK_SIZE                  
00000200  __SYSMEM_SIZE                 
0000658d  IceballTable                  
0000a7e8  ExplosionTable                
0000ca03  ShootTable                    
0000d9f3  NotesProblem                  
0000dc74  NotesPeriod                   
0000de48  IMULTIPLIERS                  
0000de68  RMULTIPLIERS                  
0000de88  SinTable                      
0000df6f  EID1                          
0000df77  EID2                          
0000df91  FFT                           
0000e255  Lab5Grader                    
0000e4d5  lab5grader                    
0000e721  main                          
0000e8d9  Clock_Init80MHz               
0000ea8d  CheckInitialization           
0000ebe5  ADC_Init                      
0000ed19  UART_Init                     
0000ee49  SysTick_Handler               
0000ef69  TimerG7_IntArm                
0000f011  strcmp                        
0000f099  LaunchPad_Init                
0000f115  __TI_decompress_lzss          
0000f191  TimerG12_Init                 
0000f1f1  UART0_IRQHandler              
0000f2a5  __aeabi_idiv                  
0000f2a5  __aeabi_idivmod               
0000f2fb  __aeabi_idiv0                 
0000f2fd  DAC5_Init                     
0000f34d  Sound_Init                    
0000f39d  RxFifo_Put                    
0000f3e9  TxFifo_Get                    
0000f435  TxFifo_Put                    
0000f4cd  Key_Init                      
0000f515  UART_OutChar                  
0000f555  __aeabi_uidiv                 
0000f555  __aeabi_uidivmod              
0000f595  __TI_auto_init_nobinit_nopinit
0000f5d1  ActivatePortA_B               
0000f609  UART_OutUDec                  
0000f63f  setUpper                      
0000f675  ReadInput                     
0000f6a1  ADC_Start                     
0000f6c9  Grader_Init                   
0000f6f1  LogicAnalyzer                 
0000f719  _c_int00_noargs               
0000f741  UART_OutString                
0000f769  TIMG7_IRQHandler              
0000f78d  Random32                      
0000f7ad  Sound_Start                   
0000f7cd  DAC5_Out                      
0000f7e9  ADC0_IRQHandler               
0000f7e9  ADC1_IRQHandler               
0000f7e9  AES_IRQHandler                
0000f7e9  CANFD0_IRQHandler             
0000f7e9  DAC0_IRQHandler               
0000f7e9  DMA_IRQHandler                
0000f7e9  Default_Handler               
0000f7e9  GROUP0_IRQHandler             
0000f7e9  GROUP1_IRQHandler             
0000f7e9  I2C0_IRQHandler               
0000f7e9  I2C1_IRQHandler               
0000f7e9  NMI_Handler                   
0000f7e9  PendSV_Handler                
0000f7e9  RTC_IRQHandler                
0000f7e9  SPI0_IRQHandler               
0000f7e9  SPI1_IRQHandler               
0000f7e9  SVC_Handler                   
0000f7e9  TIMA0_IRQHandler              
0000f7e9  TIMA1_IRQHandler              
0000f7e9  TIMG0_IRQHandler              
0000f7e9  TIMG12_IRQHandler             
0000f7e9  TIMG6_IRQHandler              
0000f7e9  TIMG8_IRQHandler              
0000f7e9  UART1_IRQHandler              
0000f7e9  UART2_IRQHandler              
0000f7e9  UART3_IRQHandler              
0000f805  HardFault_Handler             
0000f821  Key_In                        
0000f83d  RxFifo_Size                   
0000f855  Scope                         
0000f86d  TxFifo_Size                   
0000f885  __TI_zero_init_nomemset       
0000f89d  Debug_Init                    
0000f8b1  RxFifo_Init                   
0000f8c5  TxFifo_Init                   
0000f8d9  TI_memcpy_small               
0000f8eb  __TI_decompress_none          
0000f8fd  Clock_Delay                   
0000f90d  Delay                         
0000f91d  OutCRLF                       
0000f92d  Clock_Freq                    
0000f939  Sound_Stop                    
0000f945  __aeabi_memcpy                
0000f945  __aeabi_memcpy4               
0000f945  __aeabi_memcpy8               
0000f94d  Reset_Handler                 
0000f951  _system_pre_init              
0000f954  C$$EXIT                       
0000f955  abort                         
0000f96c  __TI_Handler_Table_Base       
0000f978  __TI_Handler_Table_Limit      
0000f980  __TI_CINIT_Base               
0000f990  __TI_CINIT_Limit              
0000f990  __TI_CINIT_Warm               
20200000  __start___llvm_prf_bits       
20200000  __start___llvm_prf_cnts       
20200000  __stop___llvm_prf_bits        
20200000  __stop___llvm_prf_cnts        
20200000  _sys_memory                   
20200240  Last16ADCresults              
20200290  DebugCnt                      
20200294  Index                         
20200298  LastIn                        
2020029c  M                             
202002a0  Mask                          
202002a4  PeriodicTask2                 
202002a8  RxGetI                        
202002ac  RxPutI                        
202002b0  SampleFlag                    
202002b4  State                         
202002b8  TExaSadc                      
202002bc  TxGetI                        
202002c0  TxPutI                        
202002c4  last                          
202002c8  BusFreq                       
202002d0  Last16ADCindex                
202002d4  NotesMode                     
20207e00  __stack                       
20208000  __STACK_END                   
ffffffff  __TI_pprof_out_hndl           
ffffffff  __TI_prof_data_size           
ffffffff  __TI_prof_data_start          
ffffffff  __binit__                     
ffffffff  binit                         
UNDEFED   __mpu_init                    
UNDEFED   _system_post_cinit            

[151 symbols]
