<?xml version="1.0" encoding="ISO-8859-1" ?>
<link_info>
   <banner>TI ARM Clang Linker PC v4.0.1.LTS</banner>
   <copyright>Copyright (c) 1996-2018 Texas Instruments Incorporated</copyright>
   <command_line>C:\ti\ccs2000\ccs\tools\compiler\ti-cgt-armllvm_4.0.1.LTS\bin\tiarmlnk -IC:\ti\ccs2000\ccs\tools\compiler\ti-cgt-armllvm_4.0.1.LTS\lib -o WWWWFall2024WWWWW.out -mWWWWFall2024WWWWW.map --heap_size=512 --stack_size=512 -iC:/Users/4trav/OneDrive/Documents/University of Texas at Austin/ECE 319K/WWWWFall2024WWWWW/WWWWFall2024WWWWW/Debug/syscfg -iC:/ti/ccs2000/ccs/tools/compiler/ti-cgt-armllvm_4.0.1.LTS/lib --diag_wrap=off --display_error_number --warn_sections --xml_link_info=WWWWFall2024WWWWW_linkInfo.xml --rom_model ../Clock.o ../Func.o ../LaunchPad.o ../UART.o ../UARTbusywait.o ./WWWWWExam2ASMPartWWWWW.o ./WWWWWExam2CPartWWWWW.o ../main.o ./ticlang/startup_mspm0g3507_ticlang.o ../mspm0g3507.cmd -lC:/ti/mspm0_sdk_2_03_00_07/source/ti/driverlib/lib/ticlang/m0p/mspm0g1x0x_g3x0x/driverlib.a -llibc.a --start-group -llibc++.a -llibc++abi.a -llibc.a -llibsys.a -llibsysbm.a -llibclang_rt.builtins.a -llibclang_rt.profile.a --end-group --cg_opt_level=0</command_line>
   <link_time>0x67e045ca</link_time>
   <link_errors>0x0</link_errors>
   <output_file>C:\Users\4trav\OneDrive\Documents\University of Texas at Austin\ECE 319K\WWWWFall2024WWWWW\WWWWFall2024WWWWW\Debug\WWWWFall2024WWWWW.out</output_file>
   <entry_point>
      <name>_c_int00_noargs</name>
      <address>0x15fd</address>
   </entry_point>
   <input_file_list>
      <input_file id="fl-1">
         <path>C:\Users\4trav\OneDrive\Documents\University of Texas at Austin\ECE 319K\WWWWFall2024WWWWW\WWWWFall2024WWWWW\Debug\..\</path>
         <kind>object</kind>
         <file>Clock.o</file>
         <name>Clock.o</name>
      </input_file>
      <input_file id="fl-2">
         <path>C:\Users\4trav\OneDrive\Documents\University of Texas at Austin\ECE 319K\WWWWFall2024WWWWW\WWWWFall2024WWWWW\Debug\..\</path>
         <kind>object</kind>
         <file>Func.o</file>
         <name>Func.o</name>
      </input_file>
      <input_file id="fl-3">
         <path>C:\Users\4trav\OneDrive\Documents\University of Texas at Austin\ECE 319K\WWWWFall2024WWWWW\WWWWFall2024WWWWW\Debug\..\</path>
         <kind>object</kind>
         <file>LaunchPad.o</file>
         <name>LaunchPad.o</name>
      </input_file>
      <input_file id="fl-4">
         <path>C:\Users\4trav\OneDrive\Documents\University of Texas at Austin\ECE 319K\WWWWFall2024WWWWW\WWWWFall2024WWWWW\Debug\..\</path>
         <kind>object</kind>
         <file>UART.o</file>
         <name>UART.o</name>
      </input_file>
      <input_file id="fl-5">
         <path>C:\Users\4trav\OneDrive\Documents\University of Texas at Austin\ECE 319K\WWWWFall2024WWWWW\WWWWFall2024WWWWW\Debug\..\</path>
         <kind>object</kind>
         <file>UARTbusywait.o</file>
         <name>UARTbusywait.o</name>
      </input_file>
      <input_file id="fl-6">
         <path>C:\Users\4trav\OneDrive\Documents\University of Texas at Austin\ECE 319K\WWWWFall2024WWWWW\WWWWFall2024WWWWW\Debug\.\</path>
         <kind>object</kind>
         <file>WWWWWExam2ASMPartWWWWW.o</file>
         <name>WWWWWExam2ASMPartWWWWW.o</name>
      </input_file>
      <input_file id="fl-7">
         <path>C:\Users\4trav\OneDrive\Documents\University of Texas at Austin\ECE 319K\WWWWFall2024WWWWW\WWWWFall2024WWWWW\Debug\.\</path>
         <kind>object</kind>
         <file>WWWWWExam2CPartWWWWW.o</file>
         <name>WWWWWExam2CPartWWWWW.o</name>
      </input_file>
      <input_file id="fl-8">
         <path>C:\Users\4trav\OneDrive\Documents\University of Texas at Austin\ECE 319K\WWWWFall2024WWWWW\WWWWFall2024WWWWW\Debug\..\</path>
         <kind>object</kind>
         <file>main.o</file>
         <name>main.o</name>
      </input_file>
      <input_file id="fl-9">
         <path>C:\Users\4trav\OneDrive\Documents\University of Texas at Austin\ECE 319K\WWWWFall2024WWWWW\WWWWFall2024WWWWW\Debug\.\ticlang\</path>
         <kind>object</kind>
         <file>startup_mspm0g3507_ticlang.o</file>
         <name>startup_mspm0g3507_ticlang.o</name>
      </input_file>
      <input_file id="fl-15">
         <path>C:\Users\4trav\OneDrive\Documents\University of Texas at Austin\ECE 319K\WWWWFall2024WWWWW\WWWWFall2024WWWWW\Debug\</path>
         <kind>object</kind>
         <file>&lt;internal&gt;</file>
         <name>&lt;internal&gt;</name>
      </input_file>
      <input_file id="fl-2a">
         <path>C:\ti\ccs2000\ccs\tools\compiler\ti-cgt-armllvm_4.0.1.LTS\lib\armv6m-ti-none-eabi\c\</path>
         <kind>archive</kind>
         <file>libc.a</file>
         <name>strcmp-armv6m.S.obj</name>
      </input_file>
      <input_file id="fl-2b">
         <path>C:\ti\ccs2000\ccs\tools\compiler\ti-cgt-armllvm_4.0.1.LTS\lib\armv6m-ti-none-eabi\c\</path>
         <kind>archive</kind>
         <file>libc.a</file>
         <name>copy_zero_init.c.obj</name>
      </input_file>
      <input_file id="fl-2c">
         <path>C:\ti\ccs2000\ccs\tools\compiler\ti-cgt-armllvm_4.0.1.LTS\lib\armv6m-ti-none-eabi\c\</path>
         <kind>archive</kind>
         <file>libc.a</file>
         <name>copy_decompress_none.c.obj</name>
      </input_file>
      <input_file id="fl-2d">
         <path>C:\ti\ccs2000\ccs\tools\compiler\ti-cgt-armllvm_4.0.1.LTS\lib\armv6m-ti-none-eabi\c\</path>
         <kind>archive</kind>
         <file>libc.a</file>
         <name>copy_decompress_lzss.c.obj</name>
      </input_file>
      <input_file id="fl-2e">
         <path>C:\ti\ccs2000\ccs\tools\compiler\ti-cgt-armllvm_4.0.1.LTS\lib\armv6m-ti-none-eabi\c\</path>
         <kind>archive</kind>
         <file>libc.a</file>
         <name>boot_cortex_m.c.obj</name>
      </input_file>
      <input_file id="fl-2f">
         <path>C:\ti\ccs2000\ccs\tools\compiler\ti-cgt-armllvm_4.0.1.LTS\lib\armv6m-ti-none-eabi\c\</path>
         <kind>archive</kind>
         <file>libc.a</file>
         <name>mathacl_init.c.obj</name>
      </input_file>
      <input_file id="fl-30">
         <path>C:\ti\ccs2000\ccs\tools\compiler\ti-cgt-armllvm_4.0.1.LTS\lib\armv6m-ti-none-eabi\c\</path>
         <kind>archive</kind>
         <file>libc.a</file>
         <name>exit.c.obj</name>
      </input_file>
      <input_file id="fl-31">
         <path>C:\ti\ccs2000\ccs\tools\compiler\ti-cgt-armllvm_4.0.1.LTS\lib\armv6m-ti-none-eabi\c\</path>
         <kind>archive</kind>
         <file>libc.a</file>
         <name>_lock.c.obj</name>
      </input_file>
      <input_file id="fl-32">
         <path>C:\ti\ccs2000\ccs\tools\compiler\ti-cgt-armllvm_4.0.1.LTS\lib\armv6m-ti-none-eabi\c\</path>
         <kind>archive</kind>
         <file>libc.a</file>
         <name>args_main.c.obj</name>
      </input_file>
      <input_file id="fl-33">
         <path>C:\ti\ccs2000\ccs\tools\compiler\ti-cgt-armllvm_4.0.1.LTS\lib\armv6m-ti-none-eabi\c\</path>
         <kind>archive</kind>
         <file>libc.a</file>
         <name>autoinit.c.obj</name>
      </input_file>
      <input_file id="fl-34">
         <path>C:\ti\ccs2000\ccs\tools\compiler\ti-cgt-armllvm_4.0.1.LTS\lib\armv6m-ti-none-eabi\c\</path>
         <kind>archive</kind>
         <file>libc.a</file>
         <name>pre_init.c.obj</name>
      </input_file>
      <input_file id="fl-35">
         <path>C:\ti\ccs2000\ccs\tools\compiler\ti-cgt-armllvm_4.0.1.LTS\lib\armv6m-ti-none-eabi\c\</path>
         <kind>archive</kind>
         <file>libc.a</file>
         <name>cpy_tbl.c.obj</name>
      </input_file>
      <input_file id="fl-cb">
         <path>C:\ti\ccs2000\ccs\tools\compiler\ti-cgt-armllvm_4.0.1.LTS\lib\armv6m-ti-none-eabi\</path>
         <kind>archive</kind>
         <file>libclang_rt.builtins.a</file>
         <name>aeabi_memcpy.S.obj</name>
      </input_file>
      <input_file id="fl-cc">
         <path>C:\ti\ccs2000\ccs\tools\compiler\ti-cgt-armllvm_4.0.1.LTS\lib\armv6m-ti-none-eabi\</path>
         <kind>archive</kind>
         <file>libclang_rt.builtins.a</file>
         <name>aeabi_memset.S.obj</name>
      </input_file>
      <input_file id="fl-cd">
         <path>C:\ti\ccs2000\ccs\tools\compiler\ti-cgt-armllvm_4.0.1.LTS\lib\armv6m-ti-none-eabi\</path>
         <kind>archive</kind>
         <file>libclang_rt.builtins.a</file>
         <name>aeabi_uidivmod.S.obj</name>
      </input_file>
      <input_file id="fl-ce">
         <path>C:\ti\ccs2000\ccs\tools\compiler\ti-cgt-armllvm_4.0.1.LTS\lib\armv6m-ti-none-eabi\</path>
         <kind>archive</kind>
         <file>libclang_rt.builtins.a</file>
         <name>aeabi_div0.c.obj</name>
      </input_file>
      <input_file id="fl-cf">
         <path>C:\ti\ccs2000\ccs\tools\compiler\ti-cgt-armllvm_4.0.1.LTS\lib\armv6m-ti-none-eabi\c\</path>
         <kind>archive</kind>
         <file>libc.a</file>
         <name>memcpy16.S.obj</name>
      </input_file>
      <input_file id="fl-d0">
         <path>C:\ti\ccs2000\ccs\tools\compiler\ti-cgt-armllvm_4.0.1.LTS\lib\armv6m-ti-none-eabi\c\</path>
         <kind>archive</kind>
         <file>libc.a</file>
         <name>memset16.S.obj</name>
      </input_file>
   </input_file_list>
   <object_component_list>
      <object_component id="oc-18">
         <name>.intvecs</name>
         <load_address>0x0</load_address>
         <readonly>true</readonly>
         <run_address>0x0</run_address>
         <size>0xc0</size>
         <alignment>0x4</alignment>
         <input_file_ref idref="fl-9"/>
      </object_component>
      <object_component id="oc-9a">
         <name>.text.Q1_Test</name>
         <load_address>0xc0</load_address>
         <readonly>true</readonly>
         <executable>true</executable>
         <run_address>0xc0</run_address>
         <size>0x444</size>
         <alignment>0x4</alignment>
         <input_file_ref idref="fl-8"/>
      </object_component>
      <object_component id="oc-9d">
         <name>.text.Q4_Test</name>
         <load_address>0x504</load_address>
         <readonly>true</readonly>
         <executable>true</executable>
         <run_address>0x504</run_address>
         <size>0x388</size>
         <alignment>0x4</alignment>
         <input_file_ref idref="fl-8"/>
      </object_component>
      <object_component id="oc-9b">
         <name>.text.Q2_Test</name>
         <load_address>0x88c</load_address>
         <readonly>true</readonly>
         <executable>true</executable>
         <run_address>0x88c</run_address>
         <size>0x208</size>
         <alignment>0x4</alignment>
         <input_file_ref idref="fl-8"/>
      </object_component>
      <object_component id="oc-7d">
         <name>.text.Clock_Init80MHz</name>
         <load_address>0xa94</load_address>
         <readonly>true</readonly>
         <executable>true</executable>
         <run_address>0xa94</run_address>
         <size>0x1b4</size>
         <alignment>0x4</alignment>
         <input_file_ref idref="fl-1"/>
      </object_component>
      <object_component id="oc-9c">
         <name>.text.Q3_Test</name>
         <load_address>0xc48</load_address>
         <readonly>true</readonly>
         <executable>true</executable>
         <run_address>0xc48</run_address>
         <size>0x170</size>
         <alignment>0x4</alignment>
         <input_file_ref idref="fl-8"/>
      </object_component>
      <object_component id="oc-64">
         <name>.text.main</name>
         <load_address>0xdb8</load_address>
         <readonly>true</readonly>
         <executable>true</executable>
         <run_address>0xdb8</run_address>
         <size>0x128</size>
         <alignment>0x4</alignment>
         <input_file_ref idref="fl-8"/>
      </object_component>
      <object_component id="oc-9e">
         <name>.text.SetGrade</name>
         <load_address>0xee0</load_address>
         <readonly>true</readonly>
         <executable>true</executable>
         <run_address>0xee0</run_address>
         <size>0x118</size>
         <alignment>0x4</alignment>
         <input_file_ref idref="fl-8"/>
      </object_component>
      <object_component id="oc-87">
         <name>.text.UART_Init</name>
         <load_address>0xff8</load_address>
         <readonly>true</readonly>
         <executable>true</executable>
         <run_address>0xff8</run_address>
         <size>0xe8</size>
         <alignment>0x4</alignment>
         <input_file_ref idref="fl-5"/>
      </object_component>
      <object_component id="oc-f7">
         <name>.text.StrCompare</name>
         <load_address>0x10e0</load_address>
         <readonly>true</readonly>
         <executable>true</executable>
         <run_address>0x10e0</run_address>
         <size>0xb0</size>
         <alignment>0x4</alignment>
         <input_file_ref idref="fl-7"/>
      </object_component>
      <object_component id="oc-125">
         <name>.text.Encrypt</name>
         <load_address>0x1190</load_address>
         <readonly>true</readonly>
         <executable>true</executable>
         <run_address>0x1190</run_address>
         <size>0xa4</size>
         <alignment>0x4</alignment>
         <input_file_ref idref="fl-8"/>
      </object_component>
      <object_component id="oc-d7">
         <name>.text.Clock_Freq</name>
         <load_address>0x1234</load_address>
         <readonly>true</readonly>
         <executable>true</executable>
         <run_address>0x1234</run_address>
         <size>0xc</size>
         <alignment>0x4</alignment>
         <input_file_ref idref="fl-1"/>
      </object_component>
      <object_component id="oc-8d">
         <name>.text:strcmp</name>
         <load_address>0x1240</load_address>
         <readonly>true</readonly>
         <executable>true</executable>
         <run_address>0x1240</run_address>
         <size>0x88</size>
         <alignment>0x10</alignment>
         <input_file_ref idref="fl-2a"/>
      </object_component>
      <object_component id="oc-82">
         <name>.text.LaunchPad_Init</name>
         <load_address>0x12c8</load_address>
         <readonly>true</readonly>
         <executable>true</executable>
         <run_address>0x12c8</run_address>
         <size>0x84</size>
         <alignment>0x4</alignment>
         <input_file_ref idref="fl-3"/>
      </object_component>
      <object_component id="oc-1c">
         <name>.text:decompress:lzss</name>
         <load_address>0x134c</load_address>
         <readonly>true</readonly>
         <executable>true</executable>
         <run_address>0x134c</run_address>
         <size>0x7c</size>
         <alignment>0x4</alignment>
         <input_file_ref idref="fl-2d"/>
      </object_component>
      <object_component id="oc-a7">
         <name>.text</name>
         <load_address>0x13c8</load_address>
         <readonly>true</readonly>
         <executable>true</executable>
         <run_address>0x13c8</run_address>
         <size>0x6c</size>
         <alignment>0x4</alignment>
         <input_file_ref idref="fl-2"/>
      </object_component>
      <object_component id="oc-13b">
         <name>.text.UART_OutUHex</name>
         <load_address>0x1434</load_address>
         <readonly>true</readonly>
         <executable>true</executable>
         <run_address>0x1434</run_address>
         <size>0x48</size>
         <alignment>0x2</alignment>
         <input_file_ref idref="fl-4"/>
      </object_component>
      <object_component id="oc-121">
         <name>.text.__aeabi_uidivmod</name>
         <load_address>0x147c</load_address>
         <readonly>true</readonly>
         <executable>true</executable>
         <run_address>0x147c</run_address>
         <size>0x40</size>
         <alignment>0x4</alignment>
         <input_file_ref idref="fl-cd"/>
      </object_component>
      <object_component id="oc-b7">
         <name>.text:__TI_auto_init_nobinit_nopinit</name>
         <load_address>0x14bc</load_address>
         <readonly>true</readonly>
         <executable>true</executable>
         <run_address>0x14bc</run_address>
         <size>0x3c</size>
         <alignment>0x4</alignment>
         <input_file_ref idref="fl-33"/>
      </object_component>
      <object_component id="oc-d3">
         <name>.text.ActivatePortA_B</name>
         <load_address>0x14f8</load_address>
         <readonly>true</readonly>
         <executable>true</executable>
         <run_address>0x14f8</run_address>
         <size>0x38</size>
         <alignment>0x4</alignment>
         <input_file_ref idref="fl-3"/>
      </object_component>
      <object_component id="oc-de">
         <name>.text.UART_OutUDec</name>
         <load_address>0x1530</load_address>
         <readonly>true</readonly>
         <executable>true</executable>
         <run_address>0x1530</run_address>
         <size>0x36</size>
         <alignment>0x2</alignment>
         <input_file_ref idref="fl-4"/>
      </object_component>
      <object_component id="oc-96">
         <name>.text.setUpper</name>
         <load_address>0x1566</load_address>
         <readonly>true</readonly>
         <executable>true</executable>
         <run_address>0x1566</run_address>
         <size>0x34</size>
         <alignment>0x2</alignment>
         <input_file_ref idref="fl-8"/>
      </object_component>
      <object_component id="oc-13d">
         <name>.text.upper</name>
         <load_address>0x159a</load_address>
         <readonly>true</readonly>
         <executable>true</executable>
         <run_address>0x159a</run_address>
         <size>0x34</size>
         <alignment>0x2</alignment>
         <input_file_ref idref="fl-7"/>
      </object_component>
      <object_component id="oc-13e">
         <name>.text.__aeabi_idiv0</name>
         <load_address>0x15ce</load_address>
         <readonly>true</readonly>
         <executable>true</executable>
         <run_address>0x15ce</run_address>
         <size>0x2</size>
         <alignment>0x2</alignment>
         <input_file_ref idref="fl-ce"/>
      </object_component>
      <object_component id="oc-97">
         <name>.text.UART_OutChar</name>
         <load_address>0x15d0</load_address>
         <readonly>true</readonly>
         <executable>true</executable>
         <run_address>0x15d0</run_address>
         <size>0x2c</size>
         <alignment>0x4</alignment>
         <input_file_ref idref="fl-5"/>
      </object_component>
      <object_component id="oc-50">
         <name>.text:_c_int00_noargs</name>
         <load_address>0x15fc</load_address>
         <readonly>true</readonly>
         <executable>true</executable>
         <run_address>0x15fc</run_address>
         <size>0x28</size>
         <alignment>0x4</alignment>
         <input_file_ref idref="fl-2e"/>
      </object_component>
      <object_component id="oc-fb">
         <name>.text.UART_OutSDec</name>
         <load_address>0x1624</load_address>
         <readonly>true</readonly>
         <executable>true</executable>
         <run_address>0x1624</run_address>
         <size>0x26</size>
         <alignment>0x2</alignment>
         <input_file_ref idref="fl-4"/>
      </object_component>
      <object_component id="oc-91">
         <name>.text.UART_OutString</name>
         <load_address>0x164a</load_address>
         <readonly>true</readonly>
         <executable>true</executable>
         <run_address>0x164a</run_address>
         <size>0x26</size>
         <alignment>0x2</alignment>
         <input_file_ref idref="fl-4"/>
      </object_component>
      <object_component id="oc-98">
         <name>.text.Random32</name>
         <load_address>0x1670</load_address>
         <readonly>true</readonly>
         <executable>true</executable>
         <run_address>0x1670</run_address>
         <size>0x20</size>
         <alignment>0x4</alignment>
         <input_file_ref idref="fl-8"/>
      </object_component>
      <object_component id="oc-dd">
         <name>.text.OutTestCase</name>
         <load_address>0x1690</load_address>
         <readonly>true</readonly>
         <executable>true</executable>
         <run_address>0x1690</run_address>
         <size>0x1c</size>
         <alignment>0x4</alignment>
         <input_file_ref idref="fl-8"/>
      </object_component>
      <object_component id="oc-47">
         <name>.text:decompress:ZI:__TI_zero_init_nomemset</name>
         <load_address>0x16ac</load_address>
         <readonly>true</readonly>
         <executable>true</executable>
         <run_address>0x16ac</run_address>
         <size>0x16</size>
         <alignment>0x2</alignment>
         <input_file_ref idref="fl-2b"/>
      </object_component>
      <object_component id="oc-73">
         <name>.text:TI_memcpy_small</name>
         <load_address>0x16c2</load_address>
         <readonly>true</readonly>
         <executable>true</executable>
         <run_address>0x16c2</run_address>
         <size>0x12</size>
         <alignment>0x1</alignment>
         <input_file_ref idref="fl-cf"/>
      </object_component>
      <object_component id="oc-20">
         <name>.text:decompress:none</name>
         <load_address>0x16d4</load_address>
         <readonly>true</readonly>
         <executable>true</executable>
         <run_address>0x16d4</run_address>
         <size>0x12</size>
         <alignment>0x2</alignment>
         <input_file_ref idref="fl-2c"/>
      </object_component>
      <object_component id="oc-d6">
         <name>.text.Clock_Delay</name>
         <load_address>0x16e6</load_address>
         <readonly>true</readonly>
         <executable>true</executable>
         <run_address>0x16e6</run_address>
         <size>0x10</size>
         <alignment>0x2</alignment>
         <input_file_ref idref="fl-1"/>
      </object_component>
      <object_component id="oc-8c">
         <name>.text.UART_OutCRLF</name>
         <load_address>0x16f6</load_address>
         <readonly>true</readonly>
         <executable>true</executable>
         <run_address>0x16f6</run_address>
         <size>0x10</size>
         <alignment>0x2</alignment>
         <input_file_ref idref="fl-8"/>
      </object_component>
      <object_component id="oc-108">
         <name>.text.FindMatch</name>
         <load_address>0x1706</load_address>
         <readonly>true</readonly>
         <executable>true</executable>
         <run_address>0x1706</run_address>
         <size>0xa</size>
         <alignment>0x2</alignment>
         <input_file_ref idref="fl-7"/>
      </object_component>
      <object_component id="oc-99">
         <name>.text.Random4</name>
         <load_address>0x1710</load_address>
         <readonly>true</readonly>
         <executable>true</executable>
         <run_address>0x1710</run_address>
         <size>0xa</size>
         <alignment>0x2</alignment>
         <input_file_ref idref="fl-8"/>
      </object_component>
      <object_component id="oc-40">
         <name>.text.__aeabi_memcpy</name>
         <load_address>0x171c</load_address>
         <readonly>true</readonly>
         <executable>true</executable>
         <run_address>0x171c</run_address>
         <size>0x8</size>
         <alignment>0x4</alignment>
         <input_file_ref idref="fl-cb"/>
      </object_component>
      <object_component id="oc-129">
         <name>.text</name>
         <load_address>0x1724</load_address>
         <readonly>true</readonly>
         <executable>true</executable>
         <run_address>0x1724</run_address>
         <size>0x6</size>
         <alignment>0x4</alignment>
         <input_file_ref idref="fl-6"/>
      </object_component>
      <object_component id="oc-33">
         <name>.text.Default_Handler</name>
         <load_address>0x172a</load_address>
         <readonly>true</readonly>
         <executable>true</executable>
         <run_address>0x172a</run_address>
         <size>0x4</size>
         <alignment>0x2</alignment>
         <input_file_ref idref="fl-9"/>
      </object_component>
      <object_component id="oc-34">
         <name>.text.HardFault_Handler</name>
         <load_address>0x172e</load_address>
         <readonly>true</readonly>
         <executable>true</executable>
         <run_address>0x172e</run_address>
         <size>0x4</size>
         <alignment>0x2</alignment>
         <input_file_ref idref="fl-9"/>
      </object_component>
      <object_component id="oc-2f">
         <name>.text.Reset_Handler</name>
         <load_address>0x1732</load_address>
         <readonly>true</readonly>
         <executable>true</executable>
         <run_address>0x1732</run_address>
         <size>0x4</size>
         <alignment>0x2</alignment>
         <input_file_ref idref="fl-9"/>
      </object_component>
      <object_component id="oc-60">
         <name>.text._system_pre_init</name>
         <load_address>0x1736</load_address>
         <readonly>true</readonly>
         <executable>true</executable>
         <run_address>0x1736</run_address>
         <size>0x4</size>
         <alignment>0x2</alignment>
         <input_file_ref idref="fl-34"/>
      </object_component>
      <object_component id="oc-b0">
         <name>.text:abort</name>
         <load_address>0x173a</load_address>
         <readonly>true</readonly>
         <executable>true</executable>
         <run_address>0x173a</run_address>
         <size>0x4</size>
         <alignment>0x2</alignment>
         <input_file_ref idref="fl-30"/>
      </object_component>
      <object_component id="oc-194">
         <name>__TI_handler_table</name>
         <load_address>0x2358</load_address>
         <readonly>true</readonly>
         <run_address>0x2358</run_address>
         <size>0xc</size>
         <alignment>0x4</alignment>
      </object_component>
      <object_component id="oc-197">
         <name>.cinit..bss.load</name>
         <load_address>0x2364</load_address>
         <readonly>true</readonly>
         <run_address>0x2364</run_address>
         <size>0x8</size>
         <alignment>0x4</alignment>
      </object_component>
      <object_component id="oc-196">
         <name>.cinit..data.load</name>
         <load_address>0x236c</load_address>
         <readonly>true</readonly>
         <run_address>0x236c</run_address>
         <size>0x8</size>
         <alignment>0x1</alignment>
      </object_component>
      <object_component id="oc-195">
         <name>__TI_cinit_table</name>
         <load_address>0x2374</load_address>
         <readonly>true</readonly>
         <run_address>0x2374</run_address>
         <size>0x10</size>
         <alignment>0x4</alignment>
      </object_component>
      <object_component id="oc-10c">
         <name>.rodata.q3cases</name>
         <load_address>0x1740</load_address>
         <readonly>true</readonly>
         <run_address>0x1740</run_address>
         <size>0x378</size>
         <alignment>0x4</alignment>
         <input_file_ref idref="fl-8"/>
      </object_component>
      <object_component id="oc-103">
         <name>.rodata.q2cases</name>
         <load_address>0x1ab8</load_address>
         <readonly>true</readonly>
         <run_address>0x1ab8</run_address>
         <size>0x230</size>
         <alignment>0x4</alignment>
         <input_file_ref idref="fl-8"/>
      </object_component>
      <object_component id="oc-114">
         <name>.rodata.q4cases</name>
         <load_address>0x1ce8</load_address>
         <readonly>true</readonly>
         <run_address>0x1ce8</run_address>
         <size>0xe0</size>
         <alignment>0x4</alignment>
         <input_file_ref idref="fl-8"/>
      </object_component>
      <object_component id="oc-147">
         <name>.rodata.Scramble</name>
         <load_address>0x1dc8</load_address>
         <readonly>true</readonly>
         <run_address>0x1dc8</run_address>
         <size>0x58</size>
         <alignment>0x4</alignment>
         <input_file_ref idref="fl-8"/>
      </object_component>
      <object_component id="oc-10e">
         <name>.rodata.str1.99111246168193324041</name>
         <load_address>0x1e20</load_address>
         <readonly>true</readonly>
         <run_address>0x1e20</run_address>
         <size>0x4d</size>
         <alignment>0x1</alignment>
         <input_file_ref idref="fl-8"/>
      </object_component>
      <object_component id="oc-112">
         <name>.rodata.str1.162533095548589688221</name>
         <load_address>0x1e6d</load_address>
         <readonly>true</readonly>
         <run_address>0x1e6d</run_address>
         <size>0x3c</size>
         <alignment>0x1</alignment>
         <input_file_ref idref="fl-8"/>
      </object_component>
      <object_component id="oc-113">
         <name>.rodata.str1.6117797260269918671</name>
         <load_address>0x1ea9</load_address>
         <readonly>true</readonly>
         <run_address>0x1ea9</run_address>
         <size>0x3c</size>
         <alignment>0x1</alignment>
         <input_file_ref idref="fl-8"/>
      </object_component>
      <object_component id="oc-109">
         <name>.rodata.str1.66444207266452456401</name>
         <load_address>0x1ee5</load_address>
         <readonly>true</readonly>
         <run_address>0x1ee5</run_address>
         <size>0x37</size>
         <alignment>0x1</alignment>
         <input_file_ref idref="fl-8"/>
      </object_component>
      <object_component id="oc-11d">
         <name>.rodata.str1.77016398417971879101</name>
         <load_address>0x1f1c</load_address>
         <readonly>true</readonly>
         <run_address>0x1f1c</run_address>
         <size>0x35</size>
         <alignment>0x1</alignment>
         <input_file_ref idref="fl-8"/>
      </object_component>
      <object_component id="oc-11c">
         <name>.rodata.str1.65324206505965622911</name>
         <load_address>0x1f51</load_address>
         <readonly>true</readonly>
         <run_address>0x1f51</run_address>
         <size>0x34</size>
         <alignment>0x1</alignment>
         <input_file_ref idref="fl-8"/>
      </object_component>
      <object_component id="oc-101">
         <name>.rodata.str1.134023554918013473231</name>
         <load_address>0x1f85</load_address>
         <readonly>true</readonly>
         <run_address>0x1f85</run_address>
         <size>0x31</size>
         <alignment>0x1</alignment>
         <input_file_ref idref="fl-8"/>
      </object_component>
      <object_component id="oc-f2">
         <name>.rodata.str1.66840473539710954921</name>
         <load_address>0x1fb6</load_address>
         <readonly>true</readonly>
         <run_address>0x1fb6</run_address>
         <size>0x31</size>
         <alignment>0x1</alignment>
         <input_file_ref idref="fl-8"/>
      </object_component>
      <object_component id="oc-11e">
         <name>.rodata.str1.76462422959706596191</name>
         <load_address>0x1fe7</load_address>
         <readonly>true</readonly>
         <run_address>0x1fe7</run_address>
         <size>0x2f</size>
         <alignment>0x1</alignment>
         <input_file_ref idref="fl-8"/>
      </object_component>
      <object_component id="oc-e3">
         <name>.rodata.str1.42969106790848045441</name>
         <load_address>0x2016</load_address>
         <readonly>true</readonly>
         <run_address>0x2016</run_address>
         <size>0x29</size>
         <alignment>0x1</alignment>
         <input_file_ref idref="fl-8"/>
      </object_component>
      <object_component id="oc-e5">
         <name>.rodata.str1.52501554851255701521</name>
         <load_address>0x203f</load_address>
         <readonly>true</readonly>
         <run_address>0x203f</run_address>
         <size>0x29</size>
         <alignment>0x1</alignment>
         <input_file_ref idref="fl-8"/>
      </object_component>
      <object_component id="oc-df">
         <name>.rodata.str1.55841430354152434161</name>
         <load_address>0x2068</load_address>
         <readonly>true</readonly>
         <run_address>0x2068</run_address>
         <size>0x29</size>
         <alignment>0x1</alignment>
         <input_file_ref idref="fl-8"/>
      </object_component>
      <object_component id="oc-e4">
         <name>.rodata.str1.97993385775340092391</name>
         <load_address>0x2091</load_address>
         <readonly>true</readonly>
         <run_address>0x2091</run_address>
         <size>0x29</size>
         <alignment>0x1</alignment>
         <input_file_ref idref="fl-8"/>
      </object_component>
      <object_component id="oc-ad">
         <name>.rodata.str1.165254681365538338501</name>
         <load_address>0x20ba</load_address>
         <readonly>true</readonly>
         <run_address>0x20ba</run_address>
         <size>0x23</size>
         <alignment>0x1</alignment>
         <input_file_ref idref="fl-8"/>
      </object_component>
      <object_component id="oc-10f">
         <name>.rodata.str1.179975536754379042391</name>
         <load_address>0x20dd</load_address>
         <readonly>true</readonly>
         <run_address>0x20dd</run_address>
         <size>0x23</size>
         <alignment>0x1</alignment>
         <input_file_ref idref="fl-8"/>
      </object_component>
      <object_component id="oc-111">
         <name>.rodata.str1.60224765527551259011</name>
         <load_address>0x2100</load_address>
         <readonly>true</readonly>
         <run_address>0x2100</run_address>
         <size>0x23</size>
         <alignment>0x1</alignment>
         <input_file_ref idref="fl-8"/>
      </object_component>
      <object_component id="oc-110">
         <name>.rodata.str1.107132333266431924371</name>
         <load_address>0x2123</load_address>
         <readonly>true</readonly>
         <run_address>0x2123</run_address>
         <size>0x22</size>
         <alignment>0x1</alignment>
         <input_file_ref idref="fl-8"/>
      </object_component>
      <object_component id="oc-11f">
         <name>.rodata.str1.17004867796668283931</name>
         <load_address>0x2145</load_address>
         <readonly>true</readonly>
         <run_address>0x2145</run_address>
         <size>0x22</size>
         <alignment>0x1</alignment>
         <input_file_ref idref="fl-8"/>
      </object_component>
      <object_component id="oc-f5">
         <name>.rodata.str1.17141933821247617371</name>
         <load_address>0x2167</load_address>
         <readonly>true</readonly>
         <run_address>0x2167</run_address>
         <size>0x21</size>
         <alignment>0x1</alignment>
         <input_file_ref idref="fl-8"/>
      </object_component>
      <object_component id="oc-fc">
         <name>.rodata.str1.81593080567723157351</name>
         <load_address>0x2188</load_address>
         <readonly>true</readonly>
         <run_address>0x2188</run_address>
         <size>0x21</size>
         <alignment>0x1</alignment>
         <input_file_ref idref="fl-8"/>
      </object_component>
      <object_component id="oc-ef">
         <name>.rodata.str1.88864587114646350841</name>
         <load_address>0x21a9</load_address>
         <readonly>true</readonly>
         <run_address>0x21a9</run_address>
         <size>0x21</size>
         <alignment>0x1</alignment>
         <input_file_ref idref="fl-8"/>
      </object_component>
      <object_component id="oc-a3">
         <name>.rodata.str1.72376847439041299751</name>
         <load_address>0x21ca</load_address>
         <readonly>true</readonly>
         <run_address>0x21ca</run_address>
         <size>0x1f</size>
         <alignment>0x1</alignment>
         <input_file_ref idref="fl-8"/>
      </object_component>
      <object_component id="oc-f1">
         <name>.rodata.str1.55017464818642898751</name>
         <load_address>0x21e9</load_address>
         <readonly>true</readonly>
         <run_address>0x21e9</run_address>
         <size>0x1b</size>
         <alignment>0x1</alignment>
         <input_file_ref idref="fl-8"/>
      </object_component>
      <object_component id="oc-ab">
         <name>.rodata.str1.38955953061726499671</name>
         <load_address>0x2204</load_address>
         <readonly>true</readonly>
         <run_address>0x2204</run_address>
         <size>0x19</size>
         <alignment>0x1</alignment>
         <input_file_ref idref="fl-8"/>
      </object_component>
      <object_component id="oc-f6">
         <name>.rodata.str1.171135724027876188451</name>
         <load_address>0x221d</load_address>
         <readonly>true</readonly>
         <run_address>0x221d</run_address>
         <size>0x18</size>
         <alignment>0x1</alignment>
         <input_file_ref idref="fl-8"/>
      </object_component>
      <object_component id="oc-146">
         <name>.rodata.Key</name>
         <load_address>0x2235</load_address>
         <readonly>true</readonly>
         <run_address>0x2235</run_address>
         <size>0x16</size>
         <alignment>0x1</alignment>
         <input_file_ref idref="fl-8"/>
      </object_component>
      <object_component id="oc-ac">
         <name>.rodata.str1.112186460604720669321</name>
         <load_address>0x224b</load_address>
         <readonly>true</readonly>
         <run_address>0x224b</run_address>
         <size>0x16</size>
         <alignment>0x1</alignment>
         <input_file_ref idref="fl-8"/>
      </object_component>
      <object_component id="oc-120">
         <name>.rodata.str1.91885923779623514291</name>
         <load_address>0x2261</load_address>
         <readonly>true</readonly>
         <run_address>0x2261</run_address>
         <size>0x15</size>
         <alignment>0x1</alignment>
         <input_file_ref idref="fl-8"/>
      </object_component>
      <object_component id="oc-100">
         <name>.rodata.str1.151061411185031815721</name>
         <load_address>0x2276</load_address>
         <readonly>true</readonly>
         <run_address>0x2276</run_address>
         <size>0x11</size>
         <alignment>0x1</alignment>
         <input_file_ref idref="fl-8"/>
      </object_component>
      <object_component id="oc-e6">
         <name>.rodata.str1.79551435545072341851</name>
         <load_address>0x2287</load_address>
         <readonly>true</readonly>
         <run_address>0x2287</run_address>
         <size>0x11</size>
         <alignment>0x1</alignment>
         <input_file_ref idref="fl-8"/>
      </object_component>
      <object_component id="oc-fd">
         <name>.rodata.str1.954282607814150271</name>
         <load_address>0x2298</load_address>
         <readonly>true</readonly>
         <run_address>0x2298</run_address>
         <size>0x11</size>
         <alignment>0x1</alignment>
         <input_file_ref idref="fl-8"/>
      </object_component>
      <object_component id="oc-a0">
         <name>.rodata.EID</name>
         <load_address>0x22a9</load_address>
         <readonly>true</readonly>
         <run_address>0x22a9</run_address>
         <size>0x10</size>
         <alignment>0x1</alignment>
         <input_file_ref idref="fl-7"/>
      </object_component>
      <object_component id="oc-116">
         <name>.rodata.str1.34270348415164438941</name>
         <load_address>0x22b9</load_address>
         <readonly>true</readonly>
         <run_address>0x22b9</run_address>
         <size>0xf</size>
         <alignment>0x1</alignment>
         <input_file_ref idref="fl-8"/>
      </object_component>
      <object_component id="oc-145">
         <name>.rodata.str1.130465181714164687731</name>
         <load_address>0x22c8</load_address>
         <readonly>true</readonly>
         <run_address>0x22c8</run_address>
         <size>0xd</size>
         <alignment>0x1</alignment>
         <input_file_ref idref="fl-8"/>
      </object_component>
      <object_component id="oc-107">
         <name>.rodata.str1.19581600218089604221</name>
         <load_address>0x22d5</load_address>
         <readonly>true</readonly>
         <run_address>0x22d5</run_address>
         <size>0xb</size>
         <alignment>0x1</alignment>
         <input_file_ref idref="fl-8"/>
      </object_component>
      <object_component id="oc-ee">
         <name>.rodata.str1.69189412625334732771</name>
         <load_address>0x22e0</load_address>
         <readonly>true</readonly>
         <run_address>0x22e0</run_address>
         <size>0xb</size>
         <alignment>0x1</alignment>
         <input_file_ref idref="fl-8"/>
      </object_component>
      <object_component id="oc-105">
         <name>.rodata.str1.103839438932389472821</name>
         <load_address>0x22eb</load_address>
         <readonly>true</readonly>
         <run_address>0x22eb</run_address>
         <size>0xa</size>
         <alignment>0x1</alignment>
         <input_file_ref idref="fl-8"/>
      </object_component>
      <object_component id="oc-e7">
         <name>.rodata.str1.47389027370924160151</name>
         <load_address>0x22f5</load_address>
         <readonly>true</readonly>
         <run_address>0x22f5</run_address>
         <size>0xa</size>
         <alignment>0x1</alignment>
         <input_file_ref idref="fl-8"/>
      </object_component>
      <object_component id="oc-13c">
         <name>.rodata.str1.176328792963337784071</name>
         <load_address>0x22ff</load_address>
         <readonly>true</readonly>
         <run_address>0x22ff</run_address>
         <size>0x9</size>
         <alignment>0x1</alignment>
         <input_file_ref idref="fl-8"/>
      </object_component>
      <object_component id="oc-f0">
         <name>.rodata.str1.96696425805949040631</name>
         <load_address>0x2308</load_address>
         <readonly>true</readonly>
         <run_address>0x2308</run_address>
         <size>0x9</size>
         <alignment>0x1</alignment>
         <input_file_ref idref="fl-8"/>
      </object_component>
      <object_component id="oc-11a">
         <name>.rodata.str1.160689995860730159981</name>
         <load_address>0x2311</load_address>
         <readonly>true</readonly>
         <run_address>0x2311</run_address>
         <size>0x8</size>
         <alignment>0x1</alignment>
         <input_file_ref idref="fl-8"/>
      </object_component>
      <object_component id="oc-104">
         <name>.rodata.str1.31872665017682117481</name>
         <load_address>0x2319</load_address>
         <readonly>true</readonly>
         <run_address>0x2319</run_address>
         <size>0x8</size>
         <alignment>0x1</alignment>
         <input_file_ref idref="fl-8"/>
      </object_component>
      <object_component id="oc-e8">
         <name>.rodata.str1.84555903791196549931</name>
         <load_address>0x2321</load_address>
         <readonly>true</readonly>
         <run_address>0x2321</run_address>
         <size>0x8</size>
         <alignment>0x1</alignment>
         <input_file_ref idref="fl-8"/>
      </object_component>
      <object_component id="oc-a2">
         <name>.rodata.str1.4636820371903881561</name>
         <load_address>0x2329</load_address>
         <readonly>true</readonly>
         <run_address>0x2329</run_address>
         <size>0x7</size>
         <alignment>0x1</alignment>
         <input_file_ref idref="fl-8"/>
      </object_component>
      <object_component id="oc-10d">
         <name>.rodata.str1.101537300378815181031</name>
         <load_address>0x2330</load_address>
         <readonly>true</readonly>
         <run_address>0x2330</run_address>
         <size>0x6</size>
         <alignment>0x1</alignment>
         <input_file_ref idref="fl-8"/>
      </object_component>
      <object_component id="oc-ed">
         <name>.rodata.str1.169425006640414195481</name>
         <load_address>0x2336</load_address>
         <readonly>true</readonly>
         <run_address>0x2336</run_address>
         <size>0x5</size>
         <alignment>0x1</alignment>
         <input_file_ref idref="fl-8"/>
      </object_component>
      <object_component id="oc-ec">
         <name>.rodata.str1.66576556518284861641</name>
         <load_address>0x233b</load_address>
         <readonly>true</readonly>
         <run_address>0x233b</run_address>
         <size>0x5</size>
         <alignment>0x1</alignment>
         <input_file_ref idref="fl-8"/>
      </object_component>
      <object_component id="oc-eb">
         <name>.rodata.str1.171590253234040549591</name>
         <load_address>0x2340</load_address>
         <readonly>true</readonly>
         <run_address>0x2340</run_address>
         <size>0x4</size>
         <alignment>0x1</alignment>
         <input_file_ref idref="fl-8"/>
      </object_component>
      <object_component id="oc-119">
         <name>.rodata.str1.85911871632536913761</name>
         <load_address>0x2344</load_address>
         <readonly>true</readonly>
         <run_address>0x2344</run_address>
         <size>0x4</size>
         <alignment>0x1</alignment>
         <input_file_ref idref="fl-8"/>
      </object_component>
      <object_component id="oc-118">
         <name>.rodata.str1.96070790650749941891</name>
         <load_address>0x2348</load_address>
         <readonly>true</readonly>
         <run_address>0x2348</run_address>
         <size>0x4</size>
         <alignment>0x1</alignment>
         <input_file_ref idref="fl-8"/>
      </object_component>
      <object_component id="oc-11b">
         <name>.rodata.str1.40436246998192388711</name>
         <load_address>0x234c</load_address>
         <readonly>true</readonly>
         <run_address>0x234c</run_address>
         <size>0x3</size>
         <alignment>0x1</alignment>
         <input_file_ref idref="fl-8"/>
      </object_component>
      <object_component id="oc-117">
         <name>.rodata.str1.42497688763012490891</name>
         <load_address>0x234f</load_address>
         <readonly>true</readonly>
         <run_address>0x234f</run_address>
         <size>0x3</size>
         <alignment>0x1</alignment>
         <input_file_ref idref="fl-8"/>
      </object_component>
      <object_component id="oc-106">
         <name>.rodata.str1.59473202433939028451</name>
         <load_address>0x2352</load_address>
         <readonly>true</readonly>
         <run_address>0x2352</run_address>
         <size>0x3</size>
         <alignment>0x1</alignment>
         <input_file_ref idref="fl-8"/>
      </object_component>
      <object_component id="oc-15e">
         <name>.binit</name>
         <load_address>0x0</load_address>
         <readonly>true</readonly>
         <run_address>0x0</run_address>
         <size>0x0</size>
         <alignment>0x4</alignment>
      </object_component>
      <object_component id="oc-d0">
         <name>.data.BusFreq</name>
         <load_address>0x20200140</load_address>
         <readwrite>true</readwrite>
         <run_address>0x20200140</run_address>
         <size>0x4</size>
         <alignment>0x4</alignment>
         <input_file_ref idref="fl-1"/>
      </object_component>
      <object_component id="oc-e0">
         <name>.bss.mask1</name>
         <uninitialized>true</uninitialized>
         <readwrite>true</readwrite>
         <run_address>0x20200110</run_address>
         <size>0x4</size>
         <alignment>0x4</alignment>
         <input_file_ref idref="fl-8"/>
      </object_component>
      <object_component id="oc-e1">
         <name>.bss.shift1</name>
         <uninitialized>true</uninitialized>
         <readwrite>true</readwrite>
         <run_address>0x20200120</run_address>
         <size>0x4</size>
         <alignment>0x4</alignment>
         <input_file_ref idref="fl-8"/>
      </object_component>
      <object_component id="oc-e2">
         <name>.bss.msb1</name>
         <uninitialized>true</uninitialized>
         <readwrite>true</readwrite>
         <run_address>0x20200114</run_address>
         <size>0x4</size>
         <alignment>0x4</alignment>
         <input_file_ref idref="fl-8"/>
      </object_component>
      <object_component id="oc-9f">
         <name>.bss.score</name>
         <uninitialized>true</uninitialized>
         <readwrite>true</readwrite>
         <run_address>0x2020011c</run_address>
         <size>0x4</size>
         <alignment>0x4</alignment>
         <input_file_ref idref="fl-8"/>
      </object_component>
      <object_component id="oc-10a">
         <name>.bss.score3</name>
         <uninitialized>true</uninitialized>
         <readwrite>true</readwrite>
         <run_address>0x20200118</run_address>
         <size>0x4</size>
         <alignment>0x4</alignment>
         <input_file_ref idref="fl-8"/>
      </object_component>
      <object_component id="oc-126">
         <name>.bss.MagicCode</name>
         <uninitialized>true</uninitialized>
         <readwrite>true</readwrite>
         <run_address>0x202000c0</run_address>
         <size>0x18</size>
         <alignment>0x1</alignment>
         <input_file_ref idref="fl-8"/>
      </object_component>
      <object_component id="oc-144">
         <name>.bss.EncriptedMagicCode</name>
         <uninitialized>true</uninitialized>
         <readwrite>true</readwrite>
         <run_address>0x202000a8</run_address>
         <size>0x18</size>
         <alignment>0x1</alignment>
         <input_file_ref idref="fl-8"/>
      </object_component>
      <object_component id="oc-a4">
         <name>.common:M</name>
         <uninitialized>true</uninitialized>
         <readwrite>true</readwrite>
         <run_address>0x20200128</run_address>
         <size>0x4</size>
         <alignment>0x4</alignment>
      </object_component>
      <object_component id="oc-a5">
         <name>.common:Version1</name>
         <uninitialized>true</uninitialized>
         <readwrite>true</readwrite>
         <run_address>0x20200138</run_address>
         <size>0x4</size>
         <alignment>0x4</alignment>
      </object_component>
      <object_component id="oc-e9">
         <name>.common:Q1SPinit</name>
         <uninitialized>true</uninitialized>
         <readwrite>true</readwrite>
         <run_address>0x20200130</run_address>
         <size>0x4</size>
         <alignment>0x4</alignment>
      </object_component>
      <object_component id="oc-ea">
         <name>.common:Q1SPfinal</name>
         <uninitialized>true</uninitialized>
         <readwrite>true</readwrite>
         <run_address>0x2020012c</run_address>
         <size>0x4</size>
         <alignment>0x4</alignment>
      </object_component>
      <object_component id="oc-f3">
         <name>.common:Q1Rinit</name>
         <uninitialized>true</uninitialized>
         <readwrite>true</readwrite>
         <run_address>0x20200100</run_address>
         <size>0x10</size>
         <alignment>0x4</alignment>
      </object_component>
      <object_component id="oc-f4">
         <name>.common:Q1Rfinal</name>
         <uninitialized>true</uninitialized>
         <readwrite>true</readwrite>
         <run_address>0x202000f0</run_address>
         <size>0x10</size>
         <alignment>0x4</alignment>
      </object_component>
      <object_component id="oc-a6">
         <name>.common:Version2</name>
         <uninitialized>true</uninitialized>
         <readwrite>true</readwrite>
         <run_address>0x2020013c</run_address>
         <size>0x4</size>
         <alignment>0x4</alignment>
      </object_component>
      <object_component id="oc-fe">
         <name>.common:True2</name>
         <uninitialized>true</uninitialized>
         <readwrite>true</readwrite>
         <run_address>0x20200134</run_address>
         <size>0x4</size>
         <alignment>0x4</alignment>
      </object_component>
      <object_component id="oc-ff">
         <name>.common:False2</name>
         <uninitialized>true</uninitialized>
         <readwrite>true</readwrite>
         <run_address>0x20200124</run_address>
         <size>0x4</size>
         <alignment>0x4</alignment>
      </object_component>
      <object_component id="oc-102">
         <name>.common:Q2_Answers</name>
         <uninitialized>true</uninitialized>
         <readwrite>true</readwrite>
         <run_address>0x20200080</run_address>
         <size>0x28</size>
         <alignment>0x4</alignment>
      </object_component>
      <object_component id="oc-10b">
         <name>.common:Q3_Answers</name>
         <uninitialized>true</uninitialized>
         <readwrite>true</readwrite>
         <run_address>0x202000d8</run_address>
         <size>0x18</size>
         <alignment>0x4</alignment>
      </object_component>
      <object_component id="oc-115">
         <name>.common:buf4</name>
         <uninitialized>true</uninitialized>
         <readwrite>true</readwrite>
         <run_address>0x20200000</run_address>
         <size>0x80</size>
         <alignment>0x2</alignment>
      </object_component>
      <object_component id="oc-1a">
         <name>.stack</name>
         <uninitialized>true</uninitialized>
         <readwrite>true</readwrite>
         <run_address>0x20207e00</run_address>
         <size>0x4</size>
         <alignment>0x4</alignment>
         <input_file_ref idref="fl-2e"/>
      </object_component>
      <object_component id="oc-199">
         <name>.stack</name>
         <uninitialized>true</uninitialized>
         <readwrite>true</readwrite>
         <run_address>0x20207e00</run_address>
         <size>0x0</size>
         <alignment>0x8</alignment>
      </object_component>
      <object_component id="oc-d1">
         <name>.debug_abbrev</name>
         <load_address>0x0</load_address>
         <run_address>0x0</run_address>
         <size>0x1a3</size>
         <alignment>0x1</alignment>
         <input_file_ref idref="fl-1"/>
      </object_component>
      <object_component id="oc-12d">
         <name>.debug_abbrev</name>
         <load_address>0x1a3</load_address>
         <run_address>0x1a3</run_address>
         <size>0x21</size>
         <alignment>0x1</alignment>
         <input_file_ref idref="fl-2"/>
      </object_component>
      <object_component id="oc-d4">
         <name>.debug_abbrev</name>
         <load_address>0x1c4</load_address>
         <run_address>0x1c4</run_address>
         <size>0x10d</size>
         <alignment>0x1</alignment>
         <input_file_ref idref="fl-3"/>
      </object_component>
      <object_component id="oc-db">
         <name>.debug_abbrev</name>
         <load_address>0x2d1</load_address>
         <run_address>0x2d1</run_address>
         <size>0x91</size>
         <alignment>0x1</alignment>
         <input_file_ref idref="fl-4"/>
      </object_component>
      <object_component id="oc-d8">
         <name>.debug_abbrev</name>
         <load_address>0x362</load_address>
         <run_address>0x362</run_address>
         <size>0xfe</size>
         <alignment>0x1</alignment>
         <input_file_ref idref="fl-5"/>
      </object_component>
      <object_component id="oc-148">
         <name>.debug_abbrev</name>
         <load_address>0x460</load_address>
         <run_address>0x460</run_address>
         <size>0x21</size>
         <alignment>0x1</alignment>
         <input_file_ref idref="fl-6"/>
      </object_component>
      <object_component id="oc-127">
         <name>.debug_abbrev</name>
         <load_address>0x481</load_address>
         <run_address>0x481</run_address>
         <size>0xd1</size>
         <alignment>0x1</alignment>
         <input_file_ref idref="fl-7"/>
      </object_component>
      <object_component id="oc-ae">
         <name>.debug_abbrev</name>
         <load_address>0x552</load_address>
         <run_address>0x552</run_address>
         <size>0x219</size>
         <alignment>0x1</alignment>
         <input_file_ref idref="fl-8"/>
      </object_component>
      <object_component id="oc-35">
         <name>.debug_abbrev</name>
         <load_address>0x76b</load_address>
         <run_address>0x76b</run_address>
         <size>0x6d</size>
         <alignment>0x1</alignment>
         <input_file_ref idref="fl-9"/>
      </object_component>
      <object_component id="oc-da">
         <name>.debug_abbrev</name>
         <load_address>0x7d8</load_address>
         <run_address>0x7d8</run_address>
         <size>0x21</size>
         <alignment>0x1</alignment>
         <input_file_ref idref="fl-2a"/>
      </object_component>
      <object_component id="oc-59">
         <name>.debug_abbrev</name>
         <load_address>0x7f9</load_address>
         <run_address>0x7f9</run_address>
         <size>0xc2</size>
         <alignment>0x1</alignment>
         <input_file_ref idref="fl-2b"/>
      </object_component>
      <object_component id="oc-44">
         <name>.debug_abbrev</name>
         <load_address>0x8bb</load_address>
         <run_address>0x8bb</run_address>
         <size>0x70</size>
         <alignment>0x1</alignment>
         <input_file_ref idref="fl-2c"/>
      </object_component>
      <object_component id="oc-3c">
         <name>.debug_abbrev</name>
         <load_address>0x92b</load_address>
         <run_address>0x92b</run_address>
         <size>0x8d</size>
         <alignment>0x1</alignment>
         <input_file_ref idref="fl-2d"/>
      </object_component>
      <object_component id="oc-37">
         <name>.debug_abbrev</name>
         <load_address>0x9b8</load_address>
         <run_address>0x9b8</run_address>
         <size>0xaf</size>
         <alignment>0x1</alignment>
         <input_file_ref idref="fl-2e"/>
      </object_component>
      <object_component id="oc-12e">
         <name>.debug_abbrev</name>
         <load_address>0xa67</load_address>
         <run_address>0xa67</run_address>
         <size>0xb3</size>
         <alignment>0x1</alignment>
         <input_file_ref idref="fl-30"/>
      </object_component>
      <object_component id="oc-134">
         <name>.debug_abbrev</name>
         <load_address>0xb1a</load_address>
         <run_address>0xb1a</run_address>
         <size>0x170</size>
         <alignment>0x1</alignment>
         <input_file_ref idref="fl-33"/>
      </object_component>
      <object_component id="oc-7b">
         <name>.debug_abbrev</name>
         <load_address>0xc8a</load_address>
         <run_address>0xc8a</run_address>
         <size>0x39</size>
         <alignment>0x1</alignment>
         <input_file_ref idref="fl-34"/>
      </object_component>
      <object_component id="oc-58">
         <name>.debug_abbrev</name>
         <load_address>0xcc3</load_address>
         <run_address>0xcc3</run_address>
         <size>0x27</size>
         <alignment>0x1</alignment>
         <input_file_ref idref="fl-cb"/>
      </object_component>
      <object_component id="oc-143">
         <name>.debug_abbrev</name>
         <load_address>0xcea</load_address>
         <run_address>0xcea</run_address>
         <size>0x27</size>
         <alignment>0x1</alignment>
         <input_file_ref idref="fl-cd"/>
      </object_component>
      <object_component id="oc-152">
         <name>.debug_abbrev</name>
         <load_address>0xd11</load_address>
         <run_address>0xd11</run_address>
         <size>0x59</size>
         <alignment>0x1</alignment>
         <input_file_ref idref="fl-ce"/>
      </object_component>
      <object_component id="oc-c9">
         <name>.debug_abbrev</name>
         <load_address>0xd6a</load_address>
         <run_address>0xd6a</run_address>
         <size>0x25</size>
         <alignment>0x1</alignment>
         <input_file_ref idref="fl-cf"/>
      </object_component>
      <object_component id="oc-19b">
         <name>.debug_abbrev</name>
         <load_address>0xd8f</load_address>
         <run_address>0xd8f</run_address>
         <size>0xf</size>
         <alignment>0x0</alignment>
      </object_component>
      <object_component id="oc-7f">
         <name>.debug_info</name>
         <load_address>0x0</load_address>
         <run_address>0x0</run_address>
         <size>0x22bb</size>
         <alignment>0x1</alignment>
         <input_file_ref idref="fl-1"/>
      </object_component>
      <object_component id="oc-aa">
         <name>.debug_info</name>
         <load_address>0x22bb</load_address>
         <run_address>0x22bb</run_address>
         <size>0x105</size>
         <alignment>0x1</alignment>
         <input_file_ref idref="fl-2"/>
      </object_component>
      <object_component id="oc-86">
         <name>.debug_info</name>
         <load_address>0x23c0</load_address>
         <run_address>0x23c0</run_address>
         <size>0x856</size>
         <alignment>0x1</alignment>
         <input_file_ref idref="fl-3"/>
      </object_component>
      <object_component id="oc-92">
         <name>.debug_info</name>
         <load_address>0x2c16</load_address>
         <run_address>0x2c16</run_address>
         <size>0x2c9</size>
         <alignment>0x1</alignment>
         <input_file_ref idref="fl-4"/>
      </object_component>
      <object_component id="oc-88">
         <name>.debug_info</name>
         <load_address>0x2edf</load_address>
         <run_address>0x2edf</run_address>
         <size>0x5cf</size>
         <alignment>0x1</alignment>
         <input_file_ref idref="fl-5"/>
      </object_component>
      <object_component id="oc-12a">
         <name>.debug_info</name>
         <load_address>0x34ae</load_address>
         <run_address>0x34ae</run_address>
         <size>0x15e</size>
         <alignment>0x1</alignment>
         <input_file_ref idref="fl-6"/>
      </object_component>
      <object_component id="oc-a1">
         <name>.debug_info</name>
         <load_address>0x360c</load_address>
         <run_address>0x360c</run_address>
         <size>0x198</size>
         <alignment>0x1</alignment>
         <input_file_ref idref="fl-7"/>
      </object_component>
      <object_component id="oc-66">
         <name>.debug_info</name>
         <load_address>0x37a4</load_address>
         <run_address>0x37a4</run_address>
         <size>0x1987</size>
         <alignment>0x1</alignment>
         <input_file_ref idref="fl-8"/>
      </object_component>
      <object_component id="oc-19">
         <name>.debug_info</name>
         <load_address>0x512b</load_address>
         <run_address>0x512b</run_address>
         <size>0x94</size>
         <alignment>0x1</alignment>
         <input_file_ref idref="fl-9"/>
      </object_component>
      <object_component id="oc-8e">
         <name>.debug_info</name>
         <load_address>0x51bf</load_address>
         <run_address>0x51bf</run_address>
         <size>0x114</size>
         <alignment>0x1</alignment>
         <input_file_ref idref="fl-2a"/>
      </object_component>
      <object_component id="oc-48">
         <name>.debug_info</name>
         <load_address>0x52d3</load_address>
         <run_address>0x52d3</run_address>
         <size>0x192</size>
         <alignment>0x1</alignment>
         <input_file_ref idref="fl-2b"/>
      </object_component>
      <object_component id="oc-22">
         <name>.debug_info</name>
         <load_address>0x5465</load_address>
         <run_address>0x5465</run_address>
         <size>0xc6</size>
         <alignment>0x1</alignment>
         <input_file_ref idref="fl-2c"/>
      </object_component>
      <object_component id="oc-1f">
         <name>.debug_info</name>
         <load_address>0x552b</load_address>
         <run_address>0x552b</run_address>
         <size>0x17c</size>
         <alignment>0x1</alignment>
         <input_file_ref idref="fl-2d"/>
      </object_component>
      <object_component id="oc-1b">
         <name>.debug_info</name>
         <load_address>0x56a7</load_address>
         <run_address>0x56a7</run_address>
         <size>0x423</size>
         <alignment>0x1</alignment>
         <input_file_ref idref="fl-2e"/>
      </object_component>
      <object_component id="oc-b1">
         <name>.debug_info</name>
         <load_address>0x5aca</load_address>
         <run_address>0x5aca</run_address>
         <size>0xed</size>
         <alignment>0x1</alignment>
         <input_file_ref idref="fl-30"/>
      </object_component>
      <object_component id="oc-b9">
         <name>.debug_info</name>
         <load_address>0x5bb7</load_address>
         <run_address>0x5bb7</run_address>
         <size>0x744</size>
         <alignment>0x1</alignment>
         <input_file_ref idref="fl-33"/>
      </object_component>
      <object_component id="oc-61">
         <name>.debug_info</name>
         <load_address>0x62fb</load_address>
         <run_address>0x62fb</run_address>
         <size>0x46</size>
         <alignment>0x1</alignment>
         <input_file_ref idref="fl-34"/>
      </object_component>
      <object_component id="oc-41">
         <name>.debug_info</name>
         <load_address>0x6341</load_address>
         <run_address>0x6341</run_address>
         <size>0x199</size>
         <alignment>0x1</alignment>
         <input_file_ref idref="fl-cb"/>
      </object_component>
      <object_component id="oc-122">
         <name>.debug_info</name>
         <load_address>0x64da</load_address>
         <run_address>0x64da</run_address>
         <size>0x1bc</size>
         <alignment>0x1</alignment>
         <input_file_ref idref="fl-cd"/>
      </object_component>
      <object_component id="oc-141">
         <name>.debug_info</name>
         <load_address>0x6696</load_address>
         <run_address>0x6696</run_address>
         <size>0x85</size>
         <alignment>0x1</alignment>
         <input_file_ref idref="fl-ce"/>
      </object_component>
      <object_component id="oc-77">
         <name>.debug_info</name>
         <load_address>0x671b</load_address>
         <run_address>0x671b</run_address>
         <size>0x2fa</size>
         <alignment>0x1</alignment>
         <input_file_ref idref="fl-cf"/>
      </object_component>
      <object_component id="oc-19a">
         <name>.debug_info</name>
         <load_address>0x6a15</load_address>
         <run_address>0x6a15</run_address>
         <size>0xe6</size>
         <alignment>0x0</alignment>
      </object_component>
      <object_component id="oc-80">
         <name>.debug_ranges</name>
         <load_address>0x0</load_address>
         <run_address>0x0</run_address>
         <size>0x58</size>
         <alignment>0x1</alignment>
         <input_file_ref idref="fl-1"/>
      </object_component>
      <object_component id="oc-83">
         <name>.debug_ranges</name>
         <load_address>0x58</load_address>
         <run_address>0x58</run_address>
         <size>0x58</size>
         <alignment>0x1</alignment>
         <input_file_ref idref="fl-3"/>
      </object_component>
      <object_component id="oc-93">
         <name>.debug_ranges</name>
         <load_address>0xb0</load_address>
         <run_address>0xb0</run_address>
         <size>0x40</size>
         <alignment>0x1</alignment>
         <input_file_ref idref="fl-4"/>
      </object_component>
      <object_component id="oc-89">
         <name>.debug_ranges</name>
         <load_address>0xf0</load_address>
         <run_address>0xf0</run_address>
         <size>0x28</size>
         <alignment>0x1</alignment>
         <input_file_ref idref="fl-5"/>
      </object_component>
      <object_component id="oc-f8">
         <name>.debug_ranges</name>
         <load_address>0x118</load_address>
         <run_address>0x118</run_address>
         <size>0x20</size>
         <alignment>0x1</alignment>
         <input_file_ref idref="fl-7"/>
      </object_component>
      <object_component id="oc-65">
         <name>.debug_ranges</name>
         <load_address>0x138</load_address>
         <run_address>0x138</run_address>
         <size>0x78</size>
         <alignment>0x1</alignment>
         <input_file_ref idref="fl-8"/>
      </object_component>
      <object_component id="oc-30">
         <name>.debug_ranges</name>
         <load_address>0x1b0</load_address>
         <run_address>0x1b0</run_address>
         <size>0x20</size>
         <alignment>0x1</alignment>
         <input_file_ref idref="fl-9"/>
      </object_component>
      <object_component id="oc-49">
         <name>.debug_ranges</name>
         <load_address>0x1d0</load_address>
         <run_address>0x1d0</run_address>
         <size>0x18</size>
         <alignment>0x1</alignment>
         <input_file_ref idref="fl-2b"/>
      </object_component>
      <object_component id="oc-3f">
         <name>.debug_ranges</name>
         <load_address>0x1e8</load_address>
         <run_address>0x1e8</run_address>
         <size>0x50</size>
         <alignment>0x1</alignment>
         <input_file_ref idref="fl-2d"/>
      </object_component>
      <object_component id="oc-3a">
         <name>.debug_ranges</name>
         <load_address>0x238</load_address>
         <run_address>0x238</run_address>
         <size>0x48</size>
         <alignment>0x1</alignment>
         <input_file_ref idref="fl-2e"/>
      </object_component>
      <object_component id="oc-b3">
         <name>.debug_ranges</name>
         <load_address>0x280</load_address>
         <run_address>0x280</run_address>
         <size>0x18</size>
         <alignment>0x1</alignment>
         <input_file_ref idref="fl-30"/>
      </object_component>
      <object_component id="oc-ba">
         <name>.debug_ranges</name>
         <load_address>0x298</load_address>
         <run_address>0x298</run_address>
         <size>0x48</size>
         <alignment>0x1</alignment>
         <input_file_ref idref="fl-33"/>
      </object_component>
      <object_component id="oc-140">
         <name>.debug_ranges</name>
         <load_address>0x2e0</load_address>
         <run_address>0x2e0</run_address>
         <size>0x18</size>
         <alignment>0x1</alignment>
         <input_file_ref idref="fl-ce"/>
      </object_component>
      <object_component id="oc-74">
         <name>.debug_ranges</name>
         <load_address>0x2f8</load_address>
         <run_address>0x2f8</run_address>
         <size>0x28</size>
         <alignment>0x1</alignment>
         <input_file_ref idref="fl-cf"/>
      </object_component>
      <object_component id="oc-d2">
         <name>.debug_str</name>
         <load_address>0x0</load_address>
         <run_address>0x0</run_address>
         <size>0xee1</size>
         <alignment>0x1</alignment>
         <input_file_ref idref="fl-1"/>
      </object_component>
      <object_component id="oc-d5">
         <name>.debug_str</name>
         <load_address>0xee1</load_address>
         <run_address>0xee1</run_address>
         <size>0x516</size>
         <alignment>0x1</alignment>
         <input_file_ref idref="fl-3"/>
      </object_component>
      <object_component id="oc-dc">
         <name>.debug_str</name>
         <load_address>0x13f7</load_address>
         <run_address>0x13f7</run_address>
         <size>0x1b9</size>
         <alignment>0x1</alignment>
         <input_file_ref idref="fl-4"/>
      </object_component>
      <object_component id="oc-d9">
         <name>.debug_str</name>
         <load_address>0x15b0</load_address>
         <run_address>0x15b0</run_address>
         <size>0x33c</size>
         <alignment>0x1</alignment>
         <input_file_ref idref="fl-5"/>
      </object_component>
      <object_component id="oc-128">
         <name>.debug_str</name>
         <load_address>0x18ec</load_address>
         <run_address>0x18ec</run_address>
         <size>0x1a1</size>
         <alignment>0x1</alignment>
         <input_file_ref idref="fl-7"/>
      </object_component>
      <object_component id="oc-af">
         <name>.debug_str</name>
         <load_address>0x1a8d</load_address>
         <run_address>0x1a8d</run_address>
         <size>0x78b</size>
         <alignment>0x1</alignment>
         <input_file_ref idref="fl-8"/>
      </object_component>
      <object_component id="oc-36">
         <name>.debug_str</name>
         <load_address>0x2218</load_address>
         <run_address>0x2218</run_address>
         <size>0x168</size>
         <alignment>0x1</alignment>
         <input_file_ref idref="fl-9"/>
      </object_component>
      <object_component id="oc-5a">
         <name>.debug_str</name>
         <load_address>0x2380</load_address>
         <run_address>0x2380</run_address>
         <size>0x19b</size>
         <alignment>0x1</alignment>
         <input_file_ref idref="fl-2b"/>
      </object_component>
      <object_component id="oc-45">
         <name>.debug_str</name>
         <load_address>0x251b</load_address>
         <run_address>0x251b</run_address>
         <size>0x168</size>
         <alignment>0x1</alignment>
         <input_file_ref idref="fl-2c"/>
      </object_component>
      <object_component id="oc-3d">
         <name>.debug_str</name>
         <load_address>0x2683</load_address>
         <run_address>0x2683</run_address>
         <size>0x1d5</size>
         <alignment>0x1</alignment>
         <input_file_ref idref="fl-2d"/>
      </object_component>
      <object_component id="oc-38">
         <name>.debug_str</name>
         <load_address>0x2858</load_address>
         <run_address>0x2858</run_address>
         <size>0x225</size>
         <alignment>0x1</alignment>
         <input_file_ref idref="fl-2e"/>
      </object_component>
      <object_component id="oc-12f">
         <name>.debug_str</name>
         <load_address>0x2a7d</load_address>
         <run_address>0x2a7d</run_address>
         <size>0x13f</size>
         <alignment>0x1</alignment>
         <input_file_ref idref="fl-30"/>
      </object_component>
      <object_component id="oc-135">
         <name>.debug_str</name>
         <load_address>0x2bbc</load_address>
         <run_address>0x2bbc</run_address>
         <size>0x32f</size>
         <alignment>0x1</alignment>
         <input_file_ref idref="fl-33"/>
      </object_component>
      <object_component id="oc-7c">
         <name>.debug_str</name>
         <load_address>0x2eeb</load_address>
         <run_address>0x2eeb</run_address>
         <size>0xf5</size>
         <alignment>0x1</alignment>
         <input_file_ref idref="fl-34"/>
      </object_component>
      <object_component id="oc-153">
         <name>.debug_str</name>
         <load_address>0x2fe0</load_address>
         <run_address>0x2fe0</run_address>
         <size>0x193</size>
         <alignment>0x1</alignment>
         <input_file_ref idref="fl-ce"/>
      </object_component>
      <object_component id="oc-81">
         <name>.debug_frame</name>
         <load_address>0x0</load_address>
         <run_address>0x0</run_address>
         <size>0xf4</size>
         <alignment>0x4</alignment>
         <input_file_ref idref="fl-1"/>
      </object_component>
      <object_component id="oc-85">
         <name>.debug_frame</name>
         <load_address>0xf4</load_address>
         <run_address>0xf4</run_address>
         <size>0xd0</size>
         <alignment>0x4</alignment>
         <input_file_ref idref="fl-3"/>
      </object_component>
      <object_component id="oc-94">
         <name>.debug_frame</name>
         <load_address>0x1c4</load_address>
         <run_address>0x1c4</run_address>
         <size>0xd4</size>
         <alignment>0x4</alignment>
         <input_file_ref idref="fl-4"/>
      </object_component>
      <object_component id="oc-8a">
         <name>.debug_frame</name>
         <load_address>0x298</load_address>
         <run_address>0x298</run_address>
         <size>0x5c</size>
         <alignment>0x4</alignment>
         <input_file_ref idref="fl-5"/>
      </object_component>
      <object_component id="oc-f9">
         <name>.debug_frame</name>
         <load_address>0x2f4</load_address>
         <run_address>0x2f4</run_address>
         <size>0x54</size>
         <alignment>0x4</alignment>
         <input_file_ref idref="fl-7"/>
      </object_component>
      <object_component id="oc-68">
         <name>.debug_frame</name>
         <load_address>0x348</load_address>
         <run_address>0x348</run_address>
         <size>0x178</size>
         <alignment>0x4</alignment>
         <input_file_ref idref="fl-8"/>
      </object_component>
      <object_component id="oc-31">
         <name>.debug_frame</name>
         <load_address>0x4c0</load_address>
         <run_address>0x4c0</run_address>
         <size>0x40</size>
         <alignment>0x4</alignment>
         <input_file_ref idref="fl-9"/>
      </object_component>
      <object_component id="oc-4b">
         <name>.debug_frame</name>
         <load_address>0x500</load_address>
         <run_address>0x500</run_address>
         <size>0x38</size>
         <alignment>0x4</alignment>
         <input_file_ref idref="fl-2b"/>
      </object_component>
      <object_component id="oc-23">
         <name>.debug_frame</name>
         <load_address>0x538</load_address>
         <run_address>0x538</run_address>
         <size>0x28</size>
         <alignment>0x4</alignment>
         <input_file_ref idref="fl-2c"/>
      </object_component>
      <object_component id="oc-1d">
         <name>.debug_frame</name>
         <load_address>0x560</load_address>
         <run_address>0x560</run_address>
         <size>0x30</size>
         <alignment>0x4</alignment>
         <input_file_ref idref="fl-2d"/>
      </object_component>
      <object_component id="oc-4f">
         <name>.debug_frame</name>
         <load_address>0x590</load_address>
         <run_address>0x590</run_address>
         <size>0x90</size>
         <alignment>0x4</alignment>
         <input_file_ref idref="fl-2e"/>
      </object_component>
      <object_component id="oc-b4">
         <name>.debug_frame</name>
         <load_address>0x620</load_address>
         <run_address>0x620</run_address>
         <size>0x30</size>
         <alignment>0x4</alignment>
         <input_file_ref idref="fl-30"/>
      </object_component>
      <object_component id="oc-bb">
         <name>.debug_frame</name>
         <load_address>0x650</load_address>
         <run_address>0x650</run_address>
         <size>0x100</size>
         <alignment>0x4</alignment>
         <input_file_ref idref="fl-33"/>
      </object_component>
      <object_component id="oc-62">
         <name>.debug_frame</name>
         <load_address>0x750</load_address>
         <run_address>0x750</run_address>
         <size>0x20</size>
         <alignment>0x4</alignment>
         <input_file_ref idref="fl-34"/>
      </object_component>
      <object_component id="oc-142">
         <name>.debug_frame</name>
         <load_address>0x770</load_address>
         <run_address>0x770</run_address>
         <size>0x30</size>
         <alignment>0x4</alignment>
         <input_file_ref idref="fl-ce"/>
      </object_component>
      <object_component id="oc-7e">
         <name>.debug_line</name>
         <load_address>0x0</load_address>
         <run_address>0x0</run_address>
         <size>0x681</size>
         <alignment>0x1</alignment>
         <input_file_ref idref="fl-1"/>
      </object_component>
      <object_component id="oc-a8">
         <name>.debug_line</name>
         <load_address>0x681</load_address>
         <run_address>0x681</run_address>
         <size>0x64</size>
         <alignment>0x1</alignment>
         <input_file_ref idref="fl-2"/>
      </object_component>
      <object_component id="oc-84">
         <name>.debug_line</name>
         <load_address>0x6e5</load_address>
         <run_address>0x6e5</run_address>
         <size>0x338</size>
         <alignment>0x1</alignment>
         <input_file_ref idref="fl-3"/>
      </object_component>
      <object_component id="oc-95">
         <name>.debug_line</name>
         <load_address>0xa1d</load_address>
         <run_address>0xa1d</run_address>
         <size>0x494</size>
         <alignment>0x1</alignment>
         <input_file_ref idref="fl-4"/>
      </object_component>
      <object_component id="oc-8b">
         <name>.debug_line</name>
         <load_address>0xeb1</load_address>
         <run_address>0xeb1</run_address>
         <size>0x2b8</size>
         <alignment>0x1</alignment>
         <input_file_ref idref="fl-5"/>
      </object_component>
      <object_component id="oc-12c">
         <name>.debug_line</name>
         <load_address>0x1169</load_address>
         <run_address>0x1169</run_address>
         <size>0x51</size>
         <alignment>0x1</alignment>
         <input_file_ref idref="fl-6"/>
      </object_component>
      <object_component id="oc-fa">
         <name>.debug_line</name>
[...]
               <logical_group_ref idref="lg-f"/>
            </allocated_space>
            <allocated_space>
               <start_address>0x20200140</start_address>
               <size>0x4</size>
               <logical_group_ref idref="lg-e"/>
            </allocated_space>
            <available_space>
               <start_address>0x20200144</start_address>
               <size>0x7cbc</size>
            </available_space>
            <allocated_space>
               <start_address>0x20207e00</start_address>
               <size>0x200</size>
               <logical_group_ref idref="lg-11"/>
            </allocated_space>
         </usage_details>
      </memory_area>
      <memory_area display="yes" color="green">
         <name>BCR_CONFIG</name>
         <page_id>0x0</page_id>
         <origin>0x41c00000</origin>
         <length>0x80</length>
         <used_space>0x0</used_space>
         <unused_space>0x80</unused_space>
         <attributes>R</attributes>
         <usage_details>
         </usage_details>
      </memory_area>
      <memory_area display="yes" color="green">
         <name>BSL_CONFIG</name>
         <page_id>0x0</page_id>
         <origin>0x41c00100</origin>
         <length>0x80</length>
         <used_space>0x0</used_space>
         <unused_space>0x80</unused_space>
         <attributes>R</attributes>
         <usage_details>
         </usage_details>
      </memory_area>
   </placement_map>
   <cptbl_list>
      <cptbl>
         <name>__TI_cinit_table</name>
         <cprec>
            <name>.bss</name>
            <load_address>0x2364</load_address>
            <load_size>0x8</load_size>
            <run_address>0x20200000</run_address>
            <run_size>0x140</run_size>
            <compression>zero_init</compression>
         </cprec>
         <cprec>
            <name>.data</name>
            <load_address>0x236c</load_address>
            <load_size>0x8</load_size>
            <run_address>0x20200140</run_address>
            <run_size>0x4</run_size>
            <compression>lzss</compression>
         </cprec>
      </cptbl>
   </cptbl_list>
   <handler_table>
      <handler_table_name>__TI_handler_table</handler_table_name>
      <handler>
         <index>0x0</index>
         <name>__TI_decompress_lzss</name>
      </handler>
      <handler>
         <index>0x1</index>
         <name>__TI_decompress_none</name>
      </handler>
      <handler>
         <index>0x2</index>
         <name>__TI_zero_init</name>
      </handler>
   </handler_table>
   <symbol_table>
      <symbol id="sm-1">
         <name>__start___llvm_prf_cnts</name>
         <value>0x20200000</value>
      </symbol>
      <symbol id="sm-2">
         <name>__stop___llvm_prf_cnts</name>
         <value>0x20200000</value>
      </symbol>
      <symbol id="sm-3">
         <name>__start___llvm_prf_bits</name>
         <value>0x20200000</value>
      </symbol>
      <symbol id="sm-4">
         <name>__stop___llvm_prf_bits</name>
         <value>0x20200000</value>
      </symbol>
      <symbol id="sm-5">
         <name>__TI_CINIT_Base</name>
         <value>0x2374</value>
      </symbol>
      <symbol id="sm-6">
         <name>__TI_CINIT_Limit</name>
         <value>0x2384</value>
      </symbol>
      <symbol id="sm-7">
         <name>__TI_CINIT_Warm</name>
         <value>0x2384</value>
      </symbol>
      <symbol id="sm-8">
         <name>__TI_Handler_Table_Base</name>
         <value>0x2358</value>
      </symbol>
      <symbol id="sm-9">
         <name>__TI_Handler_Table_Limit</name>
         <value>0x2364</value>
      </symbol>
      <symbol id="sm-a">
         <name>binit</name>
         <value>0xffffffff</value>
      </symbol>
      <symbol id="sm-b">
         <name>__binit__</name>
         <value>0xffffffff</value>
      </symbol>
      <symbol id="sm-c">
         <name>__STACK_SIZE</name>
         <value>0x200</value>
      </symbol>
      <symbol id="sm-d">
         <name>__STACK_END</name>
         <value>0x20208000</value>
      </symbol>
      <symbol id="sm-e">
         <name>__TI_pprof_out_hndl</name>
         <value>0xffffffff</value>
      </symbol>
      <symbol id="sm-f">
         <name>__TI_prof_data_start</name>
         <value>0xffffffff</value>
      </symbol>
      <symbol id="sm-10">
         <name>__TI_prof_data_size</name>
         <value>0xffffffff</value>
      </symbol>
      <symbol id="sm-42">
         <name>Clock_Freq</name>
         <value>0x1235</value>
         <object_component_ref idref="oc-d7"/>
      </symbol>
      <symbol id="sm-43">
         <name>BusFreq</name>
         <value>0x20200140</value>
         <object_component_ref idref="oc-d0"/>
      </symbol>
      <symbol id="sm-44">
         <name>Clock_Init80MHz</name>
         <value>0xa95</value>
         <object_component_ref idref="oc-7d"/>
      </symbol>
      <symbol id="sm-45">
         <name>Clock_Delay</name>
         <value>0x16e7</value>
         <object_component_ref idref="oc-d6"/>
      </symbol>
      <symbol id="sm-4c">
         <name>DAC4_OutWrap</name>
         <value>0x13c8</value>
         <object_component_ref idref="oc-a7"/>
      </symbol>
      <symbol id="sm-4d">
         <name>RotateWrap</name>
         <value>0x13f6</value>
         <object_component_ref idref="oc-a7"/>
      </symbol>
      <symbol id="sm-62">
         <name>ActivatePortA_B</name>
         <value>0x14f9</value>
         <object_component_ref idref="oc-d3"/>
      </symbol>
      <symbol id="sm-63">
         <name>LaunchPad_Init</name>
         <value>0x12c9</value>
         <object_component_ref idref="oc-82"/>
      </symbol>
      <symbol id="sm-72">
         <name>UART_OutString</name>
         <value>0x164b</value>
         <object_component_ref idref="oc-91"/>
      </symbol>
      <symbol id="sm-73">
         <name>UART_OutUDec</name>
         <value>0x1531</value>
         <object_component_ref idref="oc-de"/>
      </symbol>
      <symbol id="sm-74">
         <name>UART_OutSDec</name>
         <value>0x1625</value>
         <object_component_ref idref="oc-fb"/>
      </symbol>
      <symbol id="sm-75">
         <name>UART_OutUHex</name>
         <value>0x1435</value>
         <object_component_ref idref="oc-13b"/>
      </symbol>
      <symbol id="sm-82">
         <name>UART_Init</name>
         <value>0xff9</value>
         <object_component_ref idref="oc-87"/>
      </symbol>
      <symbol id="sm-83">
         <name>UART_OutChar</name>
         <value>0x15d1</value>
         <object_component_ref idref="oc-97"/>
      </symbol>
      <symbol id="sm-8a">
         <name>DAC4_Out</name>
         <value>0x1724</value>
         <object_component_ref idref="oc-129"/>
      </symbol>
      <symbol id="sm-8b">
         <name>Rotate</name>
         <value>0x1726</value>
         <object_component_ref idref="oc-129"/>
      </symbol>
      <symbol id="sm-a5">
         <name>upper</name>
         <value>0x159b</value>
         <object_component_ref idref="oc-13d"/>
      </symbol>
      <symbol id="sm-a6">
         <name>StrCompare</name>
         <value>0x10e1</value>
         <object_component_ref idref="oc-f7"/>
      </symbol>
      <symbol id="sm-a7">
         <name>FindMatch</name>
         <value>0x1707</value>
         <object_component_ref idref="oc-108"/>
      </symbol>
      <symbol id="sm-a8">
         <name>EID</name>
         <value>0x22a9</value>
         <object_component_ref idref="oc-a0"/>
      </symbol>
      <symbol id="sm-117">
         <name>UART_OutCRLF</name>
         <value>0x16f7</value>
         <object_component_ref idref="oc-8c"/>
      </symbol>
      <symbol id="sm-118">
         <name>Random32</name>
         <value>0x1671</value>
         <object_component_ref idref="oc-98"/>
      </symbol>
      <symbol id="sm-119">
         <name>M</name>
         <value>0x20200128</value>
      </symbol>
      <symbol id="sm-11a">
         <name>Random4</name>
         <value>0x1711</value>
         <object_component_ref idref="oc-99"/>
      </symbol>
      <symbol id="sm-11b">
         <name>setUpper</name>
         <value>0x1567</value>
         <object_component_ref idref="oc-96"/>
      </symbol>
      <symbol id="sm-11c">
         <name>OutTestCase</name>
         <value>0x1691</value>
         <object_component_ref idref="oc-dd"/>
      </symbol>
      <symbol id="sm-11d">
         <name>Q1_Test</name>
         <value>0xc1</value>
         <object_component_ref idref="oc-9a"/>
      </symbol>
      <symbol id="sm-11e">
         <name>Version1</name>
         <value>0x20200138</value>
      </symbol>
      <symbol id="sm-11f">
         <name>Q1SPinit</name>
         <value>0x20200130</value>
      </symbol>
      <symbol id="sm-120">
         <name>Q1SPfinal</name>
         <value>0x2020012c</value>
      </symbol>
      <symbol id="sm-121">
         <name>Q1Rinit</name>
         <value>0x20200100</value>
      </symbol>
      <symbol id="sm-122">
         <name>Q1Rfinal</name>
         <value>0x202000f0</value>
      </symbol>
      <symbol id="sm-123">
         <name>Q2_Test</name>
         <value>0x88d</value>
         <object_component_ref idref="oc-9b"/>
      </symbol>
      <symbol id="sm-124">
         <name>Version2</name>
         <value>0x2020013c</value>
      </symbol>
      <symbol id="sm-125">
         <name>True2</name>
         <value>0x20200134</value>
      </symbol>
      <symbol id="sm-126">
         <name>False2</name>
         <value>0x20200124</value>
      </symbol>
      <symbol id="sm-127">
         <name>Q2_Answers</name>
         <value>0x20200080</value>
      </symbol>
      <symbol id="sm-128">
         <name>q2cases</name>
         <value>0x1ab8</value>
         <object_component_ref idref="oc-103"/>
      </symbol>
      <symbol id="sm-129">
         <name>Q3_Test</name>
         <value>0xc49</value>
         <object_component_ref idref="oc-9c"/>
      </symbol>
      <symbol id="sm-12a">
         <name>Q3_Answers</name>
         <value>0x202000d8</value>
      </symbol>
      <symbol id="sm-12b">
         <name>q3cases</name>
         <value>0x1740</value>
         <object_component_ref idref="oc-10c"/>
      </symbol>
      <symbol id="sm-12c">
         <name>Q4_Test</name>
         <value>0x505</value>
         <object_component_ref idref="oc-9d"/>
      </symbol>
      <symbol id="sm-12d">
         <name>q4cases</name>
         <value>0x1ce8</value>
         <object_component_ref idref="oc-114"/>
      </symbol>
      <symbol id="sm-12e">
         <name>buf4</name>
         <value>0x20200000</value>
      </symbol>
      <symbol id="sm-12f">
         <name>main</name>
         <value>0xdb9</value>
         <object_component_ref idref="oc-64"/>
      </symbol>
      <symbol id="sm-13c">
         <name>Default_Handler</name>
         <value>0x172b</value>
         <object_component_ref idref="oc-33"/>
      </symbol>
      <symbol id="sm-13d">
         <name>Reset_Handler</name>
         <value>0x1733</value>
         <object_component_ref idref="oc-2f"/>
      </symbol>
      <symbol id="sm-13e">
         <name>HardFault_Handler</name>
         <value>0x172f</value>
         <object_component_ref idref="oc-34"/>
      </symbol>
      <symbol id="sm-13f">
         <name>interruptVectors</name>
         <value>0x0</value>
         <object_component_ref idref="oc-18"/>
      </symbol>
      <symbol id="sm-140">
         <name>NMI_Handler</name>
         <value>0x172b</value>
         <object_component_ref idref="oc-33"/>
      </symbol>
      <symbol id="sm-141">
         <name>SVC_Handler</name>
         <value>0x172b</value>
         <object_component_ref idref="oc-33"/>
      </symbol>
      <symbol id="sm-142">
         <name>PendSV_Handler</name>
         <value>0x172b</value>
         <object_component_ref idref="oc-33"/>
      </symbol>
      <symbol id="sm-143">
         <name>SysTick_Handler</name>
         <value>0x172b</value>
         <object_component_ref idref="oc-33"/>
      </symbol>
      <symbol id="sm-144">
         <name>GROUP0_IRQHandler</name>
         <value>0x172b</value>
         <object_component_ref idref="oc-33"/>
      </symbol>
      <symbol id="sm-145">
         <name>GROUP1_IRQHandler</name>
         <value>0x172b</value>
         <object_component_ref idref="oc-33"/>
      </symbol>
      <symbol id="sm-146">
         <name>TIMG8_IRQHandler</name>
         <value>0x172b</value>
         <object_component_ref idref="oc-33"/>
      </symbol>
      <symbol id="sm-147">
         <name>UART3_IRQHandler</name>
         <value>0x172b</value>
         <object_component_ref idref="oc-33"/>
      </symbol>
      <symbol id="sm-148">
         <name>ADC0_IRQHandler</name>
         <value>0x172b</value>
         <object_component_ref idref="oc-33"/>
      </symbol>
      <symbol id="sm-149">
         <name>ADC1_IRQHandler</name>
         <value>0x172b</value>
         <object_component_ref idref="oc-33"/>
      </symbol>
      <symbol id="sm-14a">
         <name>CANFD0_IRQHandler</name>
         <value>0x172b</value>
         <object_component_ref idref="oc-33"/>
      </symbol>
      <symbol id="sm-14b">
         <name>DAC0_IRQHandler</name>
         <value>0x172b</value>
         <object_component_ref idref="oc-33"/>
      </symbol>
      <symbol id="sm-14c">
         <name>SPI0_IRQHandler</name>
         <value>0x172b</value>
         <object_component_ref idref="oc-33"/>
      </symbol>
      <symbol id="sm-14d">
         <name>SPI1_IRQHandler</name>
         <value>0x172b</value>
         <object_component_ref idref="oc-33"/>
      </symbol>
      <symbol id="sm-14e">
         <name>UART1_IRQHandler</name>
         <value>0x172b</value>
         <object_component_ref idref="oc-33"/>
      </symbol>
      <symbol id="sm-14f">
         <name>UART2_IRQHandler</name>
         <value>0x172b</value>
         <object_component_ref idref="oc-33"/>
      </symbol>
      <symbol id="sm-150">
         <name>UART0_IRQHandler</name>
         <value>0x172b</value>
         <object_component_ref idref="oc-33"/>
      </symbol>
      <symbol id="sm-151">
         <name>TIMG0_IRQHandler</name>
         <value>0x172b</value>
         <object_component_ref idref="oc-33"/>
      </symbol>
      <symbol id="sm-152">
         <name>TIMG6_IRQHandler</name>
         <value>0x172b</value>
         <object_component_ref idref="oc-33"/>
      </symbol>
      <symbol id="sm-153">
         <name>TIMA0_IRQHandler</name>
         <value>0x172b</value>
         <object_component_ref idref="oc-33"/>
      </symbol>
      <symbol id="sm-154">
         <name>TIMA1_IRQHandler</name>
         <value>0x172b</value>
         <object_component_ref idref="oc-33"/>
      </symbol>
      <symbol id="sm-155">
         <name>TIMG7_IRQHandler</name>
         <value>0x172b</value>
         <object_component_ref idref="oc-33"/>
      </symbol>
      <symbol id="sm-156">
         <name>TIMG12_IRQHandler</name>
         <value>0x172b</value>
         <object_component_ref idref="oc-33"/>
      </symbol>
      <symbol id="sm-157">
         <name>I2C0_IRQHandler</name>
         <value>0x172b</value>
         <object_component_ref idref="oc-33"/>
      </symbol>
      <symbol id="sm-158">
         <name>I2C1_IRQHandler</name>
         <value>0x172b</value>
         <object_component_ref idref="oc-33"/>
      </symbol>
      <symbol id="sm-159">
         <name>AES_IRQHandler</name>
         <value>0x172b</value>
         <object_component_ref idref="oc-33"/>
      </symbol>
      <symbol id="sm-15a">
         <name>RTC_IRQHandler</name>
         <value>0x172b</value>
         <object_component_ref idref="oc-33"/>
      </symbol>
      <symbol id="sm-15b">
         <name>DMA_IRQHandler</name>
         <value>0x172b</value>
         <object_component_ref idref="oc-33"/>
      </symbol>
      <symbol id="sm-15c">
         <name>__TI_ATRegion0_src_addr</name>
         <value>0x0</value>
      </symbol>
      <symbol id="sm-15d">
         <name>__TI_ATRegion0_trg_addr</name>
         <value>0x0</value>
      </symbol>
      <symbol id="sm-15e">
         <name>__TI_ATRegion0_region_sz</name>
         <value>0x0</value>
      </symbol>
      <symbol id="sm-15f">
         <name>__TI_ATRegion1_src_addr</name>
         <value>0x0</value>
      </symbol>
      <symbol id="sm-160">
         <name>__TI_ATRegion1_trg_addr</name>
         <value>0x0</value>
      </symbol>
      <symbol id="sm-161">
         <name>__TI_ATRegion1_region_sz</name>
         <value>0x0</value>
      </symbol>
      <symbol id="sm-162">
         <name>__TI_ATRegion2_src_addr</name>
         <value>0x0</value>
      </symbol>
      <symbol id="sm-163">
         <name>__TI_ATRegion2_trg_addr</name>
         <value>0x0</value>
      </symbol>
      <symbol id="sm-164">
         <name>__TI_ATRegion2_region_sz</name>
         <value>0x0</value>
      </symbol>
      <symbol id="sm-16c">
         <name>strcmp</name>
         <value>0x1241</value>
         <object_component_ref idref="oc-8d"/>
      </symbol>
      <symbol id="sm-176">
         <name>__TI_zero_init_nomemset</name>
         <value>0x16ad</value>
         <object_component_ref idref="oc-47"/>
      </symbol>
      <symbol id="sm-17f">
         <name>__TI_decompress_none</name>
         <value>0x16d5</value>
         <object_component_ref idref="oc-20"/>
      </symbol>
      <symbol id="sm-18a">
         <name>__TI_decompress_lzss</name>
         <value>0x134d</value>
         <object_component_ref idref="oc-1c"/>
      </symbol>
      <symbol id="sm-195">
         <name>_c_int00_noargs</name>
         <value>0x15fd</value>
         <object_component_ref idref="oc-50"/>
      </symbol>
      <symbol id="sm-196">
         <name>__stack</name>
         <value>0x20207e00</value>
         <object_component_ref idref="oc-1a"/>
      </symbol>
      <symbol id="sm-1a1">
         <name>abort</name>
         <value>0x173b</value>
         <object_component_ref idref="oc-b0"/>
      </symbol>
      <symbol id="sm-1a2">
         <name>C$$EXIT</name>
         <value>0x173a</value>
         <object_component_ref idref="oc-b0"/>
      </symbol>
      <symbol id="sm-1af">
         <name>__TI_auto_init_nobinit_nopinit</name>
         <value>0x14bd</value>
         <object_component_ref idref="oc-b7"/>
      </symbol>
      <symbol id="sm-1b7">
         <name>_system_pre_init</name>
         <value>0x1737</value>
         <object_component_ref idref="oc-60"/>
      </symbol>
      <symbol id="sm-1be">
         <name>__aeabi_memcpy</name>
         <value>0x171d</value>
         <object_component_ref idref="oc-40"/>
      </symbol>
      <symbol id="sm-1bf">
         <name>__aeabi_memcpy4</name>
         <value>0x171d</value>
         <object_component_ref idref="oc-40"/>
      </symbol>
      <symbol id="sm-1c0">
         <name>__aeabi_memcpy8</name>
         <value>0x171d</value>
         <object_component_ref idref="oc-40"/>
      </symbol>
      <symbol id="sm-1c6">
         <name>__aeabi_uidiv</name>
         <value>0x147d</value>
         <object_component_ref idref="oc-121"/>
      </symbol>
      <symbol id="sm-1c7">
         <name>__aeabi_uidivmod</name>
         <value>0x147d</value>
         <object_component_ref idref="oc-121"/>
      </symbol>
      <symbol id="sm-1d1">
         <name>__aeabi_idiv0</name>
         <value>0x15cf</value>
         <object_component_ref idref="oc-13e"/>
      </symbol>
      <symbol id="sm-1da">
         <name>TI_memcpy_small</name>
         <value>0x16c3</value>
         <object_component_ref idref="oc-73"/>
      </symbol>
      <symbol id="sm-1db">
         <name>__TI_static_base__</name>
         <value>0x0</value>
      </symbol>
      <symbol id="sm-1de">
         <name>__mpu_init</name>
         <value>0x0</value>
      </symbol>
      <symbol id="sm-1df">
         <name>_system_post_cinit</name>
         <value>0x0</value>
      </symbol>
   </symbol_table>
   <title>Link successful</title>
</link_info>
