******************************************************************************
            TI ARM Clang Linker PC v4.0.1                      
******************************************************************************
>> Linked Sun Mar 23 12:32:58 2025

OUTPUT FILE NAME:   <WWWWFall2024WWWWW.out>
ENTRY POINT SYMBOL: "_c_int00_noargs"  address: 000015fd


MEMORY CONFIGURATION

         name            origin    length      used     unused   attr    fill
----------------------  --------  ---------  --------  --------  ----  --------
  FLASH                 00000000   00020000  00002388  0001dc78  R  X
  SRAM                  20200000   00008000  00000344  00007cbc  RW X
  BCR_CONFIG            41c00000   00000080  00000000  00000080  R   
  BSL_CONFIG            41c00100   00000080  00000000  00000080  R   


SEGMENT ALLOCATION MAP

run origin  load origin   length   init length attrs members
----------  ----------- ---------- ----------- ----- -------
00000000    00000000    00002388   00002388    r-x
  00000000    00000000    000000c0   000000c0    r-- .intvecs
  000000c0    000000c0    00001680   00001680    r-x .text
  00001740    00001740    00000c18   00000c18    r-- .rodata
  00002358    00002358    00000030   00000030    r-- .cinit
20200000    20200000    00000144   00000000    rw-
  20200000    20200000    00000140   00000000    rw- .bss
  20200140    20200140    00000004   00000000    rw- .data
20207e00    20207e00    00000200   00000000    rw-
  20207e00    20207e00    00000200   00000000    rw- .stack


SECTION ALLOCATION MAP

 output                                  attributes/
section   page    origin      length       input sections
--------  ----  ----------  ----------   ----------------
.intvecs   0    00000000    000000c0     
                  00000000    000000c0     startup_mspm0g3507_ticlang.o (.intvecs)

.text      0    000000c0    00001680     
                  000000c0    00000444     main.o (.text.Q1_Test)
                  00000504    00000388     main.o (.text.Q4_Test)
                  0000088c    00000208     main.o (.text.Q2_Test)
                  00000a94    000001b4     Clock.o (.text.Clock_Init80MHz)
                  00000c48    00000170     main.o (.text.Q3_Test)
                  00000db8    00000128     main.o (.text.main)
                  00000ee0    00000118     main.o (.text.SetGrade)
                  00000ff8    000000e8     UARTbusywait.o (.text.UART_Init)
                  000010e0    000000b0     WWWWWExam2CPartWWWWW.o (.text.StrCompare)
                  00001190    000000a4     main.o (.text.Encrypt)
                  00001234    0000000c     Clock.o (.text.Clock_Freq)
                  00001240    00000088     libc.a : strcmp-armv6m.S.obj (.text:strcmp)
                  000012c8    00000084     LaunchPad.o (.text.LaunchPad_Init)
                  0000134c    0000007c     libc.a : copy_decompress_lzss.c.obj (.text:decompress:lzss)
                  000013c8    0000006c     Func.o (.text)
                  00001434    00000048     UART.o (.text.UART_OutUHex)
                  0000147c    00000040     libclang_rt.builtins.a : aeabi_uidivmod.S.obj (.text.__aeabi_uidivmod)
                  000014bc    0000003c     libc.a : autoinit.c.obj (.text:__TI_auto_init_nobinit_nopinit)
                  000014f8    00000038     LaunchPad.o (.text.ActivatePortA_B)
                  00001530    00000036     UART.o (.text.UART_OutUDec)
                  00001566    00000034     main.o (.text.setUpper)
                  0000159a    00000034     WWWWWExam2CPartWWWWW.o (.text.upper)
                  000015ce    00000002     libclang_rt.builtins.a : aeabi_div0.c.obj (.text.__aeabi_idiv0)
                  000015d0    0000002c     UARTbusywait.o (.text.UART_OutChar)
                  000015fc    00000028     libc.a : boot_cortex_m.c.obj (.text:_c_int00_noargs)
                  00001624    00000026     UART.o (.text.UART_OutSDec)
                  0000164a    00000026     UART.o (.text.UART_OutString)
                  00001670    00000020     main.o (.text.Random32)
                  00001690    0000001c     main.o (.text.OutTestCase)
                  000016ac    00000016     libc.a : copy_zero_init.c.obj (.text:decompress:ZI:__TI_zero_init_nomemset)
                  000016c2    00000012            : memcpy16.S.obj (.text:TI_memcpy_small)
                  000016d4    00000012            : copy_decompress_none.c.obj (.text:decompress:none)
                  000016e6    00000010     Clock.o (.text.Clock_Delay)
                  000016f6    00000010     main.o (.text.UART_OutCRLF)
                  00001706    0000000a     WWWWWExam2CPartWWWWW.o (.text.FindMatch)
                  00001710    0000000a     main.o (.text.Random4)
                  0000171a    00000002     --HOLE-- [fill = 0]
                  0000171c    00000008     libclang_rt.builtins.a : aeabi_memcpy.S.obj (.text.__aeabi_memcpy)
                  00001724    00000006     WWWWWExam2ASMPartWWWWW.o (.text)
                  0000172a    00000004     startup_mspm0g3507_ticlang.o (.text.Default_Handler)
                  0000172e    00000004     startup_mspm0g3507_ticlang.o (.text.HardFault_Handler)
                  00001732    00000004     startup_mspm0g3507_ticlang.o (.text.Reset_Handler)
                  00001736    00000004     libc.a : pre_init.c.obj (.text._system_pre_init)
                  0000173a    00000004            : exit.c.obj (.text:abort)
                  0000173e    00000002     --HOLE-- [fill = 0]

.cinit     0    00002358    00000030     
                  00002358    0000000c     (__TI_handler_table)
                  00002364    00000008     (.cinit..bss.load) [load image, compression = zero_init]
                  0000236c    00000008     (.cinit..data.load) [load image, compression = lzss]
                  00002374    00000010     (__TI_cinit_table)
                  00002384    00000004     --HOLE-- [fill = 0]

.rodata    0    00001740    00000c18     
                  00001740    00000378     main.o (.rodata.q3cases)
                  00001ab8    00000230     main.o (.rodata.q2cases)
                  00001ce8    000000e0     main.o (.rodata.q4cases)
                  00001dc8    00000058     main.o (.rodata.Scramble)
                  00001e20    0000004d     main.o (.rodata.str1.99111246168193324041)
                  00001e6d    0000003c     main.o (.rodata.str1.162533095548589688221)
                  00001ea9    0000003c     main.o (.rodata.str1.6117797260269918671)
                  00001ee5    00000037     main.o (.rodata.str1.66444207266452456401)
                  00001f1c    00000035     main.o (.rodata.str1.77016398417971879101)
                  00001f51    00000034     main.o (.rodata.str1.65324206505965622911)
                  00001f85    00000031     main.o (.rodata.str1.134023554918013473231)
                  00001fb6    00000031     main.o (.rodata.str1.66840473539710954921)
                  00001fe7    0000002f     main.o (.rodata.str1.76462422959706596191)
                  00002016    00000029     main.o (.rodata.str1.42969106790848045441)
                  0000203f    00000029     main.o (.rodata.str1.52501554851255701521)
                  00002068    00000029     main.o (.rodata.str1.55841430354152434161)
                  00002091    00000029     main.o (.rodata.str1.97993385775340092391)
                  000020ba    00000023     main.o (.rodata.str1.165254681365538338501)
                  000020dd    00000023     main.o (.rodata.str1.179975536754379042391)
                  00002100    00000023     main.o (.rodata.str1.60224765527551259011)
                  00002123    00000022     main.o (.rodata.str1.107132333266431924371)
                  00002145    00000022     main.o (.rodata.str1.17004867796668283931)
                  00002167    00000021     main.o (.rodata.str1.17141933821247617371)
                  00002188    00000021     main.o (.rodata.str1.81593080567723157351)
                  000021a9    00000021     main.o (.rodata.str1.88864587114646350841)
                  000021ca    0000001f     main.o (.rodata.str1.72376847439041299751)
                  000021e9    0000001b     main.o (.rodata.str1.55017464818642898751)
                  00002204    00000019     main.o (.rodata.str1.38955953061726499671)
                  0000221d    00000018     main.o (.rodata.str1.171135724027876188451)
                  00002235    00000016     main.o (.rodata.Key)
                  0000224b    00000016     main.o (.rodata.str1.112186460604720669321)
                  00002261    00000015     main.o (.rodata.str1.91885923779623514291)
                  00002276    00000011     main.o (.rodata.str1.151061411185031815721)
                  00002287    00000011     main.o (.rodata.str1.79551435545072341851)
                  00002298    00000011     main.o (.rodata.str1.954282607814150271)
                  000022a9    00000010     WWWWWExam2CPartWWWWW.o (.rodata.EID)
                  000022b9    0000000f     main.o (.rodata.str1.34270348415164438941)
                  000022c8    0000000d     main.o (.rodata.str1.130465181714164687731)
                  000022d5    0000000b     main.o (.rodata.str1.19581600218089604221)
                  000022e0    0000000b     main.o (.rodata.str1.69189412625334732771)
                  000022eb    0000000a     main.o (.rodata.str1.103839438932389472821)
                  000022f5    0000000a     main.o (.rodata.str1.47389027370924160151)
                  000022ff    00000009     main.o (.rodata.str1.176328792963337784071)
                  00002308    00000009     main.o (.rodata.str1.96696425805949040631)
                  00002311    00000008     main.o (.rodata.str1.160689995860730159981)
                  00002319    00000008     main.o (.rodata.str1.31872665017682117481)
                  00002321    00000008     main.o (.rodata.str1.84555903791196549931)
                  00002329    00000007     main.o (.rodata.str1.4636820371903881561)
                  00002330    00000006     main.o (.rodata.str1.101537300378815181031)
                  00002336    00000005     main.o (.rodata.str1.169425006640414195481)
                  0000233b    00000005     main.o (.rodata.str1.66576556518284861641)
                  00002340    00000004     main.o (.rodata.str1.171590253234040549591)
                  00002344    00000004     main.o (.rodata.str1.85911871632536913761)
                  00002348    00000004     main.o (.rodata.str1.96070790650749941891)
                  0000234c    00000003     main.o (.rodata.str1.40436246998192388711)
                  0000234f    00000003     main.o (.rodata.str1.42497688763012490891)
                  00002352    00000003     main.o (.rodata.str1.59473202433939028451)
                  00002355    00000003     --HOLE-- [fill = 0]

.init_array 
*          0    00000000    00000000     UNINITIALIZED

.binit     0    00000000    00000000     

.bss       0    20200000    00000140     UNINITIALIZED
                  20200000    00000080     (.common:buf4)
                  20200080    00000028     (.common:Q2_Answers)
                  202000a8    00000018     main.o (.bss.EncriptedMagicCode)
                  202000c0    00000018     main.o (.bss.MagicCode)
                  202000d8    00000018     (.common:Q3_Answers)
                  202000f0    00000010     (.common:Q1Rfinal)
                  20200100    00000010     (.common:Q1Rinit)
                  20200110    00000004     main.o (.bss.mask1)
                  20200114    00000004     main.o (.bss.msb1)
                  20200118    00000004     main.o (.bss.score3)
                  2020011c    00000004     main.o (.bss.score)
                  20200120    00000004     main.o (.bss.shift1)
                  20200124    00000004     (.common:False2)
                  20200128    00000004     (.common:M)
                  2020012c    00000004     (.common:Q1SPfinal)
                  20200130    00000004     (.common:Q1SPinit)
                  20200134    00000004     (.common:True2)
                  20200138    00000004     (.common:Version1)
                  2020013c    00000004     (.common:Version2)

.data      0    20200140    00000004     UNINITIALIZED
                  20200140    00000004     Clock.o (.data.BusFreq)

.stack     0    20207e00    00000200     UNINITIALIZED
                  20207e00    00000004     libc.a : boot_cortex_m.c.obj (.stack)
                  20207e04    000001fc     --HOLE--

__llvm_prf_cnts 
*          0    20200000    00000000     UNINITIALIZED

__llvm_prf_bits 
*          0    20200000    00000000     UNINITIALIZED

MODULE SUMMARY

       Module                         code   ro data   rw data
       ------                         ----   -------   -------
    ..\
       main.o                         3762   3077      320    
       Clock.o                        464    0         4      
       UARTbusywait.o                 276    0         0      
       UART.o                         202    0         0      
       LaunchPad.o                    188    0         0      
       Func.o                         108    0         0      
    +--+------------------------------+------+---------+---------+
       Total:                         5000   3077      324    
                                                              
    .\
       WWWWWExam2CPartWWWWW.o         238    16        0      
       WWWWWExam2ASMPartWWWWW.o       6      0         0      
    +--+------------------------------+------+---------+---------+
       Total:                         244    16        0      
                                                              
    .\ticlang\
       startup_mspm0g3507_ticlang.o   12     192       0      
    +--+------------------------------+------+---------+---------+
       Total:                         12     192       0      
                                                              
    C:\ti\ccs2000\ccs\tools\compiler\ti-cgt-armllvm_4.0.1.LTS\lib\armv6m-ti-none-eabi/c/libc.a
       strcmp-armv6m.S.obj            136    0         0      
       copy_decompress_lzss.c.obj     124    0         0      
       autoinit.c.obj                 60     0         0      
       boot_cortex_m.c.obj            40     0         0      
       copy_zero_init.c.obj           22     0         0      
       copy_decompress_none.c.obj     18     0         0      
       memcpy16.S.obj                 18     0         0      
       exit.c.obj                     4      0         0      
       pre_init.c.obj                 4      0         0      
    +--+------------------------------+------+---------+---------+
       Total:                         426    0         0      
                                                              
    C:\ti\ccs2000\ccs\tools\compiler\ti-cgt-armllvm_4.0.1.LTS\lib\armv6m-ti-none-eabi/libclang_rt.builtins.a
       aeabi_uidivmod.S.obj           64     0         0      
       aeabi_memcpy.S.obj             8      0         0      
       aeabi_div0.c.obj               2      0         0      
    +--+------------------------------+------+---------+---------+
       Total:                         74     0         0      
                                                              
       Stack:                         0      0         512    
       Linker Generated:              0      44        0      
    +--+------------------------------+------+---------+---------+
       Grand Total:                   5756   3329      836    


LINKER GENERATED COPY TABLES

__TI_cinit_table @ 00002374 records: 2, size/record: 8, table size: 16
	.bss: load addr=00002364, load size=00000008 bytes, run addr=20200000, run size=00000140 bytes, compression=zero_init
	.data: load addr=0000236c, load size=00000008 bytes, run addr=20200140, run size=00000004 bytes, compression=lzss


LINKER GENERATED HANDLER TABLE

__TI_handler_table @ 00002358 records: 3, size/record: 4, table size: 12
	index: 0, handler: __TI_decompress_lzss
	index: 1, handler: __TI_decompress_none
	index: 2, handler: __TI_zero_init


GLOBAL SYMBOLS: SORTED ALPHABETICALLY BY Name 

address   name                          
-------   ----                          
0000172b  ADC0_IRQHandler               
0000172b  ADC1_IRQHandler               
0000172b  AES_IRQHandler                
000014f9  ActivatePortA_B               
20200140  BusFreq                       
0000173a  C$$EXIT                       
0000172b  CANFD0_IRQHandler             
000016e7  Clock_Delay                   
00001235  Clock_Freq                    
00000a95  Clock_Init80MHz               
0000172b  DAC0_IRQHandler               
00001724  DAC4_Out                      
000013c8  DAC4_OutWrap                  
0000172b  DMA_IRQHandler                
0000172b  Default_Handler               
000022a9  EID                           
20200124  False2                        
00001707  FindMatch                     
0000172b  GROUP0_IRQHandler             
0000172b  GROUP1_IRQHandler             
0000172f  HardFault_Handler             
0000172b  I2C0_IRQHandler               
0000172b  I2C1_IRQHandler               
000012c9  LaunchPad_Init                
20200128  M                             
0000172b  NMI_Handler                   
00001691  OutTestCase                   
0000172b  PendSV_Handler                
202000f0  Q1Rfinal                      
20200100  Q1Rinit                       
2020012c  Q1SPfinal                     
20200130  Q1SPinit                      
000000c1  Q1_Test                       
20200080  Q2_Answers                    
0000088d  Q2_Test                       
202000d8  Q3_Answers                    
00000c49  Q3_Test                       
00000505  Q4_Test                       
0000172b  RTC_IRQHandler                
00001671  Random32                      
00001711  Random4                       
00001733  Reset_Handler                 
00001726  Rotate                        
000013f6  RotateWrap                    
0000172b  SPI0_IRQHandler               
0000172b  SPI1_IRQHandler               
0000172b  SVC_Handler                   
000010e1  StrCompare                    
0000172b  SysTick_Handler               
0000172b  TIMA0_IRQHandler              
0000172b  TIMA1_IRQHandler              
0000172b  TIMG0_IRQHandler              
0000172b  TIMG12_IRQHandler             
0000172b  TIMG6_IRQHandler              
0000172b  TIMG7_IRQHandler              
0000172b  TIMG8_IRQHandler              
000016c3  TI_memcpy_small               
20200134  True2                         
0000172b  UART0_IRQHandler              
0000172b  UART1_IRQHandler              
0000172b  UART2_IRQHandler              
0000172b  UART3_IRQHandler              
00000ff9  UART_Init                     
000016f7  UART_OutCRLF                  
000015d1  UART_OutChar                  
00001625  UART_OutSDec                  
0000164b  UART_OutString                
00001531  UART_OutUDec                  
00001435  UART_OutUHex                  
20200138  Version1                      
2020013c  Version2                      
20208000  __STACK_END                   
00000200  __STACK_SIZE                  
00000000  __TI_ATRegion0_region_sz      
00000000  __TI_ATRegion0_src_addr       
00000000  __TI_ATRegion0_trg_addr       
00000000  __TI_ATRegion1_region_sz      
00000000  __TI_ATRegion1_src_addr       
00000000  __TI_ATRegion1_trg_addr       
00000000  __TI_ATRegion2_region_sz      
00000000  __TI_ATRegion2_src_addr       
00000000  __TI_ATRegion2_trg_addr       
00002374  __TI_CINIT_Base               
00002384  __TI_CINIT_Limit              
00002384  __TI_CINIT_Warm               
00002358  __TI_Handler_Table_Base       
00002364  __TI_Handler_Table_Limit      
000014bd  __TI_auto_init_nobinit_nopinit
0000134d  __TI_decompress_lzss          
000016d5  __TI_decompress_none          
ffffffff  __TI_pprof_out_hndl           
ffffffff  __TI_prof_data_size           
ffffffff  __TI_prof_data_start          
00000000  __TI_static_base__            
000016ad  __TI_zero_init_nomemset       
000015cf  __aeabi_idiv0                 
0000171d  __aeabi_memcpy                
0000171d  __aeabi_memcpy4               
0000171d  __aeabi_memcpy8               
0000147d  __aeabi_uidiv                 
0000147d  __aeabi_uidivmod              
ffffffff  __binit__                     
UNDEFED   __mpu_init                    
20207e00  __stack                       
20200000  __start___llvm_prf_bits       
20200000  __start___llvm_prf_cnts       
20200000  __stop___llvm_prf_bits        
20200000  __stop___llvm_prf_cnts        
000015fd  _c_int00_noargs               
UNDEFED   _system_post_cinit            
00001737  _system_pre_init              
0000173b  abort                         
ffffffff  binit                         
20200000  buf4                          
00000000  interruptVectors              
00000db9  main                          
00001ab8  q2cases                       
00001740  q3cases                       
00001ce8  q4cases                       
00001567  setUpper                      
00001241  strcmp                        
0000159b  upper                         


GLOBAL SYMBOLS: SORTED BY Symbol Address 

address   name                          
-------   ----                          
00000000  __TI_ATRegion0_region_sz      
00000000  __TI_ATRegion0_src_addr       
00000000  __TI_ATRegion0_trg_addr       
00000000  __TI_ATRegion1_region_sz      
00000000  __TI_ATRegion1_src_addr       
00000000  __TI_ATRegion1_trg_addr       
00000000  __TI_ATRegion2_region_sz      
00000000  __TI_ATRegion2_src_addr       
00000000  __TI_ATRegion2_trg_addr       
00000000  __TI_static_base__            
00000000  interruptVectors              
000000c1  Q1_Test                       
00000200  __STACK_SIZE                  
00000505  Q4_Test                       
0000088d  Q2_Test                       
00000a95  Clock_Init80MHz               
00000c49  Q3_Test                       
00000db9  main                          
00000ff9  UART_Init                     
000010e1  StrCompare                    
00001235  Clock_Freq                    
00001241  strcmp                        
000012c9  LaunchPad_Init                
0000134d  __TI_decompress_lzss          
000013c8  DAC4_OutWrap                  
000013f6  RotateWrap                    
00001435  UART_OutUHex                  
0000147d  __aeabi_uidiv                 
0000147d  __aeabi_uidivmod              
000014bd  __TI_auto_init_nobinit_nopinit
000014f9  ActivatePortA_B               
00001531  UART_OutUDec                  
00001567  setUpper                      
0000159b  upper                         
000015cf  __aeabi_idiv0                 
000015d1  UART_OutChar                  
000015fd  _c_int00_noargs               
00001625  UART_OutSDec                  
0000164b  UART_OutString                
00001671  Random32                      
00001691  OutTestCase                   
000016ad  __TI_zero_init_nomemset       
000016c3  TI_memcpy_small               
000016d5  __TI_decompress_none          
000016e7  Clock_Delay                   
000016f7  UART_OutCRLF                  
00001707  FindMatch                     
00001711  Random4                       
0000171d  __aeabi_memcpy                
0000171d  __aeabi_memcpy4               
0000171d  __aeabi_memcpy8               
00001724  DAC4_Out                      
00001726  Rotate                        
0000172b  ADC0_IRQHandler               
0000172b  ADC1_IRQHandler               
0000172b  AES_IRQHandler                
0000172b  CANFD0_IRQHandler             
0000172b  DAC0_IRQHandler               
0000172b  DMA_IRQHandler                
0000172b  Default_Handler               
0000172b  GROUP0_IRQHandler             
0000172b  GROUP1_IRQHandler             
0000172b  I2C0_IRQHandler               
0000172b  I2C1_IRQHandler               
0000172b  NMI_Handler                   
0000172b  PendSV_Handler                
0000172b  RTC_IRQHandler                
0000172b  SPI0_IRQHandler               
0000172b  SPI1_IRQHandler               
0000172b  SVC_Handler                   
0000172b  SysTick_Handler               
0000172b  TIMA0_IRQHandler              
0000172b  TIMA1_IRQHandler              
0000172b  TIMG0_IRQHandler              
0000172b  TIMG12_IRQHandler             
0000172b  TIMG6_IRQHandler              
0000172b  TIMG7_IRQHandler              
0000172b  TIMG8_IRQHandler              
0000172b  UART0_IRQHandler              
0000172b  UART1_IRQHandler              
0000172b  UART2_IRQHandler              
0000172b  UART3_IRQHandler              
0000172f  HardFault_Handler             
00001733  Reset_Handler                 
00001737  _system_pre_init              
0000173a  C$$EXIT                       
0000173b  abort                         
00001740  q3cases                       
00001ab8  q2cases                       
00001ce8  q4cases                       
000022a9  EID                           
00002358  __TI_Handler_Table_Base       
00002364  __TI_Handler_Table_Limit      
00002374  __TI_CINIT_Base               
00002384  __TI_CINIT_Limit              
00002384  __TI_CINIT_Warm               
20200000  __start___llvm_prf_bits       
20200000  __start___llvm_prf_cnts       
20200000  __stop___llvm_prf_bits        
20200000  __stop___llvm_prf_cnts        
20200000  buf4                          
20200080  Q2_Answers                    
202000d8  Q3_Answers                    
202000f0  Q1Rfinal                      
20200100  Q1Rinit                       
20200124  False2                        
20200128  M                             
2020012c  Q1SPfinal                     
20200130  Q1SPinit                      
20200134  True2                         
20200138  Version1                      
2020013c  Version2                      
20200140  BusFreq                       
20207e00  __stack                       
20208000  __STACK_END                   
ffffffff  __TI_pprof_out_hndl           
ffffffff  __TI_prof_data_size           
ffffffff  __TI_prof_data_start          
ffffffff  __binit__                     
ffffffff  binit                         
UNDEFED   __mpu_init                    
UNDEFED   _system_post_cinit            

[122 symbols]
