******************************************************************************
            TI ARM Clang Linker PC v4.0.1                      
******************************************************************************
>> Linked Mon Mar 24 10:29:58 2025

OUTPUT FILE NAME:   <ScratchAsm.out>
ENTRY POINT SYMBOL: "_c_int00_noargs"  address: 000001a1


MEMORY CONFIGURATION

         name            origin    length      used     unused   attr    fill
----------------------  --------  ---------  --------  --------  ----  --------
  FLASH                 00000000   00020000  00000268  0001fd98  R  X
  SRAM                  20200000   00008000  00000216  00007dea  RW X
  BCR_CONFIG            41c00000   00000080  00000000  00000080  R   
  BSL_CONFIG            41c00100   00000080  00000000  00000080  R   


SEGMENT ALLOCATION MAP

run origin  load origin   length   init length attrs members
----------  ----------- ---------- ----------- ----- -------
00000000    00000000    00000268   00000268    r-x
  00000000    00000000    000000c0   000000c0    r-- .intvecs
  000000c0    000000c0    00000178   00000178    r-x .text
  00000238    00000238    00000030   00000030    r-- .cinit
20200000    20200000    00000016   00000000    rw-
  20200000    20200000    00000016   00000000    rw- .data
20207e00    20207e00    00000200   00000000    rw-
  20207e00    20207e00    00000200   00000000    rw- .stack


SECTION ALLOCATION MAP

 output                                  attributes/
section   page    origin      length       input sections
--------  ----  ----------  ----------   ----------------
.intvecs   0    00000000    000000c0     
                  00000000    000000c0     startup_mspm0g3507_ticlang.o (.intvecs)

.text      0    000000c0    00000178     
                  000000c0    0000007c     libc.a : copy_decompress_lzss.c.obj (.text:decompress:lzss)
                  0000013c    0000003c            : autoinit.c.obj (.text:__TI_auto_init_nobinit_nopinit)
                  00000178    00000028     Scratch copy.o (.text)
                  000001a0    00000028     libc.a : boot_cortex_m.c.obj (.text:_c_int00_noargs)
                  000001c8    0000001c     startup_mspm0g3507_ticlang.o (.text.Default_Handler)
                  000001e4    0000001c     startup_mspm0g3507_ticlang.o (.text.HardFault_Handler)
                  00000200    00000012     libc.a : memcpy16.S.obj (.text:TI_memcpy_small)
                  00000212    00000012            : copy_decompress_none.c.obj (.text:decompress:none)
                  00000224    00000008     libclang_rt.builtins.a : aeabi_memcpy.S.obj (.text.__aeabi_memcpy)
                  0000022c    00000004     startup_mspm0g3507_ticlang.o (.text.Reset_Handler)
                  00000230    00000004     libc.a : pre_init.c.obj (.text._system_pre_init)
                  00000234    00000004            : exit.c.obj (.text:abort)

.cinit     0    00000238    00000030     
                  00000238    0000001c     (.cinit..data.load) [load image, compression = lzss]
                  00000254    00000008     (__TI_handler_table)
                  0000025c    00000008     (__TI_cinit_table)
                  00000264    00000004     --HOLE-- [fill = 0]

.init_array 
*          0    00000000    00000000     UNINITIALIZED

.binit     0    00000000    00000000     

.data      0    20200000    00000016     UNINITIALIZED
                  20200000    00000016     Scratch copy.o (.data)

.stack     0    20207e00    00000200     UNINITIALIZED
                  20207e00    00000004     libc.a : boot_cortex_m.c.obj (.stack)
                  20207e04    000001fc     --HOLE--

__llvm_prf_cnts 
*          0    20200000    00000000     UNINITIALIZED

__llvm_prf_bits 
*          0    20200000    00000000     UNINITIALIZED

MODULE SUMMARY

       Module                         code   ro data   rw data
       ------                         ----   -------   -------
    .\
       Scratch copy.o                 40     0         22     
    +--+------------------------------+------+---------+---------+
       Total:                         40     0         22     
                                                              
    .\ticlang\
       startup_mspm0g3507_ticlang.o   60     192       0      
    +--+------------------------------+------+---------+---------+
       Total:                         60     192       0      
                                                              
    C:\ti\ccs2000\ccs\tools\compiler\ti-cgt-armllvm_4.0.1.LTS\lib\armv6m-ti-none-eabi/c/libc.a
       copy_decompress_lzss.c.obj     124    0         0      
       autoinit.c.obj                 60     0         0      
       boot_cortex_m.c.obj            40     0         0      
       copy_decompress_none.c.obj     18     0         0      
       memcpy16.S.obj                 18     0         0      
       exit.c.obj                     4      0         0      
       pre_init.c.obj                 4      0         0      
    +--+------------------------------+------+---------+---------+
       Total:                         268    0         0      
                                                              
    C:\ti\ccs2000\ccs\tools\compiler\ti-cgt-armllvm_4.0.1.LTS\lib\armv6m-ti-none-eabi/libclang_rt.builtins.a
       aeabi_memcpy.S.obj             8      0         0      
    +--+------------------------------+------+---------+---------+
       Total:                         8      0         0      
                                                              
       Stack:                         0      0         512    
       Linker Generated:              0      44        0      
    +--+------------------------------+------+---------+---------+
       Grand Total:                   376    236       534    


LINKER GENERATED COPY TABLES

__TI_cinit_table @ 0000025c records: 1, size/record: 8, table size: 8
	.data: load addr=00000238, load size=0000001c bytes, run addr=20200000, run size=00000016 bytes, compression=lzss


LINKER GENERATED HANDLER TABLE

__TI_handler_table @ 00000254 records: 2, size/record: 4, table size: 8
	index: 0, handler: __TI_decompress_lzss
	index: 1, handler: __TI_decompress_none


GLOBAL SYMBOLS: SORTED ALPHABETICALLY BY Name 

address   name                          
-------   ----                          
000001c9  ADC0_IRQHandler               
000001c9  ADC1_IRQHandler               
000001c9  AES_IRQHandler                
00000234  C$$EXIT                       
000001c9  CANFD0_IRQHandler             
000001c9  DAC0_IRQHandler               
000001c9  DMA_IRQHandler                
000001c9  Default_Handler               
000001c9  GROUP0_IRQHandler             
000001c9  GROUP1_IRQHandler             
000001e5  HardFault_Handler             
000001c9  I2C0_IRQHandler               
000001c9  I2C1_IRQHandler               
000001c9  NMI_Handler                   
000001c9  PendSV_Handler                
000001c9  RTC_IRQHandler                
0000022d  Reset_Handler                 
000001c9  SPI0_IRQHandler               
000001c9  SPI1_IRQHandler               
000001c9  SVC_Handler                   
000001c9  SysTick_Handler               
000001c9  TIMA0_IRQHandler              
000001c9  TIMA1_IRQHandler              
000001c9  TIMG0_IRQHandler              
000001c9  TIMG12_IRQHandler             
000001c9  TIMG6_IRQHandler              
000001c9  TIMG7_IRQHandler              
000001c9  TIMG8_IRQHandler              
00000201  TI_memcpy_small               
000001c9  UART0_IRQHandler              
000001c9  UART1_IRQHandler              
000001c9  UART2_IRQHandler              
000001c9  UART3_IRQHandler              
20208000  __STACK_END                   
00000200  __STACK_SIZE                  
00000000  __TI_ATRegion0_region_sz      
00000000  __TI_ATRegion0_src_addr       
00000000  __TI_ATRegion0_trg_addr       
00000000  __TI_ATRegion1_region_sz      
00000000  __TI_ATRegion1_src_addr       
00000000  __TI_ATRegion1_trg_addr       
00000000  __TI_ATRegion2_region_sz      
00000000  __TI_ATRegion2_src_addr       
00000000  __TI_ATRegion2_trg_addr       
0000025c  __TI_CINIT_Base               
00000264  __TI_CINIT_Limit              
00000264  __TI_CINIT_Warm               
00000254  __TI_Handler_Table_Base       
0000025c  __TI_Handler_Table_Limit      
0000013d  __TI_auto_init_nobinit_nopinit
000000c1  __TI_decompress_lzss          
00000213  __TI_decompress_none          
ffffffff  __TI_pprof_out_hndl           
ffffffff  __TI_prof_data_size           
ffffffff  __TI_prof_data_start          
00000000  __TI_static_base__            
00000225  __aeabi_memcpy                
00000225  __aeabi_memcpy4               
00000225  __aeabi_memcpy8               
ffffffff  __binit__                     
UNDEFED   __mpu_init                    
20207e00  __stack                       
20200000  __start___llvm_prf_bits       
20200000  __start___llvm_prf_cnts       
20200000  __stop___llvm_prf_bits        
20200000  __stop___llvm_prf_cnts        
000001a1  _c_int00_noargs               
UNDEFED   _system_post_cinit            
00000231  _system_pre_init              
00000235  abort                         
ffffffff  binit                         
00000000  interruptVectors              
00000178  main                          


GLOBAL SYMBOLS: SORTED BY Symbol Address 

address   name                          
-------   ----                          
00000000  __TI_ATRegion0_region_sz      
00000000  __TI_ATRegion0_src_addr       
00000000  __TI_ATRegion0_trg_addr       
00000000  __TI_ATRegion1_region_sz      
00000000  __TI_ATRegion1_src_addr       
00000000  __TI_ATRegion1_trg_addr       
00000000  __TI_ATRegion2_region_sz      
00000000  __TI_ATRegion2_src_addr       
00000000  __TI_ATRegion2_trg_addr       
00000000  __TI_static_base__            
00000000  interruptVectors              
000000c1  __TI_decompress_lzss          
0000013d  __TI_auto_init_nobinit_nopinit
00000178  main                          
000001a1  _c_int00_noargs               
000001c9  ADC0_IRQHandler               
000001c9  ADC1_IRQHandler               
000001c9  AES_IRQHandler                
000001c9  CANFD0_IRQHandler             
000001c9  DAC0_IRQHandler               
000001c9  DMA_IRQHandler                
000001c9  Default_Handler               
000001c9  GROUP0_IRQHandler             
000001c9  GROUP1_IRQHandler             
000001c9  I2C0_IRQHandler               
000001c9  I2C1_IRQHandler               
000001c9  NMI_Handler                   
000001c9  PendSV_Handler                
000001c9  RTC_IRQHandler                
000001c9  SPI0_IRQHandler               
000001c9  SPI1_IRQHandler               
000001c9  SVC_Handler                   
000001c9  SysTick_Handler               
000001c9  TIMA0_IRQHandler              
000001c9  TIMA1_IRQHandler              
000001c9  TIMG0_IRQHandler              
000001c9  TIMG12_IRQHandler             
000001c9  TIMG6_IRQHandler              
000001c9  TIMG7_IRQHandler              
000001c9  TIMG8_IRQHandler              
000001c9  UART0_IRQHandler              
000001c9  UART1_IRQHandler              
000001c9  UART2_IRQHandler              
000001c9  UART3_IRQHandler              
000001e5  HardFault_Handler             
00000200  __STACK_SIZE                  
00000201  TI_memcpy_small               
00000213  __TI_decompress_none          
00000225  __aeabi_memcpy                
00000225  __aeabi_memcpy4               
00000225  __aeabi_memcpy8               
0000022d  Reset_Handler                 
00000231  _system_pre_init              
00000234  C$$EXIT                       
00000235  abort                         
00000254  __TI_Handler_Table_Base       
0000025c  __TI_CINIT_Base               
0000025c  __TI_Handler_Table_Limit      
00000264  __TI_CINIT_Limit              
00000264  __TI_CINIT_Warm               
20200000  __start___llvm_prf_bits       
20200000  __start___llvm_prf_cnts       
20200000  __stop___llvm_prf_bits        
20200000  __stop___llvm_prf_cnts        
20207e00  __stack                       
20208000  __STACK_END                   
ffffffff  __TI_pprof_out_hndl           
ffffffff  __TI_prof_data_size           
ffffffff  __TI_prof_data_start          
ffffffff  __binit__                     
ffffffff  binit                         
UNDEFED   __mpu_init                    
UNDEFED   _system_post_cinit            

[73 symbols]
