******************************************************************************
            TI ARM Clang Linker PC v4.0.1                      
******************************************************************************
>> Linked Mon Mar 24 13:44:26 2025

OUTPUT FILE NAME:   <Fall2021.out>
ENTRY POINT SYMBOL: "_c_int00_noargs"  address: 000029c9


MEMORY CONFIGURATION

         name            origin    length      used     unused   attr    fill
----------------------  --------  ---------  --------  --------  ----  --------
  FLASH                 00000000   00020000  00003588  0001ca78  R  X
  SRAM                  20200000   00008000  00000acd  00007533  RW X
  BCR_CONFIG            41c00000   00000080  00000000  00000080  R   
  BSL_CONFIG            41c00100   00000080  00000000  00000080  R   


SEGMENT ALLOCATION MAP

run origin  load origin   length   init length attrs members
----------  ----------- ---------- ----------- ----- -------
00000000    00000000    00003588   00003588    r-x
  00000000    00000000    000000c0   000000c0    r-- .intvecs
  000000c0    000000c0    00002b40   00002b40    r-x .text
  00002c00    00002c00    000008f8   000008f8    r-- .rodata
  000034f8    000034f8    00000090   00000090    r-- .cinit
20200000    20200000    000008d1   00000000    rw-
  20200000    20200000    000004ec   00000000    rw- .bss
  202004f0    202004f0    00000200   00000000    rw- .sysmem
  202006f0    202006f0    000001e1   00000000    rw- .data
20207e00    20207e00    00000200   00000000    rw-
  20207e00    20207e00    00000200   00000000    rw- .stack


SECTION ALLOCATION MAP

 output                                  attributes/
section   page    origin      length       input sections
--------  ----  ----------  ----------   ----------------
.intvecs   0    00000000    000000c0     
                  00000000    000000c0     startup_mspm0g3507_ticlang.o (.intvecs)

.text      0    000000c0    00002b40     
                  000000c0    00000788     main.o (.text.main)
                  00000848    0000024c     main.o (.text.Test1_16)
                  00000a94    0000023c     main.o (.text.Test1_8)
                  00000cd0    0000021c     main.o (.text.Test1_32)
                  00000eec    000001b4     Clock.o (.text.Clock_Init80MHz)
                  000010a0    00000154     libc.a : fopen.c.obj (.text._openfile)
                  000011f4    00000118     main.o (.text.SetGrade)
                  0000130c    00000114     libc.a : memory.c.obj (.text.aligned_alloc)
                  00001420    000000ec     libsysbm.a : add_device.c.obj (.text.add_device)
                  0000150c    000000e8     UARTbusywait.o (.text.UART_Init)
                  000015f4    000000e8     libc.a : memory.c.obj (.text.free)
                  000016dc    000000e0            : setvbuf.c.obj (.text.setvbuf)
                  000017bc    000000c8     main.o (.text.MakeActiveSol)
                  00001884    000000c8     main.o (.text.ShowInput3)
                  0000194c    000000ac     main.o (.text.ShowInput3b)
                  000019f8    000000a8     main.o (.text.q1_16)
                  00001aa0    000000a4     main.o (.text.Encrypt)
                  00001b44    000000a0     libsysbm.a : open.c.obj (.text.open)
                  00001be4    0000009e     main.o (.text.q1_8)
                  00001c82    00000002     libclang_rt.builtins.a : aeabi_div0.c.obj (.text.__aeabi_idiv0)
                  00001c84    00000098     main.o (.text.q1_32)
                  00001d1c    00000094     UART.o (.text.UART_InitPrintf)
                  00001db0    00000088     libc.a : strcmp-armv6m.S.obj (.text:strcmp)
                  00001e38    00000084     LaunchPad.o (.text.LaunchPad_Init)
                  00001ebc    0000007c     libc.a : fclose.c.obj (.text.__TI_closefile)
                  00001f38    0000007c            : copy_decompress_lzss.c.obj (.text:decompress:lzss)
                  00001fb4    00000074     main.o (.text.OverlapSol)
                  00002028    00000074     main.o (.text.ShowInput2)
                  0000209c    0000006c     libsysbm.a : hostlseek.c.obj (.text.HOSTlseek)
                  00002108    0000006c                : hostrename.c.obj (.text.HOSTrename)
                  00002174    0000006c     libc.a : getdevice.c.obj (.text.getdevice)
                  000021e0    00000064            : memory.c.obj (.text.split)
                  00002244    00000060     libsysbm.a : hostopen.c.obj (.text.HOSTopen)
                  000022a4    0000005c     main.o (.text.ShowInput1_16)
                  00002300    0000005c     main.o (.text.ShowInput1_32)
                  0000235c    0000005c     main.o (.text.TouchSol)
                  000023b8    00000058     libsysbm.a : hostread.c.obj (.text.HOSTread)
                  00002410    00000058                : hostwrite.c.obj (.text.HOSTwrite)
                  00002468    00000058     main.o (.text.ShowInput1_8)
                  000024c0    00000052     libc.a : fflush.c.obj (.text.__TI_doflush)
                  00002512    00000002            : _lock.c.obj (.text._nop)
                  00002514    00000050     libsysbm.a : close.c.obj (.text.close)
                  00002564    00000048                : hostclose.c.obj (.text.HOSTclose)
                  000025ac    00000048                : hostunlink.c.obj (.text.HOSTunlink)
                  000025f4    00000040     libclang_rt.builtins.a : aeabi_uidivmod.S.obj (.text.__aeabi_uidivmod)
                  00002634    00000040     libc.a : fopen.c.obj (.text._search_fp)
                  00002674    0000003c            : autoinit.c.obj (.text:__TI_auto_init_nobinit_nopinit)
                  000026b0    00000038     LaunchPad.o (.text.ActivatePortA_B)
                  000026e8    00000036     UART.o (.text.UART_OutUDec)
                  0000271e    00000002     --HOLE-- [fill = 0]
                  00002720    00000034     libc.a : fopen.c.obj (.text.__TI_cleanup)
                  00002754    00000034     libsysbm.a : trgmsg.c.obj (.text.__TI_readmsg)
                  00002788    00000034                : trgmsg.c.obj (.text.__TI_writemsg)
                  000027bc    00000034     libc.a : exit.c.obj (.text.exit)
                  000027f0    00000034            : getdevice.c.obj (.text.finddevice)
                  00002824    00000034            : fopen.c.obj (.text.freopen)
                  00002858    00000034     main.o (.text.setUpper)
                  0000288c    00000034     UART.o (.text.uart_write)
                  000028c0    00000030     libc.a : fopen.c.obj (.text.fopen)
                  000028f0    0000002e     Exam2CPart.o (.text.Question2)
                  0000291e    00000002     --HOLE-- [fill = 0]
                  00002920    0000002c     UARTbusywait.o (.text.UART_OutChar)
                  0000294c    0000002c     libsysbm.a : unlink.c.obj (.text.unlink)
                  00002978    00000028     libc.a : memory.c.obj (.text.free_list_insert)
                  000029a0    00000028     libsysbm.a : write.c.obj (.text.write)
                  000029c8    00000028     libc.a : boot_cortex_m.c.obj (.text:_c_int00_noargs)
                  000029f0    00000026     UART.o (.text.UART_OutSDec)
                  00002a16    00000026     UART.o (.text.UART_OutString)
                  00002a3c    00000026     UART.o (.text.uart_read)
                  00002a62    00000002     --HOLE-- [fill = 0]
                  00002a64    00000020     main.o (.text.Random32)
                  00002a84    00000020     UARTbusywait.o (.text.UART_InChar)
                  00002aa4    0000001c     libc.a : memory.c.obj (.text.free_list_remove)
                  00002ac0    00000018     main.o (.text.Random)
                  00002ad8    00000014     UART.o (.text.uart_open)
                  00002aec    00000012     libc.a : memcpy16.S.obj (.text:TI_memcpy_small)
                  00002afe    00000012            : copy_decompress_none.c.obj (.text:decompress:none)
                  00002b10    00000010     Clock.o (.text.Clock_Delay)
                  00002b20    00000010     main.o (.text.UART_OutCRLF)
                  00002b30    00000010     libc.a : copy_zero_init.c.obj (.text:decompress:ZI)
                  00002b40    0000000e            : memory.c.obj (.text.OUTLINED_FUNCTION_0)
                  00002b4e    0000000e     libsysbm.a : hostrename.c.obj (.text.strcpy)
                  00002b5c    0000000e                : hostrename.c.obj (.text.strlen)
                  00002b6a    0000000e     UART.o (.text.uart_lseek)
                  00002b78    0000000e     libc.a : memset16.S.obj (.text:TI_memset_small)
                  00002b86    00000002     --HOLE-- [fill = 0]
                  00002b88    0000000c     Clock.o (.text.Clock_Freq)
                  00002b94    0000000c     Exam2CPart.o (.text.MakeActive)
                  00002ba0    0000000c     libclang_rt.builtins.a : aeabi_memset.S.obj (.text.__aeabi_memclr)
                  00002bac    0000000c     libc.a : memory.c.obj (.text.malloc)
                  00002bb8    0000000c     UART.o (.text.uart_rename)
                  00002bc4    0000000a     UART.o (.text.uart_close)
                  00002bce    0000000a     UART.o (.text.uart_unlink)
                  00002bd8    00000008     libclang_rt.builtins.a : aeabi_memcpy.S.obj (.text.__aeabi_memcpy)
                  00002be0    00000008     libsysbm.a : remove.c.obj (.text.remove)
                  00002be8    00000004     startup_mspm0g3507_ticlang.o (.text.Default_Handler)
                  00002bec    00000004     startup_mspm0g3507_ticlang.o (.text.Reset_Handler)
                  00002bf0    00000004     libc.a : pre_init.c.obj (.text._system_pre_init)
                  00002bf4    00000004     Exam2ASMPart.o (.text)
                  00002bf8    00000004     libc.a : exit.c.obj (.text:abort)
                  00002bfc    00000004     --HOLE-- [fill = 0]

.cinit     0    000034f8    00000090     
                  000034f8    00000069     (.cinit..data.load) [load image, compression = lzss]
                  00003561    00000003     --HOLE-- [fill = 0]
                  00003564    0000000c     (__TI_handler_table)
                  00003570    00000008     (.cinit..bss.load) [load image, compression = zero_init]
                  00003578    00000010     (__TI_cinit_table)

.rodata    0    00002c00    000008f8     
                  00002c00    00000220     main.o (.rodata.str1.1)
                  00002e20    000001b0     main.o (.rodata.Tests2)
                  00002fd0    00000168     main.o (.rodata.Tests3)
                  00003138    00000104     main.o (.rodata.Tests1)
                  0000323c    000000f0     main.o (.rodata.Q1Problem)
                  0000332c    000000a0     main.o (.rodata.Q2Problem)
                  000033cc    000000a0     main.o (.rodata.Q2Test)
                  0000346c    00000058     main.o (.rodata.Scramble)
                  000034c4    00000016     main.o (.rodata.Key)
                  000034da    0000000d     UART.o (.rodata.str1.1)
                  000034e7    0000000a     Exam2CPart.o (.rodata.EID)
                  000034f1    00000007     --HOLE-- [fill = 0]

.init_array 
*          0    00000000    00000000     UNINITIALIZED

.binit     0    00000000    00000000     

.bss       0    20200000    000004ec     UNINITIALIZED
                  20200000    00000120     libsysbm.a : trgmsg.c.obj (.bss:_CIOBUF_)
                  20200120    000000a0     libc.a : defs.c.obj (.bss.__TI_tmpnams)
                  202001c0    000000a0     (.common:Fleet3Correct)
                  20200260    000000a0     (.common:Fleet3Input)
                  20200300    000000a0     (.common:Fleet3Test)
                  202003a0    00000060     (.common:answers2)
                  20200400    00000050     (.common:answers1)
                  20200450    00000030     (.common:Q1input32)
                  20200480    00000018     main.o (.bss.EncriptedMagicCode)
                  20200498    00000018     main.o (.bss.MagicCode)
                  202004b0    00000018     (.common:Q1input16)
                  202004c8    0000000c     (.common:Q1input8)
                  202004d4    00000008     libsysbm.a : hostopen.c.obj (.bss.parmbuf)
                  202004dc    00000004     main.o (.bss.score2)
                  202004e0    00000004     main.o (.bss.score)
                  202004e4    00000004     libc.a : memory.c.obj (.bss.sys_free)
                  202004e8    00000004     (.common:M)

.sysmem    0    202004f0    00000200     UNINITIALIZED
                  202004f0    00000010     libc.a : memory.c.obj (.sysmem)
                  20200500    000001f0     --HOLE--

.data      0    202006f0    000001e1     UNINITIALIZED
                  202006f0    000000f0     libc.a : defs.c.obj (.data._ftable)
                  202007e0    00000078     libsysbm.a : host_device.c.obj (.data._device)
                  20200858    00000050                : host_device.c.obj (.data._stream)
                  202008a8    00000008     libc.a : exit.c.obj (.data..L_MergedGlobals)
                  202008b0    00000004     Clock.o (.data.BusFreq)
                  202008b4    00000004     main.o (.data.Q1Mode)
                  202008b8    00000004     main.o (.data.Q2Mode)
                  202008bc    00000004     libc.a : defs.c.obj (.data.__TI_ft_end)
                  202008c0    00000004            : _lock.c.obj (.data._lock)
                  202008c4    00000004            : _lock.c.obj (.data._unlock)
                  202008c8    00000001     libsysbm.a : add_device.c.obj (.data.add_device.device_init)
                  202008c9    00000003     --HOLE--
                  202008cc    00000001     libc.a : memory.c.obj (.data.memory_is_initialized)
                  202008cd    00000003     --HOLE--
                  202008d0    00000001     libsysbm.a : open.c.obj (.data.open.stream_init)

.stack     0    20207e00    00000200     UNINITIALIZED
                  20207e00    00000004     libc.a : boot_cortex_m.c.obj (.stack)
                  20207e04    000001fc     --HOLE--

__llvm_prf_cnts 
*          0    20200000    00000000     UNINITIALIZED

__llvm_prf_bits 
*          0    20200000    00000000     UNINITIALIZED

MODULE SUMMARY

       Module                         code    ro data   rw data
       ------                         ----    -------   -------
    ..\
       main.o                         5842    2266      808    
       Clock.o                        464     0         4      
       UART.o                         434     13        0      
       UARTbusywait.o                 308     0         0      
       LaunchPad.o                    188     0         0      
    +--+------------------------------+-------+---------+---------+
       Total:                         7236    2279      812    
                                                               
    .\
       Exam2CPart.o                   58      10        0      
       Exam2ASMPart.o                 4       0         0      
    +--+------------------------------+-------+---------+---------+
       Total:                         62      10        0      
                                                               
    .\ticlang\
       startup_mspm0g3507_ticlang.o   8       192       0      
    +--+------------------------------+-------+---------+---------+
       Total:                         8       192       0      
                                                               
    C:\ti\ccs2000\ccs\tools\compiler\ti-cgt-armllvm_4.0.1.LTS\lib\armv6m-ti-none-eabi/c/libc.a
       memory.c.obj                   702     0         5      
       fopen.c.obj                    556     0         0      
       defs.c.obj                     0       0         404    
       setvbuf.c.obj                  224     0         0      
       getdevice.c.obj                160     0         0      
       strcmp-armv6m.S.obj            136     0         0      
       copy_decompress_lzss.c.obj     124     0         0      
       fclose.c.obj                   124     0         0      
       fflush.c.obj                   82      0         0      
       exit.c.obj                     56      0         8      
       autoinit.c.obj                 60      0         0      
       boot_cortex_m.c.obj            40      0         0      
       copy_decompress_none.c.obj     18      0         0      
       memcpy16.S.obj                 18      0         0      
       copy_zero_init.c.obj           16      0         0      
       memset16.S.obj                 14      0         0      
       _lock.c.obj                    2       0         8      
       pre_init.c.obj                 4       0         0      
    +--+------------------------------+-------+---------+---------+
       Total:                         2336    0         425    
                                                               
    C:\ti\ccs2000\ccs\tools\compiler\ti-cgt-armllvm_4.0.1.LTS\lib\armv6m-ti-none-eabi/c/libsysbm.a
       trgmsg.c.obj                   104     0         288    
       add_device.c.obj               236     0         1      
       host_device.c.obj              0       0         200    
       open.c.obj                     160     0         1      
       hostrename.c.obj               136     0         0      
       hostlseek.c.obj                108     0         0      
       hostopen.c.obj                 96      0         8      
       hostread.c.obj                 88      0         0      
       hostwrite.c.obj                88      0         0      
       close.c.obj                    80      0         0      
       hostclose.c.obj                72      0         0      
       hostunlink.c.obj               72      0         0      
       unlink.c.obj                   44      0         0      
       write.c.obj                    40      0         0      
       remove.c.obj                   8       0         0      
    +--+------------------------------+-------+---------+---------+
       Total:                         1332    0         498    
                                                               
    C:\ti\ccs2000\ccs\tools\compiler\ti-cgt-armllvm_4.0.1.LTS\lib\armv6m-ti-none-eabi/libclang_rt.builtins.a
       aeabi_uidivmod.S.obj           64      0         0      
       aeabi_memset.S.obj             12      0         0      
       aeabi_memcpy.S.obj             8       0         0      
       aeabi_div0.c.obj               2       0         0      
    +--+------------------------------+-------+---------+---------+
       Total:                         86      0         0      
                                                               
       Heap:                          0       0         512    
       Stack:                         0       0         512    
       Linker Generated:              0       141       0      
    +--+------------------------------+-------+---------+---------+
       Grand Total:                   11060   2622      2759   


LINKER GENERATED COPY TABLES

__TI_cinit_table @ 00003578 records: 2, size/record: 8, table size: 16
	.data: load addr=000034f8, load size=00000069 bytes, run addr=202006f0, run size=000001e1 bytes, compression=lzss
	.bss: load addr=00003570, load size=00000008 bytes, run addr=20200000, run size=000004ec bytes, compression=zero_init


LINKER GENERATED HANDLER TABLE

__TI_handler_table @ 00003564 records: 3, size/record: 4, table size: 12
	index: 0, handler: __TI_decompress_lzss
	index: 1, handler: __TI_decompress_none
	index: 2, handler: __TI_zero_init


GLOBAL SYMBOLS: SORTED ALPHABETICALLY BY Name 

address   name                          
-------   ----                          
00002be9  ADC0_IRQHandler               
00002be9  ADC1_IRQHandler               
00002be9  AES_IRQHandler                
000026b1  ActivatePortA_B               
202008b0  BusFreq                       
00002bf8  C$$EXIT                       
000027b5  C$$IO$$                       
00002be9  CANFD0_IRQHandler             
00002b11  Clock_Delay                   
00002b89  Clock_Freq                    
00000eed  Clock_Init80MHz               
00002be9  DAC0_IRQHandler               
00002be9  DMA_IRQHandler                
00002be9  Default_Handler               
000034e7  EID                           
202001c0  Fleet3Correct                 
20200260  Fleet3Input                   
20200300  Fleet3Test                    
00002be9  GROUP0_IRQHandler             
00002be9  GROUP1_IRQHandler             
00002565  HOSTclose                     
0000209d  HOSTlseek                     
00002245  HOSTopen                      
000023b9  HOSTread                      
00002109  HOSTrename                    
000025ad  HOSTunlink                    
00002411  HOSTwrite                     
00002be9  HardFault_Handler             
00002be9  I2C0_IRQHandler               
00002be9  I2C1_IRQHandler               
00001e39  LaunchPad_Init                
202004e8  M                             
00002b95  MakeActive                    
00002be9  NMI_Handler                   
00002be9  PendSV_Handler                
202008b4  Q1Mode                        
0000323c  Q1Problem                     
202004b0  Q1input16                     
20200450  Q1input32                     
202004c8  Q1input8                      
202008b8  Q2Mode                        
0000332c  Q2Problem                     
000033cc  Q2Test                        
000028f1  Question2                     
00002be9  RTC_IRQHandler                
00002ac1  Random                        
00002a65  Random32                      
00002bed  Reset_Handler                 
00002be9  SPI0_IRQHandler               
00002be9  SPI1_IRQHandler               
00002be9  SVC_Handler                   
00002bf4  SearchForRepeatedValue        
000022a5  ShowInput1_16                 
00002301  ShowInput1_32                 
00002469  ShowInput1_8                  
00002029  ShowInput2                    
00001885  ShowInput3                    
0000194d  ShowInput3b                   
00002be9  SysTick_Handler               
00002be9  TIMA0_IRQHandler              
00002be9  TIMA1_IRQHandler              
00002be9  TIMG0_IRQHandler              
00002be9  TIMG12_IRQHandler             
00002be9  TIMG6_IRQHandler              
00002be9  TIMG7_IRQHandler              
00002be9  TIMG8_IRQHandler              
00002aed  TI_memcpy_small               
00002b79  TI_memset_small               
00000849  Test1_16                      
00000cd1  Test1_32                      
00000a95  Test1_8                       
00003138  Tests1                        
00002e20  Tests2                        
00002fd0  Tests3                        
00002be9  UART0_IRQHandler              
00002be9  UART1_IRQHandler              
00002be9  UART2_IRQHandler              
00002be9  UART3_IRQHandler              
00002a85  UART_InChar                   
0000150d  UART_Init                     
00001d1d  UART_InitPrintf               
00002b21  UART_OutCRLF                  
00002921  UART_OutChar                  
000029f1  UART_OutSDec                  
00002a17  UART_OutString                
000026e9  UART_OutUDec                  
20200000  _CIOBUF_                      
20200000  __CIOBUF_                     
20208000  __STACK_END                   
00000200  __STACK_SIZE                  
00000200  __SYSMEM_SIZE                 
00000000  __TI_ATRegion0_region_sz      
00000000  __TI_ATRegion0_src_addr       
00000000  __TI_ATRegion0_trg_addr       
00000000  __TI_ATRegion1_region_sz      
00000000  __TI_ATRegion1_src_addr       
00000000  __TI_ATRegion1_trg_addr       
00000000  __TI_ATRegion2_region_sz      
00000000  __TI_ATRegion2_src_addr       
00000000  __TI_ATRegion2_trg_addr       
00003578  __TI_CINIT_Base               
00003588  __TI_CINIT_Limit              
00003588  __TI_CINIT_Warm               
00003564  __TI_Handler_Table_Base       
00003570  __TI_Handler_Table_Limit      
00002675  __TI_auto_init_nobinit_nopinit
00002721  __TI_cleanup                  
202008a8  __TI_cleanup_ptr              
00001ebd  __TI_closefile                
00001f39  __TI_decompress_lzss          
00002aff  __TI_decompress_none          
000024c1  __TI_doflush                  
202008ac  __TI_dtors_ptr                
202008bc  __TI_ft_end                   
ffffffff  __TI_pprof_out_hndl           
ffffffff  __TI_prof_data_size           
ffffffff  __TI_prof_data_start          
00002755  __TI_readmsg                  
00000000  __TI_static_base__            
20200120  __TI_tmpnams                  
00002789  __TI_writemsg                 
00002b31  __TI_zero_init                
00001c83  __aeabi_idiv0                 
00002ba1  __aeabi_memclr                
00002ba1  __aeabi_memclr4               
00002ba1  __aeabi_memclr8               
00002bd9  __aeabi_memcpy                
00002bd9  __aeabi_memcpy4               
00002bd9  __aeabi_memcpy8               
000025f5  __aeabi_uidiv                 
000025f5  __aeabi_uidivmod              
ffffffff  __binit__                     
UNDEFED   __mpu_init                    
20207e00  __stack                       
20200000  __start___llvm_prf_bits       
20200000  __start___llvm_prf_cnts       
20200000  __stop___llvm_prf_bits        
20200000  __stop___llvm_prf_cnts        
000029c9  _c_int00_noargs               
202007e0  _device                       
202006f0  _ftable                       
202008c0  _lock                         
00002513  _nop                          
20200858  _stream                       
202004f0  _sys_memory                   
UNDEFED   _system_post_cinit            
00002bf1  _system_pre_init              
202008c4  _unlock                       
00002bf9  abort                         
00001421  add_device                    
0000130d  aligned_alloc                 
20200400  answers1                      
202003a0  answers2                      
ffffffff  binit                         
00002515  close                         
000027bd  exit                          
000027f1  finddevice                    
000028c1  fopen                         
000015f5  free                          
00002825  freopen                       
00002175  getdevice                     
00000000  interruptVectors              
000000c1  main                          
00002bad  malloc                        
0000130d  memalign                      
00001b45  open                          
202004d4  parmbuf                       
00002be1  remove                        
00002859  setUpper                      
000016dd  setvbuf                       
00001db1  strcmp                        
00002bc5  uart_close                    
00002b6b  uart_lseek                    
00002ad9  uart_open                     
00002a3d  uart_read                     
00002bb9  uart_rename                   
00002bcf  uart_unlink                   
0000288d  uart_write                    
0000294d  unlink                        
000029a1  write                         


GLOBAL SYMBOLS: SORTED BY Symbol Address 

address   name                          
-------   ----                          
00000000  __TI_ATRegion0_region_sz      
00000000  __TI_ATRegion0_src_addr       
00000000  __TI_ATRegion0_trg_addr       
00000000  __TI_ATRegion1_region_sz      
00000000  __TI_ATRegion1_src_addr       
00000000  __TI_ATRegion1_trg_addr       
00000000  __TI_ATRegion2_region_sz      
00000000  __TI_ATRegion2_src_addr       
00000000  __TI_ATRegion2_trg_addr       
00000000  __TI_static_base__            
00000000  interruptVectors              
000000c1  main                          
00000200  __STACK_SIZE                  
00000200  __SYSMEM_SIZE                 
00000849  Test1_16                      
00000a95  Test1_8                       
00000cd1  Test1_32                      
00000eed  Clock_Init80MHz               
0000130d  aligned_alloc                 
0000130d  memalign                      
00001421  add_device                    
0000150d  UART_Init                     
000015f5  free                          
000016dd  setvbuf                       
00001885  ShowInput3                    
0000194d  ShowInput3b                   
00001b45  open                          
00001c83  __aeabi_idiv0                 
00001d1d  UART_InitPrintf               
00001db1  strcmp                        
00001e39  LaunchPad_Init                
00001ebd  __TI_closefile                
00001f39  __TI_decompress_lzss          
00002029  ShowInput2                    
0000209d  HOSTlseek                     
00002109  HOSTrename                    
00002175  getdevice                     
00002245  HOSTopen                      
000022a5  ShowInput1_16                 
00002301  ShowInput1_32                 
000023b9  HOSTread                      
00002411  HOSTwrite                     
00002469  ShowInput1_8                  
000024c1  __TI_doflush                  
00002513  _nop                          
00002515  close                         
00002565  HOSTclose                     
000025ad  HOSTunlink                    
000025f5  __aeabi_uidiv                 
000025f5  __aeabi_uidivmod              
00002675  __TI_auto_init_nobinit_nopinit
000026b1  ActivatePortA_B               
000026e9  UART_OutUDec                  
00002721  __TI_cleanup                  
00002755  __TI_readmsg                  
00002789  __TI_writemsg                 
000027b5  C$$IO$$                       
000027bd  exit                          
000027f1  finddevice                    
00002825  freopen                       
00002859  setUpper                      
0000288d  uart_write                    
000028c1  fopen                         
000028f1  Question2                     
00002921  UART_OutChar                  
0000294d  unlink                        
000029a1  write                         
000029c9  _c_int00_noargs               
000029f1  UART_OutSDec                  
00002a17  UART_OutString                
00002a3d  uart_read                     
00002a65  Random32                      
00002a85  UART_InChar                   
00002ac1  Random                        
00002ad9  uart_open                     
00002aed  TI_memcpy_small               
00002aff  __TI_decompress_none          
00002b11  Clock_Delay                   
00002b21  UART_OutCRLF                  
00002b31  __TI_zero_init                
00002b6b  uart_lseek                    
00002b79  TI_memset_small               
00002b89  Clock_Freq                    
00002b95  MakeActive                    
00002ba1  __aeabi_memclr                
00002ba1  __aeabi_memclr4               
00002ba1  __aeabi_memclr8               
00002bad  malloc                        
00002bb9  uart_rename                   
00002bc5  uart_close                    
00002bcf  uart_unlink                   
00002bd9  __aeabi_memcpy                
00002bd9  __aeabi_memcpy4               
00002bd9  __aeabi_memcpy8               
00002be1  remove                        
00002be9  ADC0_IRQHandler               
00002be9  ADC1_IRQHandler               
00002be9  AES_IRQHandler                
00002be9  CANFD0_IRQHandler             
00002be9  DAC0_IRQHandler               
00002be9  DMA_IRQHandler                
00002be9  Default_Handler               
00002be9  GROUP0_IRQHandler             
00002be9  GROUP1_IRQHandler             
00002be9  HardFault_Handler             
00002be9  I2C0_IRQHandler               
00002be9  I2C1_IRQHandler               
00002be9  NMI_Handler                   
00002be9  PendSV_Handler                
00002be9  RTC_IRQHandler                
00002be9  SPI0_IRQHandler               
00002be9  SPI1_IRQHandler               
00002be9  SVC_Handler                   
00002be9  SysTick_Handler               
00002be9  TIMA0_IRQHandler              
00002be9  TIMA1_IRQHandler              
00002be9  TIMG0_IRQHandler              
00002be9  TIMG12_IRQHandler             
00002be9  TIMG6_IRQHandler              
00002be9  TIMG7_IRQHandler              
00002be9  TIMG8_IRQHandler              
00002be9  UART0_IRQHandler              
00002be9  UART1_IRQHandler              
00002be9  UART2_IRQHandler              
00002be9  UART3_IRQHandler              
00002bed  Reset_Handler                 
00002bf1  _system_pre_init              
00002bf4  SearchForRepeatedValue        
00002bf8  C$$EXIT                       
00002bf9  abort                         
00002e20  Tests2                        
00002fd0  Tests3                        
00003138  Tests1                        
0000323c  Q1Problem                     
0000332c  Q2Problem                     
000033cc  Q2Test                        
000034e7  EID                           
00003564  __TI_Handler_Table_Base       
00003570  __TI_Handler_Table_Limit      
00003578  __TI_CINIT_Base               
00003588  __TI_CINIT_Limit              
00003588  __TI_CINIT_Warm               
20200000  _CIOBUF_                      
20200000  __CIOBUF_                     
20200000  __start___llvm_prf_bits       
20200000  __start___llvm_prf_cnts       
20200000  __stop___llvm_prf_bits        
20200000  __stop___llvm_prf_cnts        
20200120  __TI_tmpnams                  
202001c0  Fleet3Correct                 
20200260  Fleet3Input                   
20200300  Fleet3Test                    
202003a0  answers2                      
20200400  answers1                      
20200450  Q1input32                     
202004b0  Q1input16                     
202004c8  Q1input8                      
202004d4  parmbuf                       
202004e8  M                             
202004f0  _sys_memory                   
202006f0  _ftable                       
202007e0  _device                       
20200858  _stream                       
202008a8  __TI_cleanup_ptr              
202008ac  __TI_dtors_ptr                
202008b0  BusFreq                       
202008b4  Q1Mode                        
202008b8  Q2Mode                        
202008bc  __TI_ft_end                   
202008c0  _lock                         
202008c4  _unlock                       
20207e00  __stack                       
20208000  __STACK_END                   
ffffffff  __TI_pprof_out_hndl           
ffffffff  __TI_prof_data_size           
ffffffff  __TI_prof_data_start          
ffffffff  __binit__                     
ffffffff  binit                         
UNDEFED   __mpu_init                    
UNDEFED   _system_post_cinit            

[180 symbols]
